Archive member included to satisfy reference by file (symbol)

/home/users/aag/code/gcc-arm-none-eabi-7-2018-q2-update/bin/../lib/gcc/arm-none-eabi/7.3.1/../../../../arm-none-eabi/lib/thumb/v6-m/libstdc++_nano.a(atexit_arm.o)
                              build/main.o (__aeabi_atexit)
/home/users/aag/code/gcc-arm-none-eabi-7-2018-q2-update/bin/../lib/gcc/arm-none-eabi/7.3.1/../../../../arm-none-eabi/lib/thumb/v6-m/libstdc++_nano.a(functional.o)
                              build/main.o (std::__throw_bad_function_call())
/home/users/aag/code/gcc-arm-none-eabi-7-2018-q2-update/bin/../lib/gcc/arm-none-eabi/7.3.1/../../../../arm-none-eabi/lib/thumb/v6-m/libstdc++_nano.a(eh_exception.o)
                              /home/users/aag/code/gcc-arm-none-eabi-7-2018-q2-update/bin/../lib/gcc/arm-none-eabi/7.3.1/../../../../arm-none-eabi/lib/thumb/v6-m/libstdc++_nano.a(functional.o) (std::exception::~exception())
/home/users/aag/code/gcc-arm-none-eabi-7-2018-q2-update/bin/../lib/gcc/arm-none-eabi/7.3.1/../../../../arm-none-eabi/lib/thumb/v6-m/libstdc++_nano.a(del_op.o)
                              /home/users/aag/code/gcc-arm-none-eabi-7-2018-q2-update/bin/../lib/gcc/arm-none-eabi/7.3.1/../../../../arm-none-eabi/lib/thumb/v6-m/libstdc++_nano.a(functional.o) (operator delete(void*))
/home/users/aag/code/gcc-arm-none-eabi-7-2018-q2-update/bin/../lib/gcc/arm-none-eabi/7.3.1/../../../../arm-none-eabi/lib/thumb/v6-m/libstdc++_nano.a(pure.o)
                              /home/users/aag/code/gcc-arm-none-eabi-7-2018-q2-update/bin/../lib/gcc/arm-none-eabi/7.3.1/../../../../arm-none-eabi/lib/thumb/v6-m/libstdc++_nano.a(eh_exception.o) (__cxa_pure_virtual)
/home/users/aag/code/gcc-arm-none-eabi-7-2018-q2-update/bin/../lib/gcc/arm-none-eabi/7.3.1/../../../../arm-none-eabi/lib/thumb/v6-m/libstdc++_nano.a(eh_terminate.o)
                              /home/users/aag/code/gcc-arm-none-eabi-7-2018-q2-update/bin/../lib/gcc/arm-none-eabi/7.3.1/../../../../arm-none-eabi/lib/thumb/v6-m/libstdc++_nano.a(pure.o) (std::terminate())
/home/users/aag/code/gcc-arm-none-eabi-7-2018-q2-update/bin/../lib/gcc/arm-none-eabi/7.3.1/../../../../arm-none-eabi/lib/thumb/v6-m/libstdc++_nano.a(del_ops.o)
                              /home/users/aag/code/gcc-arm-none-eabi-7-2018-q2-update/bin/../lib/gcc/arm-none-eabi/7.3.1/../../../../arm-none-eabi/lib/thumb/v6-m/libstdc++_nano.a(eh_exception.o) (operator delete(void*, unsigned int))
/home/users/aag/code/gcc-arm-none-eabi-7-2018-q2-update/bin/../lib/gcc/arm-none-eabi/7.3.1/../../../../arm-none-eabi/lib/thumb/v6-m/libstdc++_nano.a(si_class_type_info.o)
                              /home/users/aag/code/gcc-arm-none-eabi-7-2018-q2-update/bin/../lib/gcc/arm-none-eabi/7.3.1/../../../../arm-none-eabi/lib/thumb/v6-m/libstdc++_nano.a(functional.o) (vtable for __cxxabiv1::__si_class_type_info)
/home/users/aag/code/gcc-arm-none-eabi-7-2018-q2-update/bin/../lib/gcc/arm-none-eabi/7.3.1/../../../../arm-none-eabi/lib/thumb/v6-m/libstdc++_nano.a(tinfo.o)
                              /home/users/aag/code/gcc-arm-none-eabi-7-2018-q2-update/bin/../lib/gcc/arm-none-eabi/7.3.1/../../../../arm-none-eabi/lib/thumb/v6-m/libstdc++_nano.a(si_class_type_info.o) (std::type_info::__is_pointer_p() const)
/home/users/aag/code/gcc-arm-none-eabi-7-2018-q2-update/bin/../lib/gcc/arm-none-eabi/7.3.1/../../../../arm-none-eabi/lib/thumb/v6-m/libstdc++_nano.a(class_type_info.o)
                              /home/users/aag/code/gcc-arm-none-eabi-7-2018-q2-update/bin/../lib/gcc/arm-none-eabi/7.3.1/../../../../arm-none-eabi/lib/thumb/v6-m/libstdc++_nano.a(si_class_type_info.o) (__cxxabiv1::__class_type_info::__do_upcast(__cxxabiv1::__class_type_info const*, void**) const)
/home/users/aag/code/gcc-arm-none-eabi-7-2018-q2-update/bin/../lib/gcc/arm-none-eabi/7.3.1/../../../../arm-none-eabi/lib/thumb/v6-m/libstdc++_nano.a(eh_term_handler.o)
                              /home/users/aag/code/gcc-arm-none-eabi-7-2018-q2-update/bin/../lib/gcc/arm-none-eabi/7.3.1/../../../../arm-none-eabi/lib/thumb/v6-m/libstdc++_nano.a(eh_terminate.o) (__cxxabiv1::__terminate_handler)
/home/users/aag/code/gcc-arm-none-eabi-7-2018-q2-update/bin/../lib/gcc/arm-none-eabi/7.3.1/../../../../arm-none-eabi/lib/thumb/v6-m/libstdc++_nano.a(eh_unex_handler.o)
                              /home/users/aag/code/gcc-arm-none-eabi-7-2018-q2-update/bin/../lib/gcc/arm-none-eabi/7.3.1/../../../../arm-none-eabi/lib/thumb/v6-m/libstdc++_nano.a(eh_terminate.o) (__cxxabiv1::__unexpected_handler)
/home/users/aag/code/gcc-arm-none-eabi-7-2018-q2-update/bin/../lib/gcc/arm-none-eabi/7.3.1/../../../../arm-none-eabi/lib/thumb/v6-m/libc_nano.a(lib_a-abort.o)
                              /home/users/aag/code/gcc-arm-none-eabi-7-2018-q2-update/bin/../lib/gcc/arm-none-eabi/7.3.1/../../../../arm-none-eabi/lib/thumb/v6-m/libstdc++_nano.a(functional.o) (abort)
[...]
Memory Configuration

Name             Origin             Length             Attributes
RAM              0x0000000020000000 0x0000000000001000 xrw
FLASH            0x0000000008000000 0x0000000000008000 xr
*default*        0x0000000000000000 0xffffffffffffffff

Linker script and memory map

LOAD /home/users/aag/code/gcc-arm-none-eabi-7-2018-q2-update/bin/../lib/gcc/arm-none-eabi/7.3.1/thumb/v6-m/crti.o
LOAD /home/users/aag/code/gcc-arm-none-eabi-7-2018-q2-update/bin/../lib/gcc/arm-none-eabi/7.3.1/thumb/v6-m/crtbegin.o
LOAD /home/users/aag/code/gcc-arm-none-eabi-7-2018-q2-update/bin/../lib/gcc/arm-none-eabi/7.3.1/../../../../arm-none-eabi/lib/thumb/v6-m/crt0.o
LOAD build/main.o
LOAD build/startup_stm32f030x6.o
LOAD /home/users/aag/code/gcc-arm-none-eabi-7-2018-q2-update/bin/../lib/gcc/arm-none-eabi/7.3.1/../../../../arm-none-eabi/lib/thumb/v6-m/libnosys.a
LOAD /home/users/aag/code/gcc-arm-none-eabi-7-2018-q2-update/bin/../lib/gcc/arm-none-eabi/7.3.1/../../../../arm-none-eabi/lib/thumb/v6-m/libstdc++_nano.a
LOAD /home/users/aag/code/gcc-arm-none-eabi-7-2018-q2-update/bin/../lib/gcc/arm-none-eabi/7.3.1/../../../../arm-none-eabi/lib/thumb/v6-m/libm.a
LOAD /home/users/aag/code/gcc-arm-none-eabi-7-2018-q2-update/bin/../lib/gcc/arm-none-eabi/7.3.1/../../../../arm-none-eabi/lib/thumb/v6-m/libc_nano.a
START GROUP
LOAD /home/users/aag/code/gcc-arm-none-eabi-7-2018-q2-update/bin/../lib/gcc/arm-none-eabi/7.3.1/thumb/v6-m/libgcc.a
LOAD /home/users/aag/code/gcc-arm-none-eabi-7-2018-q2-update/bin/../lib/gcc/arm-none-eabi/7.3.1/../../../../arm-none-eabi/lib/thumb/v6-m/libc_nano.a
END GROUP
START GROUP
LOAD /home/users/aag/code/gcc-arm-none-eabi-7-2018-q2-update/bin/../lib/gcc/arm-none-eabi/7.3.1/thumb/v6-m/libgcc.a
LOAD /home/users/aag/code/gcc-arm-none-eabi-7-2018-q2-update/bin/../lib/gcc/arm-none-eabi/7.3.1/../../../../arm-none-eabi/lib/thumb/v6-m/libc_nano.a
LOAD /home/users/aag/code/gcc-arm-none-eabi-7-2018-q2-update/bin/../lib/gcc/arm-none-eabi/7.3.1/../../../../arm-none-eabi/lib/thumb/v6-m/libnosys.a
END GROUP
START GROUP
LOAD /home/users/aag/code/gcc-arm-none-eabi-7-2018-q2-update/bin/../lib/gcc/arm-none-eabi/7.3.1/thumb/v6-m/libgcc.a
LOAD /home/users/aag/code/gcc-arm-none-eabi-7-2018-q2-update/bin/../lib/gcc/arm-none-eabi/7.3.1/../../../../arm-none-eabi/lib/thumb/v6-m/libc_nano.a
LOAD /home/users/aag/code/gcc-arm-none-eabi-7-2018-q2-update/bin/../lib/gcc/arm-none-eabi/7.3.1/../../../../arm-none-eabi/lib/thumb/v6-m/libnosys.a
END GROUP
LOAD /home/users/aag/code/gcc-arm-none-eabi-7-2018-q2-update/bin/../lib/gcc/arm-none-eabi/7.3.1/thumb/v6-m/crtend.o
LOAD /home/users/aag/code/gcc-arm-none-eabi-7-2018-q2-update/bin/../lib/gcc/arm-none-eabi/7.3.1/thumb/v6-m/crtn.o
                0x0000000020001000                _estack = 0x20001000
                0x0000000000000200                _Min_Heap_Size = 0x200
                0x0000000000000400                _Min_Stack_Size = 0x400

.isr_vector     0x0000000008000000       0xc0
                0x0000000008000000                . = ALIGN (0x4)
 *(.isr_vector)
 .isr_vector    0x0000000008000000       0xc0 build/startup_stm32f030x6.o
                0x0000000008000000                g_pfnVectors
                0x00000000080000c0                . = ALIGN (0x4)

.text           0x00000000080000c0     0x41b4
                0x00000000080000c0                . = ALIGN (0x4)
 *(.text)
 .text          0x00000000080000c0       0x48 /home/users/aag/code/gcc-arm-none-eabi-7-2018-q2-update/bin/../lib/gcc/arm-none-eabi/7.3.1/thumb/v6-m/crtbegin.o
 .text          0x0000000008000108       0x14 /home/users/aag/code/gcc-arm-none-eabi-7-2018-q2-update/bin/../lib/gcc/arm-none-eabi/7.3.1/thumb/v6-m/libgcc.a(_thumb1_case_uhi.o)
                0x0000000008000108                __gnu_thumb1_case_uhi
 .text          0x000000000800011c      0x114 /home/users/aag/code/gcc-arm-none-eabi-7-2018-q2-update/bin/../lib/gcc/arm-none-eabi/7.3.1/thumb/v6-m/libgcc.a(_udivsi3.o)
                0x000000000800011c                __udivsi3
                0x000000000800011c                __aeabi_uidiv
                0x0000000008000228                __aeabi_uidivmod
 .text          0x0000000008000230      0x1d4 /home/users/aag/code/gcc-arm-none-eabi-7-2018-q2-update/bin/../lib/gcc/arm-none-eabi/7.3.1/thumb/v6-m/libgcc.a(_divsi3.o)
                0x0000000008000230                __aeabi_idiv
                0x0000000008000230                __divsi3
                0x00000000080003fc                __aeabi_idivmod
 .text          0x0000000008000404        0x4 /home/users/aag/code/gcc-arm-none-eabi-7-2018-q2-update/bin/../lib/gcc/arm-none-eabi/7.3.1/thumb/v6-m/libgcc.a(_dvmd_tls.o)
                0x0000000008000404                __aeabi_ldiv0
                0x0000000008000404                __aeabi_idiv0
 *(.text*)
 .text.NVIC_EnableIRQ
                0x0000000008000408       0x14 build/main.o
 .text._ZN5Timer6notifyEv
                0x000000000800041c        0x8 build/main.o
                0x000000000800041c                Timer::notify()
 .text._ZNSt14_Function_base13_Base_managerIZZN3UZVIZ4mainE10Flash_data3SSIIN3mcu4Pin_ILNS4_6PeriphE4ELi10EEENS5_ILS6_4ELi2EEENS5_ILS6_4ELi0EEENS5_ILS6_3ELi7EEENS5_ILS6_3ELi6EEENS5_ILS6_4ELi12EEENS5_ILS6_4ELi11EEENS5_ILS6_4ELi1EEEJNS5_ILS6_4ELi3EEENS5_ILS6_3ELi15EEENS5_ILS6_4ELi9EEENS5_ILS6_4ELi8EEENS5_ILS6_4ELi7EEENS5_ILS6_4ELi6EEEEEE17init_set_max_tempEvENKUlvE_clEvEUlvE_E10_M_managerERSt9_Any_dataRKSQ_St18_Manager_operation
                0x0000000008000424       0x16 build/main.o
 .text._ZNSt14_Function_base13_Base_managerIZZN3UZVIZ4mainE10Flash_data3SSIIN3mcu4Pin_ILNS4_6PeriphE4ELi10EEENS5_ILS6_4ELi2EEENS5_ILS6_4ELi0EEENS5_ILS6_3ELi7EEENS5_ILS6_3ELi6EEENS5_ILS6_4ELi12EEENS5_ILS6_4ELi11EEENS5_ILS6_4ELi1EEEJNS5_ILS6_4ELi3EEENS5_ILS6_3ELi15EEENS5_ILS6_4ELi9EEENS5_ILS6_4ELi8EEENS5_ILS6_4ELi7EEENS5_ILS6_4ELi6EEEEEE17init_set_max_tempEvENKUlvE_clEvEUlvE0_E10_M_managerERSt9_Any_dataRKSQ_St18_Manager_operation
                0x000000000800043a       0x16 build/main.o
 .text._ZNSt14_Function_base13_Base_managerIZN3UZVIZ4mainE10Flash_data3SSIIN3mcu4Pin_ILNS4_6PeriphE4ELi10EEENS5_ILS6_4ELi2EEENS5_ILS6_4ELi0EEENS5_ILS6_3ELi7EEENS5_ILS6_3ELi6EEENS5_ILS6_4ELi12EEENS5_ILS6_4ELi11EEENS5_ILS6_4ELi1EEEJNS5_ILS6_4ELi3EEENS5_ILS6_3ELi15EEENS5_ILS6_4ELi9EEENS5_ILS6_4ELi8EEENS5_ILS6_4ELi7EEENS5_ILS6_4ELi6EEEEEE17init_set_max_tempEvEUlvE_E10_M_managerERSt9_Any_dataRKSP_St18_Manager_operation
                0x0000000008000450       0x16 build/main.o
 .text._ZNSt14_Function_base13_Base_managerIZZN3UZVIZ4mainE10Flash_data3SSIIN3mcu4Pin_ILNS4_6PeriphE4ELi10EEENS5_ILS6_4ELi2EEENS5_ILS6_4ELi0EEENS5_ILS6_3ELi7EEENS5_ILS6_3ELi6EEENS5_ILS6_4ELi12EEENS5_ILS6_4ELi11EEENS5_ILS6_4ELi1EEEJNS5_ILS6_4ELi3EEENS5_ILS6_3ELi15EEENS5_ILS6_4ELi9EEENS5_ILS6_4ELi8EEENS5_ILS6_4ELi7EEENS5_ILS6_4ELi6EEEEEE17init_set_max_timeEvENKUlvE_clEvEUlvE_E10_M_managerERSt9_Any_dataRKSQ_St18_Manager_operation
                0x0000000008000466       0x16 build/main.o
 .text._ZNSt14_Function_base13_Base_managerIZZN3UZVIZ4mainE10Flash_data3SSIIN3mcu4Pin_ILNS4_6PeriphE4ELi10EEENS5_ILS6_4ELi2EEENS5_ILS6_4ELi0EEENS5_ILS6_3ELi7EEENS5_ILS6_3ELi6EEENS5_ILS6_4ELi12EEENS5_ILS6_4ELi11EEENS5_ILS6_4ELi1EEEJNS5_ILS6_4ELi3EEENS5_ILS6_3ELi15EEENS5_ILS6_4ELi9EEENS5_ILS6_4ELi8EEENS5_ILS6_4ELi7EEENS5_ILS6_4ELi6EEEEEE17init_set_max_timeEvENKUlvE_clEvEUlvE0_E10_M_managerERSt9_Any_dataRKSQ_St18_Manager_operation
                0x000000000800047c       0x16 build/main.o
 .text._ZNSt14_Function_base13_Base_managerIZN3UZVIZ4mainE10Flash_data3SSIIN3mcu4Pin_ILNS4_6PeriphE4ELi10EEENS5_ILS6_4ELi2EEENS5_ILS6_4ELi0EEENS5_ILS6_3ELi7EEENS5_ILS6_3ELi6EEENS5_ILS6_4ELi12EEENS5_ILS6_4ELi11EEENS5_ILS6_4ELi1EEEJNS5_ILS6_4ELi3EEENS5_ILS6_3ELi15EEENS5_ILS6_4ELi9EEENS5_ILS6_4ELi8EEENS5_ILS6_4ELi7EEENS5_ILS6_4ELi6EEEEEE17init_set_max_timeEvEUlvE_E10_M_managerERSt9_Any_dataRKSP_St18_Manager_operation
                0x0000000008000492       0x16 build/main.o
 .text._ZNSt14_Function_base13_Base_managerIZN3UZVIZ4mainE10Flash_data3SSIIN3mcu4Pin_ILNS4_6PeriphE4ELi10EEENS5_ILS6_4ELi2EEENS5_ILS6_4ELi0EEENS5_ILS6_3ELi7EEENS5_ILS6_3ELi6EEENS5_ILS6_4ELi12EEENS5_ILS6_4ELi11EEENS5_ILS6_4ELi1EEEJNS5_ILS6_4ELi3EEENS5_ILS6_3ELi15EEENS5_ILS6_4ELi9EEENS5_ILS6_4ELi8EEENS5_ILS6_4ELi7EEENS5_ILS6_4ELi6EEEEEE9init_modeEvEUlvE_E10_M_managerERSt9_Any_dataRKSP_St18_Manager_operation
                0x00000000080004a8       0x16 build/main.o
 .text._ZNSt14_Function_base13_Base_managerIZN3UZVIZ4mainE10Flash_data3SSIIN3mcu4Pin_ILNS4_6PeriphE4ELi10EEENS5_ILS6_4ELi2EEENS5_ILS6_4ELi0EEENS5_ILS6_3ELi7EEENS5_ILS6_3ELi6EEENS5_ILS6_4ELi12EEENS5_ILS6_4ELi11EEENS5_ILS6_4ELi1EEEJNS5_ILS6_4ELi3EEENS5_ILS6_3ELi15EEENS5_ILS6_4ELi9EEENS5_ILS6_4ELi8EEENS5_ILS6_4ELi7EEENS5_ILS6_4ELi6EEEEEE9init_timeEvEUlvE_E10_M_managerERSt9_Any_dataRKSP_St18_Manager_operation
                0x00000000080004be       0x16 build/main.o
 .text._ZNSt14_Function_base13_Base_managerIZN3UZVIZ4mainE10Flash_data3SSIIN3mcu4Pin_ILNS4_6PeriphE4ELi10EEENS5_ILS6_4ELi2EEENS5_ILS6_4ELi0EEENS5_ILS6_3ELi7EEENS5_ILS6_3ELi6EEENS5_ILS6_4ELi12EEENS5_ILS6_4ELi11EEENS5_ILS6_4ELi1EEEJNS5_ILS6_4ELi3EEENS5_ILS6_3ELi15EEENS5_ILS6_4ELi9EEENS5_ILS6_4ELi8EEENS5_ILS6_4ELi7EEENS5_ILS6_4ELi6EEEEEE9init_timeEvEUlvE0_E10_M_managerERSt9_Any_dataRKSP_St18_Manager_operation
                0x00000000080004d4       0x16 build/main.o
 .text._ZNSt14_Function_base13_Base_managerIZN3UZVIZ4mainE10Flash_data3SSIIN3mcu4Pin_ILNS4_6PeriphE4ELi10EEENS5_ILS6_4ELi2EEENS5_ILS6_4ELi0EEENS5_ILS6_3ELi7EEENS5_ILS6_3ELi6EEENS5_ILS6_4ELi12EEENS5_ILS6_4ELi11EEENS5_ILS6_4ELi1EEEJNS5_ILS6_4ELi3EEENS5_ILS6_3ELi15EEENS5_ILS6_4ELi9EEENS5_ILS6_4ELi8EEENS5_ILS6_4ELi7EEENS5_ILS6_4ELi6EEEEEE9init_timeEvEUlT_E1_E10_M_managerERSt9_Any_dataRKSQ_St18_Manager_operation
                0x00000000080004ea       0x16 build/main.o
 .text._ZNSt14_Function_base13_Base_managerIZN3UZVIZ4mainE10Flash_data3SSIIN3mcu4Pin_ILNS4_6PeriphE4ELi10EEENS5_ILS6_4ELi2EEENS5_ILS6_4ELi0EEENS5_ILS6_3ELi7EEENS5_ILS6_3ELi6EEENS5_ILS6_4ELi12EEENS5_ILS6_4ELi11EEENS5_ILS6_4ELi1EEEJNS5_ILS6_4ELi3EEENS5_ILS6_3ELi15EEENS5_ILS6_4ELi9EEENS5_ILS6_4ELi8EEENS5_ILS6_4ELi7EEENS5_ILS6_4ELi6EEEEEE9init_timeEvEUlT_E2_E10_M_managerERSt9_Any_dataRKSQ_St18_Manager_operation
                0x0000000008000500       0x16 build/main.o
 .text._ZNSt14_Function_base13_Base_managerIZN3UZVIZ4mainE10Flash_data3SSIIN3mcu4Pin_ILNS4_6PeriphE4ELi10EEENS5_ILS6_4ELi2EEENS5_ILS6_4ELi0EEENS5_ILS6_3ELi7EEENS5_ILS6_3ELi6EEENS5_ILS6_4ELi12EEENS5_ILS6_4ELi11EEENS5_ILS6_4ELi1EEEJNS5_ILS6_4ELi3EEENS5_ILS6_3ELi15EEENS5_ILS6_4ELi9EEENS5_ILS6_4ELi8EEENS5_ILS6_4ELi7EEENS5_ILS6_4ELi6EEEEEE10init_startEvEUlvE_E10_M_managerERSt9_Any_dataRKSP_St18_Manager_operation
                0x0000000008000516       0x16 build/main.o
 .text._ZNSt14_Function_base13_Base_managerIZN3UZVIZ4mainE10Flash_data3SSIIN3mcu4Pin_ILNS4_6PeriphE4ELi10EEENS5_ILS6_4ELi2EEENS5_ILS6_4ELi0EEENS5_ILS6_3ELi7EEENS5_ILS6_3ELi6EEENS5_ILS6_4ELi12EEENS5_ILS6_4ELi11EEENS5_ILS6_4ELi1EEEJNS5_ILS6_4ELi3EEENS5_ILS6_3ELi15EEENS5_ILS6_4ELi9EEENS5_ILS6_4ELi8EEENS5_ILS6_4ELi7EEENS5_ILS6_4ELi6EEEEEE10init_startEvEUlvE0_E10_M_managerERSt9_Any_dataRKSP_St18_Manager_operation
                0x000000000800052c       0x16 build/main.o
 .text._ZNSt14_Function_base13_Base_managerIZN3UZVIZ4mainE10Flash_data3SSIIN3mcu4Pin_ILNS4_6PeriphE4ELi10EEENS5_ILS6_4ELi2EEENS5_ILS6_4ELi0EEENS5_ILS6_3ELi7EEENS5_ILS6_3ELi6EEENS5_ILS6_4ELi12EEENS5_ILS6_4ELi11EEENS5_ILS6_4ELi1EEEJNS5_ILS6_4ELi3EEENS5_ILS6_3ELi15EEENS5_ILS6_4ELi9EEENS5_ILS6_4ELi8EEENS5_ILS6_4ELi7EEENS5_ILS6_4ELi6EEEEEE9init_tempEvEUlvE_E10_M_managerERSt9_Any_dataRKSP_St18_Manager_operation
                0x0000000008000542       0x16 build/main.o
 .text._ZNSt14_Function_base13_Base_managerIZN3UZVIZ4mainE10Flash_data3SSIIN3mcu4Pin_ILNS4_6PeriphE4ELi10EEENS5_ILS6_4ELi2EEENS5_ILS6_4ELi0EEENS5_ILS6_3ELi7EEENS5_ILS6_3ELi6EEENS5_ILS6_4ELi12EEENS5_ILS6_4ELi11EEENS5_ILS6_4ELi1EEEJNS5_ILS6_4ELi3EEENS5_ILS6_3ELi15EEENS5_ILS6_4ELi9EEENS5_ILS6_4ELi8EEENS5_ILS6_4ELi7EEENS5_ILS6_4ELi6EEEEEE9init_tempEvEUlvE0_E10_M_managerERSt9_Any_dataRKSP_St18_Manager_operation
                0x0000000008000558       0x16 build/main.o
 .text._ZNSt14_Function_base13_Base_managerIZN3UZVIZ4mainE10Flash_data3SSIIN3mcu4Pin_ILNS4_6PeriphE4ELi10EEENS5_ILS6_4ELi2EEENS5_ILS6_4ELi0EEENS5_ILS6_3ELi7EEENS5_ILS6_3ELi6EEENS5_ILS6_4ELi12EEENS5_ILS6_4ELi11EEENS5_ILS6_4ELi1EEEJNS5_ILS6_4ELi3EEENS5_ILS6_3ELi15EEENS5_ILS6_4ELi9EEENS5_ILS6_4ELi8EEENS5_ILS6_4ELi7EEENS5_ILS6_4ELi6EEEEEE9init_tempEvEUlT_E1_E10_M_managerERSt9_Any_dataRKSQ_St18_Manager_operation
                0x000000000800056e       0x16 build/main.o
 .text._ZNSt14_Function_base13_Base_managerIZN3UZVIZ4mainE10Flash_data3SSIIN3mcu4Pin_ILNS4_6PeriphE4ELi10EEENS5_ILS6_4ELi2EEENS5_ILS6_4ELi0EEENS5_ILS6_3ELi7EEENS5_ILS6_3ELi6EEENS5_ILS6_4ELi12EEENS5_ILS6_4ELi11EEENS5_ILS6_4ELi1EEEJNS5_ILS6_4ELi3EEENS5_ILS6_3ELi15EEENS5_ILS6_4ELi9EEENS5_ILS6_4ELi8EEENS5_ILS6_4ELi7EEENS5_ILS6_4ELi6EEEEEE9init_tempEvEUlT_E2_E10_M_managerERSt9_Any_dataRKSQ_St18_Manager_operation
                0x0000000008000584       0x16 build/main.o
 .text._ZSt9__find_ifIPbN9__gnu_cxx5__ops12_Iter_negateIZZN18Flash_updater_implIZ4mainE10Flash_dataJLN3mcu5FLASH6SectorE26ELS8_25EEE7is_readEvENKUlvE_clEvEUlRT_E_EEESB_SB_SB_T0_St26random_access_iterator_tag.isra.23
                0x000000000800059a       0x5c build/main.o
 .text._ZSt9__find_ifIPbN9__gnu_cxx5__ops10_Iter_predIZN18Flash_updater_implIZ4mainE10Flash_dataJLN3mcu5FLASH6SectorE26ELS8_25EEE7is_readEvEUlRT_E2_EEESA_SA_SA_T0_St26random_access_iterator_tag.isra.34
                0x00000000080005f6       0x5c build/main.o
 .text._ZN9Interrupt9interruptEv.isra.122
                0x0000000008000652       0x16 build/main.o
 .text._ZN3mcu5FLASH6unlockEv
                0x0000000008000668       0x18 build/main.o
                0x0000000008000668                mcu::FLASH::unlock()
 .text._ZN3mcu5FLASH11start_eraseENS0_6SectorE
                0x0000000008000680       0x24 build/main.o
                0x0000000008000680                mcu::FLASH::start_erase(mcu::FLASH::Sector)
 .text._ZN18Flash_updater_implIZ4mainE10Flash_dataJLN3mcu5FLASH6SectorE26ELS3_25EEE6notifyEv
                0x00000000080006a4      0x238 build/main.o
 .text._ZN9Publisher6notifyEv
                0x00000000080008dc       0x16 build/main.o
                0x00000000080008dc                Publisher::notify()
 .text._ZNSt14_Function_baseD2Ev
                0x00000000080008f2       0x14 build/main.o
                0x00000000080008f2                std::_Function_base::~_Function_base()
                0x00000000080008f2                std::_Function_base::~_Function_base()
 *fill*         0x0000000008000906        0x2 
 .text._ZN11ADC_averageD2Ev
                0x0000000008000908       0x18 build/main.o
                0x0000000008000908                ADC_average::~ADC_average()
                0x0000000008000908                ADC_average::~ADC_average()
 .text._ZN3UZVIZ4mainE10Flash_data3SSIIN3mcu4Pin_ILNS2_6PeriphE4ELi10EEENS3_ILS4_4ELi2EEENS3_ILS4_4ELi0EEENS3_ILS4_3ELi7EEENS3_ILS4_3ELi6EEENS3_ILS4_4ELi12EEENS3_ILS4_4ELi11EEENS3_ILS4_4ELi1EEEJNS3_ILS4_4ELi3EEENS3_ILS4_3ELi15EEENS3_ILS4_4ELi9EEENS3_ILS4_4ELi8EEENS3_ILS4_4ELi7EEENS3_ILS4_4ELi6EEEEEE10init_startEv
                0x0000000008000920       0x54 build/main.o
 .text._ZN3UZVIZ4mainE10Flash_data3SSIIN3mcu4Pin_ILNS2_6PeriphE4ELi10EEENS3_ILS4_4ELi2EEENS3_ILS4_4ELi0EEENS3_ILS4_3ELi7EEENS3_ILS4_3ELi6EEENS3_ILS4_4ELi12EEENS3_ILS4_4ELi11EEENS3_ILS4_4ELi1EEEJNS3_ILS4_4ELi3EEENS3_ILS4_3ELi15EEENS3_ILS4_4ELi9EEENS3_ILS4_4ELi8EEENS3_ILS4_4ELi7EEENS3_ILS4_4ELi6EEEEEE9init_tempEv
                0x0000000008000974       0x98 build/main.o
 .text._ZN3UZVIZ4mainE10Flash_data3SSIIN3mcu4Pin_ILNS2_6PeriphE4ELi10EEENS3_ILS4_4ELi2EEENS3_ILS4_4ELi0EEENS3_ILS4_3ELi7EEENS3_ILS4_3ELi6EEENS3_ILS4_4ELi12EEENS3_ILS4_4ELi11EEENS3_ILS4_4ELi1EEEJNS3_ILS4_4ELi3EEENS3_ILS4_3ELi15EEENS3_ILS4_4ELi9EEENS3_ILS4_4ELi8EEENS3_ILS4_4ELi7EEENS3_ILS4_4ELi6EEEEEE12deinit_startEv
                0x0000000008000a0c       0x32 build/main.o
 .text._ZN3UZVIZ4mainE10Flash_data3SSIIN3mcu4Pin_ILNS2_6PeriphE4ELi10EEENS3_ILS4_4ELi2EEENS3_ILS4_4ELi0EEENS3_ILS4_3ELi7EEENS3_ILS4_3ELi6EEENS3_ILS4_4ELi12EEENS3_ILS4_4ELi11EEENS3_ILS4_4ELi1EEEJNS3_ILS4_4ELi3EEENS3_ILS4_3ELi15EEENS3_ILS4_4ELi9EEENS3_ILS4_4ELi8EEENS3_ILS4_4ELi7EEENS3_ILS4_4ELi6EEEEEE11deinit_tempEv
                0x0000000008000a3e       0x56 build/main.o
 .text._ZN3UZVIZ4mainE10Flash_data3SSIIN3mcu4Pin_ILNS2_6PeriphE4ELi10EEENS3_ILS4_4ELi2EEENS3_ILS4_4ELi0EEENS3_ILS4_3ELi7EEENS3_ILS4_3ELi6EEENS3_ILS4_4ELi12EEENS3_ILS4_4ELi11EEENS3_ILS4_4ELi1EEEJNS3_ILS4_4ELi3EEENS3_ILS4_3ELi15EEENS3_ILS4_4ELi9EEENS3_ILS4_4ELi8EEENS3_ILS4_4ELi7EEENS3_ILS4_4ELi6EEEEEE6deinitEv
                0x0000000008000a94       0x78 build/main.o
 .text._ZN11TickUpdater9interruptEv
                0x0000000008000b0c       0x22 build/main.o
                0x0000000008000b0c                TickUpdater::interrupt()
 *fill*         0x0000000008000b2e        0x2 
 .text.SysTick_Handler
                0x0000000008000b30       0x10 build/main.o
                0x0000000008000b30                SysTick_Handler
 .text._ZN5Timer5eventEv
                0x0000000008000b40       0x12 build/main.o
                0x0000000008000b40                Timer::event()
 *fill*         0x0000000008000b52        0x2 
 .text._ZN14TickSubscriber16tick_unsubscribeEv
                0x0000000008000b54       0x40 build/main.o
                0x0000000008000b54                TickSubscriber::tick_unsubscribe()
 .text._ZN6Buzzer6notifyEv
                0x0000000008000b94       0x3e build/main.o
                0x0000000008000b94                Buzzer::notify()
 .text._ZN5Timer4stopEv
                0x0000000008000bd2        0xc build/main.o
                0x0000000008000bd2                Timer::stop()
 *fill*         0x0000000008000bde        0x2 
 .text._ZN14TickSubscriber14tick_subscribeEv
                0x0000000008000be0       0x28 build/main.o
                0x0000000008000be0                TickSubscriber::tick_subscribe()
 .text._ZN3Pin5clearEv
                0x0000000008000c08        0xc build/main.o
                0x0000000008000c08                Pin::clear()
 .text._ZN3Pin6is_setEv
                0x0000000008000c14       0x14 build/main.o
                0x0000000008000c14                Pin::is_set()
 .text._ZN6ButtonIN3mcu4Pin_ILNS0_6PeriphE4ELi5EEELb1EE7is_pushEv.isra.169
                0x0000000008000c28       0x10 build/main.o
 .text._ZN3PinaSEb
                0x0000000008000c38       0x1a build/main.o
                0x0000000008000c38                Pin::operator=(bool)
 .text._ZN3UZVIZ4mainE10Flash_data3SSIIN3mcu4Pin_ILNS2_6PeriphE4ELi10EEENS3_ILS4_4ELi2EEENS3_ILS4_4ELi0EEENS3_ILS4_3ELi7EEENS3_ILS4_3ELi6EEENS3_ILS4_4ELi12EEENS3_ILS4_4ELi11EEENS3_ILS4_4ELi1EEEJNS3_ILS4_4ELi3EEENS3_ILS4_3ELi15EEENS3_ILS4_4ELi9EEENS3_ILS4_4ELi8EEENS3_ILS4_4ELi7EEENS3_ILS4_4ELi6EEEEEE7heatingEv
                0x0000000008000c52       0x42 build/main.o
 .text._ZN3SSIIN3mcu4Pin_ILNS0_6PeriphE4ELi10EEENS1_ILS2_4ELi2EEENS1_ILS2_4ELi0EEENS1_ILS2_3ELi7EEENS1_ILS2_3ELi6EEENS1_ILS2_4ELi12EEENS1_ILS2_4ELi11EEENS1_ILS2_4ELi1EEEJNS1_ILS2_4ELi3EEENS1_ILS2_3ELi15EEENS1_ILS2_4ELi9EEENS1_ILS2_4ELi8EEENS1_ILS2_4ELi7EEENS1_ILS2_4ELi6EEEEE6notifyEv
                0x0000000008000c94      0x12c build/main.o
                0x0000000008000c94                SSI<mcu::Pin_<(mcu::Periph)4, 10>, mcu::Pin_<(mcu::Periph)4, 2>, mcu::Pin_<(mcu::Periph)4, 0>, mcu::Pin_<(mcu::Periph)3, 7>, mcu::Pin_<(mcu::Periph)3, 6>, mcu::Pin_<(mcu::Periph)4, 12>, mcu::Pin_<(mcu::Periph)4, 11>, mcu::Pin_<(mcu::Periph)4, 1>, mcu::Pin_<(mcu::Periph)4, 3>, mcu::Pin_<(mcu::Periph)3, 15>, mcu::Pin_<(mcu::Periph)4, 9>, mcu::Pin_<(mcu::Periph)4, 8>, mcu::Pin_<(mcu::Periph)4, 7>, mcu::Pin_<(mcu::Periph)4, 6> >::notify()
 .text._ZN3mcu3TIM11set_compareENS0_7ChannelEm
                0x0000000008000dc0       0x20 build/main.o
                0x0000000008000dc0                mcu::TIM::set_compare(mcu::TIM::Channel, unsigned long)
 .text.DMA1_Channel1_IRQHandler
                0x0000000008000de0       0x1c build/main.o
                0x0000000008000de0                DMA1_Channel1_IRQHandler
 .text.DMA1_Channel2_3_IRQHandler
                0x0000000008000dfc       0x2c build/main.o
                0x0000000008000dfc                DMA1_Channel2_3_IRQHandler
 .text.DMA1_Channel4_5_IRQHandler
                0x0000000008000e28        0x2 build/main.o
                0x0000000008000e28                DMA1_Channel4_5_IRQHandler
 *fill*         0x0000000008000e2a        0x2 
 .text.TIM1_BRK_UP_TRG_COM_IRQHandler
                0x0000000008000e2c       0x20 build/main.o
                0x0000000008000e2c                TIM1_BRK_UP_TRG_COM_IRQHandler
 .text.TIM1_CC_IRQHandler
                0x0000000008000e4c        0x8 build/main.o
                0x0000000008000e4c                TIM1_CC_IRQHandler
 .text.TIM3_IRQHandler
                0x0000000008000e54       0x20 build/main.o
                0x0000000008000e54                TIM3_IRQHandler
 .text.TIM14_IRQHandler
                0x0000000008000e74        0x2 build/main.o
                0x0000000008000e74                TIM14_IRQHandler
 .text.TIM16_IRQHandler
                0x0000000008000e76        0x2 build/main.o
                0x0000000008000e76                TIM16_IRQHandler
 .text.TIM17_IRQHandler
                0x0000000008000e78        0x2 build/main.o
                0x0000000008000e78                TIM17_IRQHandler
 *fill*         0x0000000008000e7a        0x2 
 .text.USART1_IRQHandler
                0x0000000008000e7c       0x1c build/main.o
                0x0000000008000e7c                USART1_IRQHandler
 .text.EXTI0_1_IRQHandler
                0x0000000008000e98       0x34 build/main.o
                0x0000000008000e98                EXTI0_1_IRQHandler
 .text.EXTI2_3_IRQHandler
                0x0000000008000ecc       0x34 build/main.o
                0x0000000008000ecc                EXTI2_3_IRQHandler
 .text.EXTI4_15_IRQHandler
                0x0000000008000f00       0xec build/main.o
                0x0000000008000f00                EXTI4_15_IRQHandler
 .text._ZN11ADC_average5startEv
                0x0000000008000fec       0x38 build/main.o
                0x0000000008000fec                ADC_average::start()
 .text._ZN3PWM10Duty_cycle6updateEv
                0x0000000008001024       0x1e build/main.o
                0x0000000008001024                PWM::Duty_cycle::update()
 .text._ZN6Buzzer5briefEv
                0x0000000008001042        0xc build/main.o
                0x0000000008001042                Buzzer::brief()
 .text._ZNSt17_Function_handlerIFvvEZN3UZVIZ4mainE10Flash_data3SSIIN3mcu4Pin_ILNS4_6PeriphE4ELi10EEENS5_ILS6_4ELi2EEENS5_ILS6_4ELi0EEENS5_ILS6_3ELi7EEENS5_ILS6_3ELi6EEENS5_ILS6_4ELi12EEENS5_ILS6_4ELi11EEENS5_ILS6_4ELi1EEEJNS5_ILS6_4ELi3EEENS5_ILS6_3ELi15EEENS5_ILS6_4ELi9EEENS5_ILS6_4ELi8EEENS5_ILS6_4ELi7EEENS5_ILS6_4ELi6EEEEEE9init_tempEvEUlvE_E9_M_invokeERKSt9_Any_data
                0x000000000800104e       0x28 build/main.o
 .text._ZNSt17_Function_handlerIFvvEZN3UZVIZ4mainE10Flash_data3SSIIN3mcu4Pin_ILNS4_6PeriphE4ELi10EEENS5_ILS6_4ELi2EEENS5_ILS6_4ELi0EEENS5_ILS6_3ELi7EEENS5_ILS6_3ELi6EEENS5_ILS6_4ELi12EEENS5_ILS6_4ELi11EEENS5_ILS6_4ELi1EEEJNS5_ILS6_4ELi3EEENS5_ILS6_3ELi15EEENS5_ILS6_4ELi9EEENS5_ILS6_4ELi8EEENS5_ILS6_4ELi7EEENS5_ILS6_4ELi6EEEEEE9init_tempEvEUlvE0_E9_M_invokeERKSt9_Any_data
                0x0000000008001076       0x28 build/main.o
 .text._ZNSt17_Function_handlerIFviEZN3UZVIZ4mainE10Flash_data3SSIIN3mcu4Pin_ILNS4_6PeriphE4ELi10EEENS5_ILS6_4ELi2EEENS5_ILS6_4ELi0EEENS5_ILS6_3ELi7EEENS5_ILS6_3ELi6EEENS5_ILS6_4ELi12EEENS5_ILS6_4ELi11EEENS5_ILS6_4ELi1EEEJNS5_ILS6_4ELi3EEENS5_ILS6_3ELi15EEENS5_ILS6_4ELi9EEENS5_ILS6_4ELi8EEENS5_ILS6_4ELi7EEENS5_ILS6_4ELi6EEEEEE9init_tempEvEUlT_E1_E9_M_invokeERKSt9_Any_dataOi
                0x000000000800109e       0x24 build/main.o
 .text._ZNSt17_Function_handlerIFviEZN3UZVIZ4mainE10Flash_data3SSIIN3mcu4Pin_ILNS4_6PeriphE4ELi10EEENS5_ILS6_4ELi2EEENS5_ILS6_4ELi0EEENS5_ILS6_3ELi7EEENS5_ILS6_3ELi6EEENS5_ILS6_4ELi12EEENS5_ILS6_4ELi11EEENS5_ILS6_4ELi1EEEJNS5_ILS6_4ELi3EEENS5_ILS6_3ELi15EEENS5_ILS6_4ELi9EEENS5_ILS6_4ELi8EEENS5_ILS6_4ELi7EEENS5_ILS6_4ELi6EEEEEE9init_tempEvEUlT_E2_E9_M_invokeERKSt9_Any_dataOi
                0x00000000080010c2       0x24 build/main.o
 .text._ZNSt17_Function_handlerIFvvEZN3UZVIZ4mainE10Flash_data3SSIIN3mcu4Pin_ILNS4_6PeriphE4ELi10EEENS5_ILS6_4ELi2EEENS5_ILS6_4ELi0EEENS5_ILS6_3ELi7EEENS5_ILS6_3ELi6EEENS5_ILS6_4ELi12EEENS5_ILS6_4ELi11EEENS5_ILS6_4ELi1EEEJNS5_ILS6_4ELi3EEENS5_ILS6_3ELi15EEENS5_ILS6_4ELi9EEENS5_ILS6_4ELi8EEENS5_ILS6_4ELi7EEENS5_ILS6_4ELi6EEEEEE9init_timeEvEUlvE_E9_M_invokeERKSt9_Any_data
                0x00000000080010e6       0x26 build/main.o
 .text._ZNSt17_Function_handlerIFvvEZN3UZVIZ4mainE10Flash_data3SSIIN3mcu4Pin_ILNS4_6PeriphE4ELi10EEENS5_ILS6_4ELi2EEENS5_ILS6_4ELi0EEENS5_ILS6_3ELi7EEENS5_ILS6_3ELi6EEENS5_ILS6_4ELi12EEENS5_ILS6_4ELi11EEENS5_ILS6_4ELi1EEEJNS5_ILS6_4ELi3EEENS5_ILS6_3ELi15EEENS5_ILS6_4ELi9EEENS5_ILS6_4ELi8EEENS5_ILS6_4ELi7EEENS5_ILS6_4ELi6EEEEEE9init_timeEvEUlvE0_E9_M_invokeERKSt9_Any_data
                0x000000000800110c       0x26 build/main.o
 .text._ZNSt17_Function_handlerIFviEZN3UZVIZ4mainE10Flash_data3SSIIN3mcu4Pin_ILNS4_6PeriphE4ELi10EEENS5_ILS6_4ELi2EEENS5_ILS6_4ELi0EEENS5_ILS6_3ELi7EEENS5_ILS6_3ELi6EEENS5_ILS6_4ELi12EEENS5_ILS6_4ELi11EEENS5_ILS6_4ELi1EEEJNS5_ILS6_4ELi3EEENS5_ILS6_3ELi15EEENS5_ILS6_4ELi9EEENS5_ILS6_4ELi8EEENS5_ILS6_4ELi7EEENS5_ILS6_4ELi6EEEEEE9init_timeEvEUlT_E1_E9_M_invokeERKSt9_Any_dataOi
                0x0000000008001132       0x24 build/main.o
 .text._ZNSt17_Function_handlerIFviEZN3UZVIZ4mainE10Flash_data3SSIIN3mcu4Pin_ILNS4_6PeriphE4ELi10EEENS5_ILS6_4ELi2EEENS5_ILS6_4ELi0EEENS5_ILS6_3ELi7EEENS5_ILS6_3ELi6EEENS5_ILS6_4ELi12EEENS5_ILS6_4ELi11EEENS5_ILS6_4ELi1EEEJNS5_ILS6_4ELi3EEENS5_ILS6_3ELi15EEENS5_ILS6_4ELi9EEENS5_ILS6_4ELi8EEENS5_ILS6_4ELi7EEENS5_ILS6_4ELi6EEEEEE9init_timeEvEUlT_E2_E9_M_invokeERKSt9_Any_dataOi
                0x0000000008001156       0x22 build/main.o
 .text._ZNSt17_Function_handlerIFvvEZN3UZVIZ4mainE10Flash_data3SSIIN3mcu4Pin_ILNS4_6PeriphE4ELi10EEENS5_ILS6_4ELi2EEENS5_ILS6_4ELi0EEENS5_ILS6_3ELi7EEENS5_ILS6_3ELi6EEENS5_ILS6_4ELi12EEENS5_ILS6_4ELi11EEENS5_ILS6_4ELi1EEEJNS5_ILS6_4ELi3EEENS5_ILS6_3ELi15EEENS5_ILS6_4ELi9EEENS5_ILS6_4ELi8EEENS5_ILS6_4ELi7EEENS5_ILS6_4ELi6EEEEEE10init_startEvEUlvE_E9_M_invokeERKSt9_Any_data
                0x0000000008001178       0x24 build/main.o
 .text._ZN6Buzzer6longerEv
                0x000000000800119c        0xe build/main.o
                0x000000000800119c                Buzzer::longer()
 .text._ZNSt17_Function_handlerIFvvEZZN3UZVIZ4mainE10Flash_data3SSIIN3mcu4Pin_ILNS4_6PeriphE4ELi10EEENS5_ILS6_4ELi2EEENS5_ILS6_4ELi0EEENS5_ILS6_3ELi7EEENS5_ILS6_3ELi6EEENS5_ILS6_4ELi12EEENS5_ILS6_4ELi11EEENS5_ILS6_4ELi1EEEJNS5_ILS6_4ELi3EEENS5_ILS6_3ELi15EEENS5_ILS6_4ELi9EEENS5_ILS6_4ELi8EEENS5_ILS6_4ELi7EEENS5_ILS6_4ELi6EEEEEE17init_set_max_tempEvENKUlvE_clEvEUlvE_E9_M_invokeERKSt9_Any_data
                0x00000000080011aa       0x22 build/main.o
 .text._ZNSt17_Function_handlerIFvvEZZN3UZVIZ4mainE10Flash_data3SSIIN3mcu4Pin_ILNS4_6PeriphE4ELi10EEENS5_ILS6_4ELi2EEENS5_ILS6_4ELi0EEENS5_ILS6_3ELi7EEENS5_ILS6_3ELi6EEENS5_ILS6_4ELi12EEENS5_ILS6_4ELi11EEENS5_ILS6_4ELi1EEEJNS5_ILS6_4ELi3EEENS5_ILS6_3ELi15EEENS5_ILS6_4ELi9EEENS5_ILS6_4ELi8EEENS5_ILS6_4ELi7EEENS5_ILS6_4ELi6EEEEEE17init_set_max_tempEvENKUlvE_clEvEUlvE0_E9_M_invokeERKSt9_Any_data
                0x00000000080011cc       0x22 build/main.o
 .text._ZNSt17_Function_handlerIFvvEZZN3UZVIZ4mainE10Flash_data3SSIIN3mcu4Pin_ILNS4_6PeriphE4ELi10EEENS5_ILS6_4ELi2EEENS5_ILS6_4ELi0EEENS5_ILS6_3ELi7EEENS5_ILS6_3ELi6EEENS5_ILS6_4ELi12EEENS5_ILS6_4ELi11EEENS5_ILS6_4ELi1EEEJNS5_ILS6_4ELi3EEENS5_ILS6_3ELi15EEENS5_ILS6_4ELi9EEENS5_ILS6_4ELi8EEENS5_ILS6_4ELi7EEENS5_ILS6_4ELi6EEEEEE17init_set_max_timeEvENKUlvE_clEvEUlvE_E9_M_invokeERKSt9_Any_data
                0x00000000080011ee       0x22 build/main.o
 .text._ZNSt17_Function_handlerIFvvEZZN3UZVIZ4mainE10Flash_data3SSIIN3mcu4Pin_ILNS4_6PeriphE4ELi10EEENS5_ILS6_4ELi2EEENS5_ILS6_4ELi0EEENS5_ILS6_3ELi7EEENS5_ILS6_3ELi6EEENS5_ILS6_4ELi12EEENS5_ILS6_4ELi11EEENS5_ILS6_4ELi1EEEJNS5_ILS6_4ELi3EEENS5_ILS6_3ELi15EEENS5_ILS6_4ELi9EEENS5_ILS6_4ELi8EEENS5_ILS6_4ELi7EEENS5_ILS6_4ELi6EEEEEE17init_set_max_timeEvENKUlvE_clEvEUlvE0_E9_M_invokeERKSt9_Any_data
                0x0000000008001210       0x16 build/main.o
 .text._ZNSt17_Function_handlerIFvvEZN3UZVIZ4mainE10Flash_data3SSIIN3mcu4Pin_ILNS4_6PeriphE4ELi10EEENS5_ILS6_4ELi2EEENS5_ILS6_4ELi0EEENS5_ILS6_3ELi7EEENS5_ILS6_3ELi6EEENS5_ILS6_4ELi12EEENS5_ILS6_4ELi11EEENS5_ILS6_4ELi1EEEJNS5_ILS6_4ELi3EEENS5_ILS6_3ELi15EEENS5_ILS6_4ELi9EEENS5_ILS6_4ELi8EEENS5_ILS6_4ELi7EEENS5_ILS6_4ELi6EEEEEE10init_startEvEUlvE0_E9_M_invokeERKSt9_Any_data
                0x0000000008001226       0x2a build/main.o
 .text._ZNSt17_Function_handlerIFvvEZN3UZVIZ4mainE10Flash_data3SSIIN3mcu4Pin_ILNS4_6PeriphE4ELi10EEENS5_ILS6_4ELi2EEENS5_ILS6_4ELi0EEENS5_ILS6_3ELi7EEENS5_ILS6_3ELi6EEENS5_ILS6_4ELi12EEENS5_ILS6_4ELi11EEENS5_ILS6_4ELi1EEEJNS5_ILS6_4ELi3EEENS5_ILS6_3ELi15EEENS5_ILS6_4ELi9EEENS5_ILS6_4ELi8EEENS5_ILS6_4ELi7EEENS5_ILS6_4ELi6EEEEEE17init_set_max_tempEvEUlvE_E9_M_invokeERKSt9_Any_data
                0x0000000008001250       0xb4 build/main.o
 .text._ZNSt17_Function_handlerIFvvEZN3UZVIZ4mainE10Flash_data3SSIIN3mcu4Pin_ILNS4_6PeriphE4ELi10EEENS5_ILS6_4ELi2EEENS5_ILS6_4ELi0EEENS5_ILS6_3ELi7EEENS5_ILS6_3ELi6EEENS5_ILS6_4ELi12EEENS5_ILS6_4ELi11EEENS5_ILS6_4ELi1EEEJNS5_ILS6_4ELi3EEENS5_ILS6_3ELi15EEENS5_ILS6_4ELi9EEENS5_ILS6_4ELi8EEENS5_ILS6_4ELi7EEENS5_ILS6_4ELi6EEEEEE17init_set_max_timeEvEUlvE_E9_M_invokeERKSt9_Any_data
                0x0000000008001304       0xb4 build/main.o
 .text.init_clock
                0x00000000080013b8       0x58 build/main.o
                0x00000000080013b8                init_clock
 .text._ZN3PWM4makeILN3mcu6PeriphE17ENS1_4Pin_ILS2_3ELi8EEEEERDat
                0x0000000008001410       0xf8 build/main.o
                0x0000000008001410                auto& PWM::make<(mcu::Periph)17, mcu::Pin_<(mcu::Periph)3, 8> >(unsigned short)
 .text._ZNKSt8functionIFvvEEclEv
                0x0000000008001508       0x12 build/main.o
                0x0000000008001508                std::function<void ()>::operator()() const
 .text._ZN11ADC_average9interruptEv
                0x000000000800151a       0x42 build/main.o
                0x000000000800151a                ADC_average::interrupt()
 .text._ZN11ADC_average4makeILN3mcu6PeriphE15ELS2_30EEERS_j
                0x000000000800155c      0x11c build/main.o
                0x000000000800155c                ADC_average& ADC_average::make<(mcu::Periph)15, (mcu::Periph)30>(unsigned int)
 .text._ZN11ADC_average11add_channelIN3mcu4Pin_ILNS1_6PeriphE3ELi0EEEEER11ADC_channelv
                0x0000000008001678      0x150 build/main.o
                0x0000000008001678                ADC_channel& ADC_average::add_channel<mcu::Pin_<(mcu::Periph)3, 0> >()
 .text._Z9make_pinsILN3mcu7PinModeE1EJNS0_4Pin_ILNS0_6PeriphE3ELi2EEENS2_ILS3_3ELi3EEENS2_ILS3_3ELi4EEENS2_ILS3_3ELi5EEENS2_ILS3_7ELi6EEEEEN4meta19tuple_generate_implIR3PinNSt22_Make_integer_sequenceIjXsZT0_ENSt18_Build_index_tupleIXsZT0_EE6__typeEE6__typeEE4typeEv
                0x00000000080017c8      0x16c build/main.o
                0x00000000080017c8                meta::tuple_generate_impl<Pin&, std::_Make_integer_sequence<unsigned int, 5, std::_Build_index_tuple<5>::__type>::__type>::type make_pins<(mcu::PinMode)1, mcu::Pin_<(mcu::Periph)3, 2>, mcu::Pin_<(mcu::Periph)3, 3>, mcu::Pin_<(mcu::Periph)3, 4>, mcu::Pin_<(mcu::Periph)3, 5>, mcu::Pin_<(mcu::Periph)7, 6> >()
                0x00000000080017c8                meta::tuple_generate_impl<Pin&, std::_Make_integer_sequence<unsigned int, sizeof (mcu::Pin_<(mcu::Periph)3, 2>, mcu::Pin_<(mcu::Periph)3, 3>, mcu::Pin_<(mcu::Periph)3, 4>, mcu::Pin_<(mcu::Periph)3, 5>, mcu::Pin_<(mcu::Periph)7, 6>), std::_Build_index_tuple<sizeof (mcu::Pin_<(mcu::Periph)3, 2>, mcu::Pin_<(mcu::Periph)3, 3>, mcu::Pin_<(mcu::Periph)3, 4>, mcu::Pin_<(mcu::Periph)3, 5>, mcu::Pin_<(mcu::Periph)7, 6>)>::__type>::__type>::type make_pins<(mcu::PinMode)1, mcu::Pin_<(mcu::Periph)3, 2>, mcu::Pin_<(mcu::Periph)3, 3>, mcu::Pin_<(mcu::Periph)3, 4>, mcu::Pin_<(mcu::Periph)3, 5>, mcu::Pin_<(mcu::Periph)7, 6> >()
 .text._ZNSt11_Tuple_implILj0EJ3PinS0_S0_EEaSIJiiiEEERS1_RKS_ILj0EJDpT_EE
                0x0000000008001934       0x36 build/main.o
                0x0000000008001934                std::_Tuple_impl<0u, Pin, Pin, Pin>& std::_Tuple_impl<0u, Pin, Pin, Pin>::operator=<int, int, int>(std::_Tuple_impl<0u, int, int, int> const&)
 *fill*         0x000000000800196a        0x2 
 .text._ZNSt17_Function_handlerIFvvEZN3UZVIZ4mainE10Flash_data3SSIIN3mcu4Pin_ILNS4_6PeriphE4ELi10EEENS5_ILS6_4ELi2EEENS5_ILS6_4ELi0EEENS5_ILS6_3ELi7EEENS5_ILS6_3ELi6EEENS5_ILS6_4ELi12EEENS5_ILS6_4ELi11EEENS5_ILS6_4ELi1EEEJNS5_ILS6_4ELi3EEENS5_ILS6_3ELi15EEENS5_ILS6_4ELi9EEENS5_ILS6_4ELi8EEENS5_ILS6_4ELi7EEENS5_ILS6_4ELi6EEEEEE9init_modeEvEUlvE_E9_M_invokeERKSt9_Any_data
                0x000000000800196c       0x54 build/main.o
 .text._Z9make_pinsILN3mcu7PinModeE1EJNS0_4Pin_ILNS0_6PeriphE4ELi10EEENS2_ILS3_4ELi2EEENS2_ILS3_4ELi0EEENS2_ILS3_3ELi7EEENS2_ILS3_3ELi6EEENS2_ILS3_4ELi12EEENS2_ILS3_4ELi11EEEEEN4meta19tuple_generate_implIR3PinNSt22_Make_integer_sequenceIjXsZT0_ENSt18_Build_index_tupleIXsZT0_EE6__typeEE6__typeEE4typeEv
                0x00000000080019c0      0x1ec build/main.o
                0x00000000080019c0                meta::tuple_generate_impl<Pin&, std::_Make_integer_sequence<unsigned int, sizeof (mcu::Pin_<(mcu::Periph)4, 10>, mcu::Pin_<(mcu::Periph)4, 2>, mcu::Pin_<(mcu::Periph)4, 0>, mcu::Pin_<(mcu::Periph)3, 7>, mcu::Pin_<(mcu::Periph)3, 6>, mcu::Pin_<(mcu::Periph)4, 12>, mcu::Pin_<(mcu::Periph)4, 11>), std::_Build_index_tuple<sizeof (mcu::Pin_<(mcu::Periph)4, 10>, mcu::Pin_<(mcu::Periph)4, 2>, mcu::Pin_<(mcu::Periph)4, 0>, mcu::Pin_<(mcu::Periph)3, 7>, mcu::Pin_<(mcu::Periph)3, 6>, mcu::Pin_<(mcu::Periph)4, 12>, mcu::Pin_<(mcu::Periph)4, 11>)>::__type>::__type>::type make_pins<(mcu::PinMode)1, mcu::Pin_<(mcu::Periph)4, 10>, mcu::Pin_<(mcu::Periph)4, 2>, mcu::Pin_<(mcu::Periph)4, 0>, mcu::Pin_<(mcu::Periph)3, 7>, mcu::Pin_<(mcu::Periph)3, 6>, mcu::Pin_<(mcu::Periph)4, 12>, mcu::Pin_<(mcu::Periph)4, 11> >()
                0x00000000080019c0                meta::tuple_generate_impl<Pin&, std::_Make_integer_sequence<unsigned int, 7, std::_Build_index_tuple<7>::__type>::__type>::type make_pins<(mcu::PinMode)1, mcu::Pin_<(mcu::Periph)4, 10>, mcu::Pin_<(mcu::Periph)4, 2>, mcu::Pin_<(mcu::Periph)4, 0>, mcu::Pin_<(mcu::Periph)3, 7>, mcu::Pin_<(mcu::Periph)3, 6>, mcu::Pin_<(mcu::Periph)4, 12>, mcu::Pin_<(mcu::Periph)4, 11> >()
 .text._ZNSt11_Tuple_implILj0EJ3PinS0_S0_S0_S0_S0_S0_EEC2IRS0_JS3_S3_S3_S3_S3_S3_EEEOS_ILj0EJT_DpT0_EE
                0x0000000008001bac       0x30 build/main.o
                0x0000000008001bac                std::_Tuple_impl<0u, Pin, Pin, Pin, Pin, Pin, Pin, Pin>::_Tuple_impl<Pin&, Pin&, Pin&, Pin&, Pin&, Pin&, Pin&>(std::_Tuple_impl<0u, Pin&, Pin&, Pin&, Pin&, Pin&, Pin&, Pin&>&&)
                0x0000000008001bac                std::_Tuple_impl<0u, Pin, Pin, Pin, Pin, Pin, Pin, Pin>::_Tuple_impl<Pin&, Pin&, Pin&, Pin&, Pin&, Pin&, Pin&>(std::_Tuple_impl<0u, Pin&, Pin&, Pin&, Pin&, Pin&, Pin&, Pin&>&&)
 .text._Z9make_pinsILN3mcu7PinModeE1EJNS0_4Pin_ILNS0_6PeriphE4ELi3EEENS2_ILS3_3ELi15EEENS2_ILS3_4ELi9EEENS2_ILS3_4ELi8EEENS2_ILS3_4ELi7EEENS2_ILS3_4ELi6EEEEEN4meta19tuple_generate_implIR3PinNSt22_Make_integer_sequenceIjXsZT0_ENSt18_Build_index_tupleIXsZT0_EE6__typeEE6__typeEE4typeEv
                0x0000000008001bdc      0x1a8 build/main.o
                0x0000000008001bdc                meta::tuple_generate_impl<Pin&, std::_Make_integer_sequence<unsigned int, 6, std::_Build_index_tuple<6>::__type>::__type>::type make_pins<(mcu::PinMode)1, mcu::Pin_<(mcu::Periph)4, 3>, mcu::Pin_<(mcu::Periph)3, 15>, mcu::Pin_<(mcu::Periph)4, 9>, mcu::Pin_<(mcu::Periph)4, 8>, mcu::Pin_<(mcu::Periph)4, 7>, mcu::Pin_<(mcu::Periph)4, 6> >()
                0x0000000008001bdc                meta::tuple_generate_impl<Pin&, std::_Make_integer_sequence<unsigned int, sizeof (mcu::Pin_<(mcu::Periph)4, 3>, mcu::Pin_<(mcu::Periph)3, 15>, mcu::Pin_<(mcu::Periph)4, 9>, mcu::Pin_<(mcu::Periph)4, 8>, mcu::Pin_<(mcu::Periph)4, 7>, mcu::Pin_<(mcu::Periph)4, 6>), std::_Build_index_tuple<sizeof (mcu::Pin_<(mcu::Periph)4, 3>, mcu::Pin_<(mcu::Periph)3, 15>, mcu::Pin_<(mcu::Periph)4, 9>, mcu::Pin_<(mcu::Periph)4, 8>, mcu::Pin_<(mcu::Periph)4, 7>, mcu::Pin_<(mcu::Periph)4, 6>)>::__type>::__type>::type make_pins<(mcu::PinMode)1, mcu::Pin_<(mcu::Periph)4, 3>, mcu::Pin_<(mcu::Periph)3, 15>, mcu::Pin_<(mcu::Periph)4, 9>, mcu::Pin_<(mcu::Periph)4, 8>, mcu::Pin_<(mcu::Periph)4, 7>, mcu::Pin_<(mcu::Periph)4, 6> >()
 .text._ZN3SSIIN3mcu4Pin_ILNS0_6PeriphE4ELi10EEENS1_ILS2_4ELi2EEENS1_ILS2_4ELi0EEENS1_ILS2_3ELi7EEENS1_ILS2_3ELi6EEENS1_ILS2_4ELi12EEENS1_ILS2_4ELi11EEENS1_ILS2_4ELi1EEEJNS1_ILS2_4ELi3EEENS1_ILS2_3ELi15EEENS1_ILS2_4ELi9EEENS1_ILS2_4ELi8EEENS1_ILS2_4ELi7EEENS1_ILS2_4ELi6EEEEE12dinamic_testEv
                0x0000000008001d84       0x4e build/main.o
                0x0000000008001d84                SSI<mcu::Pin_<(mcu::Periph)4, 10>, mcu::Pin_<(mcu::Periph)4, 2>, mcu::Pin_<(mcu::Periph)4, 0>, mcu::Pin_<(mcu::Periph)3, 7>, mcu::Pin_<(mcu::Periph)3, 6>, mcu::Pin_<(mcu::Periph)4, 12>, mcu::Pin_<(mcu::Periph)4, 11>, mcu::Pin_<(mcu::Periph)4, 1>, mcu::Pin_<(mcu::Periph)4, 3>, mcu::Pin_<(mcu::Periph)3, 15>, mcu::Pin_<(mcu::Periph)4, 9>, mcu::Pin_<(mcu::Periph)4, 8>, mcu::Pin_<(mcu::Periph)4, 7>, mcu::Pin_<(mcu::Periph)4, 6> >::dinamic_test()
 *fill*         0x0000000008001dd2        0x2 
 .text._ZN3SSIIN3mcu4Pin_ILNS0_6PeriphE4ELi10EEENS1_ILS2_4ELi2EEENS1_ILS2_4ELi0EEENS1_ILS2_3ELi7EEENS1_ILS2_3ELi6EEENS1_ILS2_4ELi12EEENS1_ILS2_4ELi11EEENS1_ILS2_4ELi1EEEJNS1_ILS2_4ELi3EEENS1_ILS2_3ELi15EEENS1_ILS2_4ELi9EEENS1_ILS2_4ELi8EEENS1_ILS2_4ELi7EEENS1_ILS2_4ELi6EEEEEC2Eh
                0x0000000008001dd4      0x110 build/main.o
                0x0000000008001dd4                SSI<mcu::Pin_<(mcu::Periph)4, 10>, mcu::Pin_<(mcu::Periph)4, 2>, mcu::Pin_<(mcu::Periph)4, 0>, mcu::Pin_<(mcu::Periph)3, 7>, mcu::Pin_<(mcu::Periph)3, 6>, mcu::Pin_<(mcu::Periph)4, 12>, mcu::Pin_<(mcu::Periph)4, 11>, mcu::Pin_<(mcu::Periph)4, 1>, mcu::Pin_<(mcu::Periph)4, 3>, mcu::Pin_<(mcu::Periph)3, 15>, mcu::Pin_<(mcu::Periph)4, 9>, mcu::Pin_<(mcu::Periph)4, 8>, mcu::Pin_<(mcu::Periph)4, 7>, mcu::Pin_<(mcu::Periph)4, 6> >::SSI(unsigned char)
                0x0000000008001dd4                SSI<mcu::Pin_<(mcu::Periph)4, 10>, mcu::Pin_<(mcu::Periph)4, 2>, mcu::Pin_<(mcu::Periph)4, 0>, mcu::Pin_<(mcu::Periph)3, 7>, mcu::Pin_<(mcu::Periph)3, 6>, mcu::Pin_<(mcu::Periph)4, 12>, mcu::Pin_<(mcu::Periph)4, 11>, mcu::Pin_<(mcu::Periph)4, 1>, mcu::Pin_<(mcu::Periph)4, 3>, mcu::Pin_<(mcu::Periph)3, 15>, mcu::Pin_<(mcu::Periph)4, 9>, mcu::Pin_<(mcu::Periph)4, 8>, mcu::Pin_<(mcu::Periph)4, 7>, mcu::Pin_<(mcu::Periph)4, 6> >::SSI(unsigned char)
 .text.startup.main
                0x0000000008001ee4     0x11bc build/main.o
                0x0000000008001ee4                main
 .text._ZNSt8functionIFvvEEC2ERKS1_
                0x00000000080030a0       0x20 build/main.o
                0x00000000080030a0                std::function<void ()>::function(std::function<void ()> const&)
                0x00000000080030a0                std::function<void ()>::function(std::function<void ()> const&)
 .text._Z7executeISt8functionIFvvEEJEEvT_DpT0_
                0x00000000080030c0        0xe build/main.o
                0x00000000080030c0                void execute<std::function<void ()>>(std::function<void ()>)
 .text._Z10execute_ifISt8functionIFvvEEJEEvbT_DpT0_
                0x00000000080030ce       0x1c build/main.o
                0x00000000080030ce                void execute_if<std::function<void ()>>(bool, std::function<void ()>)
 *fill*         0x00000000080030ea        0x2 
 .text._ZN12Tied_buttonsIN3mcu4Pin_ILNS0_6PeriphE4ELi5EEELb1ENS1_ILS2_4ELi4EEELb1EE6notifyEv
                0x00000000080030ec      0x114 build/main.o
                0x00000000080030ec                Tied_buttons<mcu::Pin_<(mcu::Periph)4, 5>, true, mcu::Pin_<(mcu::Periph)4, 4>, true>::notify()
                0x00000000080031f0                non-virtual thunk to Tied_buttons<mcu::Pin_<(mcu::Periph)4, 5>, true, mcu::Pin_<(mcu::Periph)4, 4>, true>::notify()
 .text._ZN12Tied_buttonsIN3mcu4Pin_ILNS0_6PeriphE3ELi11EEELb1ENS1_ILS2_3ELi10EEELb1EE6notifyEv
                0x0000000008003200      0x114 build/main.o
                0x0000000008003200                Tied_buttons<mcu::Pin_<(mcu::Periph)3, 11>, true, mcu::Pin_<(mcu::Periph)3, 10>, true>::notify()
                0x0000000008003304                non-virtual thunk to Tied_buttons<mcu::Pin_<(mcu::Periph)3, 11>, true, mcu::Pin_<(mcu::Periph)3, 10>, true>::notify()
 .text._ZNKSt8functionIFviEEclEi
                0x0000000008003314       0x16 build/main.o
                0x0000000008003314                std::function<void (int)>::operator()(int) const
 *fill*         0x000000000800332a        0x2 
 .text._ZN6ButtonIN3mcu4Pin_ILNS0_6PeriphE3ELi12EEELb1EE6notifyEv
                0x000000000800332c      0x164 build/main.o
                0x000000000800332c                Button<mcu::Pin_<(mcu::Periph)3, 12>, true>::notify()
                0x0000000008003480                non-virtual thunk to Button<mcu::Pin_<(mcu::Periph)3, 12>, true>::notify()
 .text._ZN6ButtonIN3mcu4Pin_ILNS0_6PeriphE3ELi10EEELb1EE6notifyEv
                0x0000000008003490      0x164 build/main.o
                0x0000000008003490                Button<mcu::Pin_<(mcu::Periph)3, 10>, true>::notify()
                0x00000000080035e4                non-virtual thunk to Button<mcu::Pin_<(mcu::Periph)3, 10>, true>::notify()
 .text._ZN6ButtonIN3mcu4Pin_ILNS0_6PeriphE3ELi11EEELb1EE6notifyEv
                0x00000000080035f4      0x164 build/main.o
                0x00000000080035f4                Button<mcu::Pin_<(mcu::Periph)3, 11>, true>::notify()
                0x0000000008003748                non-virtual thunk to Button<mcu::Pin_<(mcu::Periph)3, 11>, true>::notify()
 .text._ZN6ButtonIN3mcu4Pin_ILNS0_6PeriphE4ELi4EEELb1EE6notifyEv
                0x0000000008003758      0x164 build/main.o
                0x0000000008003758                Button<mcu::Pin_<(mcu::Periph)4, 4>, true>::notify()
                0x00000000080038ac                non-virtual thunk to Button<mcu::Pin_<(mcu::Periph)4, 4>, true>::notify()
 .text._ZN6ButtonIN3mcu4Pin_ILNS0_6PeriphE4ELi5EEELb1EE6notifyEv
                0x00000000080038bc      0x164 build/main.o
                0x00000000080038bc                Button<mcu::Pin_<(mcu::Periph)4, 5>, true>::notify()
                0x0000000008003a10                non-virtual thunk to Button<mcu::Pin_<(mcu::Periph)4, 5>, true>::notify()
 .text._ZN6ButtonIN3mcu4Pin_ILNS0_6PeriphE4ELi13EEELb1EE6notifyEv
                0x0000000008003a20      0x164 build/main.o
                0x0000000008003a20                Button<mcu::Pin_<(mcu::Periph)4, 13>, true>::notify()
                0x0000000008003b74                non-virtual thunk to Button<mcu::Pin_<(mcu::Periph)4, 13>, true>::notify()
 .text._ZN6ButtonIN3mcu4Pin_ILNS0_6PeriphE7ELi7EEELb1EE6notifyEv
                0x0000000008003b84      0x164 build/main.o
                0x0000000008003b84                Button<mcu::Pin_<(mcu::Periph)7, 7>, true>::notify()
                0x0000000008003cd8                non-virtual thunk to Button<mcu::Pin_<(mcu::Periph)7, 7>, true>::notify()
 .text._ZSt4swapISt9_Any_dataENSt9enable_ifIXsrSt6__and_IJSt6__not_ISt15__is_tuple_likeIT_EESt21is_move_constructibleIS5_ESt18is_move_assignableIS5_EEE5valueEvE4typeERS5_SF_
                0x0000000008003ce8       0x18 build/main.o
                0x0000000008003ce8                std::enable_if<std::__and_<std::__not_<std::__is_tuple_like<std::_Any_data> >, std::is_move_constructible<std::_Any_data>, std::is_move_assignable<std::_Any_data> >::value, void>::type std::swap<std::_Any_data>(std::_Any_data&, std::_Any_data&)
 .text._ZNSt8functionIFvvEEaSERKS1_
                0x0000000008003d00       0x2e build/main.o
                0x0000000008003d00                std::function<void ()>::operator=(std::function<void ()> const&)
 .text._ZN6ButtonIN3mcu4Pin_ILNS0_6PeriphE4ELi5EEELb1EE22set_long_push_callbackESt8functionIFvvEE
                0x0000000008003d2e        0xa build/main.o
                0x0000000008003d2e                Button<mcu::Pin_<(mcu::Periph)4, 5>, true>::set_long_push_callback(std::function<void ()>)
 .text._ZN6ButtonIN3mcu4Pin_ILNS0_6PeriphE4ELi5EEELb1EE18set_click_callbackESt8functionIFvvEE
                0x0000000008003d38        0xa build/main.o
                0x0000000008003d38                Button<mcu::Pin_<(mcu::Periph)4, 5>, true>::set_click_callback(std::function<void ()>)
 .text._ZN6ButtonIN3mcu4Pin_ILNS0_6PeriphE4ELi5EEELb1EE15set_up_callbackESt8functionIFvvEE
                0x0000000008003d42        0xa build/main.o
                0x0000000008003d42                Button<mcu::Pin_<(mcu::Periph)4, 5>, true>::set_up_callback(std::function<void ()>)
 .text._ZN6ButtonIN3mcu4Pin_ILNS0_6PeriphE4ELi5EEELb1EE17set_down_callbackESt8functionIFvvEE
                0x0000000008003d4c        0xa build/main.o
                0x0000000008003d4c                Button<mcu::Pin_<(mcu::Periph)4, 5>, true>::set_down_callback(std::function<void ()>)
 .text._ZN6ButtonIN3mcu4Pin_ILNS0_6PeriphE4ELi4EEELb1EE22set_long_push_callbackESt8functionIFvvEE
                0x0000000008003d56        0xa build/main.o
                0x0000000008003d56                Button<mcu::Pin_<(mcu::Periph)4, 4>, true>::set_long_push_callback(std::function<void ()>)
 .text._ZN6ButtonIN3mcu4Pin_ILNS0_6PeriphE4ELi4EEELb1EE18set_click_callbackESt8functionIFvvEE
                0x0000000008003d60        0xa build/main.o
                0x0000000008003d60                Button<mcu::Pin_<(mcu::Periph)4, 4>, true>::set_click_callback(std::function<void ()>)
 .text._ZN6ButtonIN3mcu4Pin_ILNS0_6PeriphE4ELi4EEELb1EE15set_up_callbackESt8functionIFvvEE
                0x0000000008003d6a        0xa build/main.o
                0x0000000008003d6a                Button<mcu::Pin_<(mcu::Periph)4, 4>, true>::set_up_callback(std::function<void ()>)
 .text._ZN6ButtonIN3mcu4Pin_ILNS0_6PeriphE4ELi4EEELb1EE17set_down_callbackESt8functionIFvvEE
                0x0000000008003d74        0xa build/main.o
                0x0000000008003d74                Button<mcu::Pin_<(mcu::Periph)4, 4>, true>::set_down_callback(std::function<void ()>)
 .text._ZN6ButtonIN3mcu4Pin_ILNS0_6PeriphE3ELi11EEELb1EE22set_long_push_callbackESt8functionIFvvEE
                0x0000000008003d7e        0xa build/main.o
                0x0000000008003d7e                Button<mcu::Pin_<(mcu::Periph)3, 11>, true>::set_long_push_callback(std::function<void ()>)
 .text._ZN6ButtonIN3mcu4Pin_ILNS0_6PeriphE3ELi11EEELb1EE18set_click_callbackESt8functionIFvvEE
                0x0000000008003d88        0xa build/main.o
                0x0000000008003d88                Button<mcu::Pin_<(mcu::Periph)3, 11>, true>::set_click_callback(std::function<void ()>)
 .text._ZN6ButtonIN3mcu4Pin_ILNS0_6PeriphE3ELi11EEELb1EE15set_up_callbackESt8functionIFvvEE
                0x0000000008003d92        0xa build/main.o
                0x0000000008003d92                Button<mcu::Pin_<(mcu::Periph)3, 11>, true>::set_up_callback(std::function<void ()>)
 .text._ZN6ButtonIN3mcu4Pin_ILNS0_6PeriphE3ELi11EEELb1EE17set_down_callbackESt8functionIFvvEE
                0x0000000008003d9c        0xa build/main.o
                0x0000000008003d9c                Button<mcu::Pin_<(mcu::Periph)3, 11>, true>::set_down_callback(std::function<void ()>)
 .text._ZN6ButtonIN3mcu4Pin_ILNS0_6PeriphE3ELi10EEELb1EE22set_long_push_callbackESt8functionIFvvEE
                0x0000000008003da6        0xa build/main.o
                0x0000000008003da6                Button<mcu::Pin_<(mcu::Periph)3, 10>, true>::set_long_push_callback(std::function<void ()>)
 .text._ZN6ButtonIN3mcu4Pin_ILNS0_6PeriphE3ELi10EEELb1EE18set_click_callbackESt8functionIFvvEE
                0x0000000008003db0        0xa build/main.o
                0x0000000008003db0                Button<mcu::Pin_<(mcu::Periph)3, 10>, true>::set_click_callback(std::function<void ()>)
 .text._ZN6ButtonIN3mcu4Pin_ILNS0_6PeriphE3ELi10EEELb1EE15set_up_callbackESt8functionIFvvEE
                0x0000000008003dba        0xa build/main.o
                0x0000000008003dba                Button<mcu::Pin_<(mcu::Periph)3, 10>, true>::set_up_callback(std::function<void ()>)
 .text._ZN6ButtonIN3mcu4Pin_ILNS0_6PeriphE3ELi10EEELb1EE17set_down_callbackESt8functionIFvvEE
                0x0000000008003dc4        0xa build/main.o
                0x0000000008003dc4                Button<mcu::Pin_<(mcu::Periph)3, 10>, true>::set_down_callback(std::function<void ()>)
 .text._ZN6ButtonIN3mcu4Pin_ILNS0_6PeriphE7ELi7EEELb1EE22set_long_push_callbackESt8functionIFvvEE
                0x0000000008003dce        0xa build/main.o
                0x0000000008003dce                Button<mcu::Pin_<(mcu::Periph)7, 7>, true>::set_long_push_callback(std::function<void ()>)
 .text._ZN6ButtonIN3mcu4Pin_ILNS0_6PeriphE7ELi7EEELb1EE18set_click_callbackESt8functionIFvvEE
                0x0000000008003dd8        0xa build/main.o
                0x0000000008003dd8                Button<mcu::Pin_<(mcu::Periph)7, 7>, true>::set_click_callback(std::function<void ()>)
 .text._ZN6ButtonIN3mcu4Pin_ILNS0_6PeriphE7ELi7EEELb1EE15set_up_callbackESt8functionIFvvEE
                0x0000000008003de2        0xa build/main.o
                0x0000000008003de2                Button<mcu::Pin_<(mcu::Periph)7, 7>, true>::set_up_callback(std::function<void ()>)
 .text._ZN6ButtonIN3mcu4Pin_ILNS0_6PeriphE7ELi7EEELb1EE17set_down_callbackESt8functionIFvvEE
                0x0000000008003dec        0xa build/main.o
                0x0000000008003dec                Button<mcu::Pin_<(mcu::Periph)7, 7>, true>::set_down_callback(std::function<void ()>)
 .text._ZN6ButtonIN3mcu4Pin_ILNS0_6PeriphE4ELi13EEELb1EE22set_long_push_callbackESt8functionIFvvEE
                0x0000000008003df6        0xa build/main.o
                0x0000000008003df6                Button<mcu::Pin_<(mcu::Periph)4, 13>, true>::set_long_push_callback(std::function<void ()>)
 .text._ZN6ButtonIN3mcu4Pin_ILNS0_6PeriphE4ELi13EEELb1EE18set_click_callbackESt8functionIFvvEE
                0x0000000008003e00        0xa build/main.o
                0x0000000008003e00                Button<mcu::Pin_<(mcu::Periph)4, 13>, true>::set_click_callback(std::function<void ()>)
 .text._ZN6ButtonIN3mcu4Pin_ILNS0_6PeriphE4ELi13EEELb1EE15set_up_callbackESt8functionIFvvEE
                0x0000000008003e0a        0xa build/main.o
                0x0000000008003e0a                Button<mcu::Pin_<(mcu::Periph)4, 13>, true>::set_up_callback(std::function<void ()>)
 .text._ZN6ButtonIN3mcu4Pin_ILNS0_6PeriphE4ELi13EEELb1EE17set_down_callbackESt8functionIFvvEE
                0x0000000008003e14        0xa build/main.o
                0x0000000008003e14                Button<mcu::Pin_<(mcu::Periph)4, 13>, true>::set_down_callback(std::function<void ()>)
 .text._ZN6ButtonIN3mcu4Pin_ILNS0_6PeriphE3ELi12EEELb1EE22set_long_push_callbackESt8functionIFvvEE
                0x0000000008003e1e        0xa build/main.o
                0x0000000008003e1e                Button<mcu::Pin_<(mcu::Periph)3, 12>, true>::set_long_push_callback(std::function<void ()>)
 .text._ZN6ButtonIN3mcu4Pin_ILNS0_6PeriphE3ELi12EEELb1EE18set_click_callbackESt8functionIFvvEE
                0x0000000008003e28        0xa build/main.o
                0x0000000008003e28                Button<mcu::Pin_<(mcu::Periph)3, 12>, true>::set_click_callback(std::function<void ()>)
 .text._ZN6ButtonIN3mcu4Pin_ILNS0_6PeriphE3ELi12EEELb1EE15set_up_callbackESt8functionIFvvEE
                0x0000000008003e32        0xa build/main.o
                0x0000000008003e32                Button<mcu::Pin_<(mcu::Periph)3, 12>, true>::set_up_callback(std::function<void ()>)
 .text._ZN6ButtonIN3mcu4Pin_ILNS0_6PeriphE3ELi12EEELb1EE17set_down_callbackESt8functionIFvvEE
                0x0000000008003e3c        0xa build/main.o
                0x0000000008003e3c                Button<mcu::Pin_<(mcu::Periph)3, 12>, true>::set_down_callback(std::function<void ()>)
 .text._ZN12Tied_buttonsIN3mcu4Pin_ILNS0_6PeriphE3ELi11EEELb1ENS1_ILS2_3ELi10EEELb1EE22set_long_push_callbackESt8functionIFvvEE
                0x0000000008003e46        0xa build/main.o
                0x0000000008003e46                Tied_buttons<mcu::Pin_<(mcu::Periph)3, 11>, true, mcu::Pin_<(mcu::Periph)3, 10>, true>::set_long_push_callback(std::function<void ()>)
 .text._ZN12Tied_buttonsIN3mcu4Pin_ILNS0_6PeriphE3ELi11EEELb1ENS1_ILS2_3ELi10EEELb1EE18set_click_callbackESt8functionIFvvEE
                0x0000000008003e50        0xa build/main.o
                0x0000000008003e50                Tied_buttons<mcu::Pin_<(mcu::Periph)3, 11>, true, mcu::Pin_<(mcu::Periph)3, 10>, true>::set_click_callback(std::function<void ()>)
 .text._ZN12Tied_buttonsIN3mcu4Pin_ILNS0_6PeriphE3ELi11EEELb1ENS1_ILS2_3ELi10EEELb1EE15set_up_callbackESt8functionIFvvEE
                0x0000000008003e5a        0xa build/main.o
                0x0000000008003e5a                Tied_buttons<mcu::Pin_<(mcu::Periph)3, 11>, true, mcu::Pin_<(mcu::Periph)3, 10>, true>::set_up_callback(std::function<void ()>)
 .text._ZN12Tied_buttonsIN3mcu4Pin_ILNS0_6PeriphE3ELi11EEELb1ENS1_ILS2_3ELi10EEELb1EE17set_down_callbackESt8functionIFvvEE
                0x0000000008003e64        0xa build/main.o
                0x0000000008003e64                Tied_buttons<mcu::Pin_<(mcu::Periph)3, 11>, true, mcu::Pin_<(mcu::Periph)3, 10>, true>::set_down_callback(std::function<void ()>)
 .text._ZN12Tied_buttonsIN3mcu4Pin_ILNS0_6PeriphE4ELi5EEELb1ENS1_ILS2_4ELi4EEELb1EE22set_long_push_callbackESt8functionIFvvEE
                0x0000000008003e6e        0xa build/main.o
                0x0000000008003e6e                Tied_buttons<mcu::Pin_<(mcu::Periph)4, 5>, true, mcu::Pin_<(mcu::Periph)4, 4>, true>::set_long_push_callback(std::function<void ()>)
 .text._ZN12Tied_buttonsIN3mcu4Pin_ILNS0_6PeriphE4ELi5EEELb1ENS1_ILS2_4ELi4EEELb1EE18set_click_callbackESt8functionIFvvEE
                0x0000000008003e78        0xa build/main.o
                0x0000000008003e78                Tied_buttons<mcu::Pin_<(mcu::Periph)4, 5>, true, mcu::Pin_<(mcu::Periph)4, 4>, true>::set_click_callback(std::function<void ()>)
 .text._ZN12Tied_buttonsIN3mcu4Pin_ILNS0_6PeriphE4ELi5EEELb1ENS1_ILS2_4ELi4EEELb1EE15set_up_callbackESt8functionIFvvEE
                0x0000000008003e82        0xa build/main.o
                0x0000000008003e82                Tied_buttons<mcu::Pin_<(mcu::Periph)4, 5>, true, mcu::Pin_<(mcu::Periph)4, 4>, true>::set_up_callback(std::function<void ()>)
 .text._ZN12Tied_buttonsIN3mcu4Pin_ILNS0_6PeriphE4ELi5EEELb1ENS1_ILS2_4ELi4EEELb1EE17set_down_callbackESt8functionIFvvEE
                0x0000000008003e8c        0xa build/main.o
                0x0000000008003e8c                Tied_buttons<mcu::Pin_<(mcu::Periph)4, 5>, true, mcu::Pin_<(mcu::Periph)4, 4>, true>::set_down_callback(std::function<void ()>)
 .text._ZNSt8functionIFviEEaSERKS1_
                0x0000000008003e96       0x46 build/main.o
                0x0000000008003e96                std::function<void (int)>::operator=(std::function<void (int)> const&)
 .text._ZN6ButtonIN3mcu4Pin_ILNS0_6PeriphE4ELi5EEELb1EE22set_increment_callbackESt8functionIFviEE
                0x0000000008003edc        0xa build/main.o
                0x0000000008003edc                Button<mcu::Pin_<(mcu::Periph)4, 5>, true>::set_increment_callback(std::function<void (int)>)
 .text._ZN6ButtonIN3mcu4Pin_ILNS0_6PeriphE4ELi4EEELb1EE22set_increment_callbackESt8functionIFviEE
                0x0000000008003ee6        0xa build/main.o
                0x0000000008003ee6                Button<mcu::Pin_<(mcu::Periph)4, 4>, true>::set_increment_callback(std::function<void (int)>)
 .text._ZN6ButtonIN3mcu4Pin_ILNS0_6PeriphE3ELi11EEELb1EE22set_increment_callbackESt8functionIFviEE
                0x0000000008003ef0        0xa build/main.o
                0x0000000008003ef0                Button<mcu::Pin_<(mcu::Periph)3, 11>, true>::set_increment_callback(std::function<void (int)>)
 .text._ZN6ButtonIN3mcu4Pin_ILNS0_6PeriphE3ELi10EEELb1EE22set_increment_callbackESt8functionIFviEE
                0x0000000008003efa        0xa build/main.o
                0x0000000008003efa                Button<mcu::Pin_<(mcu::Periph)3, 10>, true>::set_increment_callback(std::function<void (int)>)
 .text._ZN6ButtonIN3mcu4Pin_ILNS0_6PeriphE7ELi7EEELb1EE22set_increment_callbackESt8functionIFviEE
                0x0000000008003f04        0xa build/main.o
                0x0000000008003f04                Button<mcu::Pin_<(mcu::Periph)7, 7>, true>::set_increment_callback(std::function<void (int)>)
 .text._ZN6ButtonIN3mcu4Pin_ILNS0_6PeriphE4ELi13EEELb1EE22set_increment_callbackESt8functionIFviEE
                0x0000000008003f0e        0xa build/main.o
                0x0000000008003f0e                Button<mcu::Pin_<(mcu::Periph)4, 13>, true>::set_increment_callback(std::function<void (int)>)
 .text._ZN6ButtonIN3mcu4Pin_ILNS0_6PeriphE3ELi12EEELb1EE22set_increment_callbackESt8functionIFviEE
                0x0000000008003f18        0xa build/main.o
                0x0000000008003f18                Button<mcu::Pin_<(mcu::Periph)3, 12>, true>::set_increment_callback(std::function<void (int)>)
 .text._ZN12Tied_buttonsIN3mcu4Pin_ILNS0_6PeriphE3ELi11EEELb1ENS1_ILS2_3ELi10EEELb1EE22set_increment_callbackESt8functionIFviEE
                0x0000000008003f22        0xa build/main.o
                0x0000000008003f22                Tied_buttons<mcu::Pin_<(mcu::Periph)3, 11>, true, mcu::Pin_<(mcu::Periph)3, 10>, true>::set_increment_callback(std::function<void (int)>)
 .text._ZN12Tied_buttonsIN3mcu4Pin_ILNS0_6PeriphE4ELi5EEELb1ENS1_ILS2_4ELi4EEELb1EE22set_increment_callbackESt8functionIFviEE
                0x0000000008003f2c        0xa build/main.o
                0x0000000008003f2c                Tied_buttons<mcu::Pin_<(mcu::Periph)4, 5>, true, mcu::Pin_<(mcu::Periph)4, 4>, true>::set_increment_callback(std::function<void (int)>)
 *fill*         0x0000000008003f36        0x2 
 .text.startup._GLOBAL__sub_I__ZN3mcu5FLASH6unlockEv
                0x0000000008003f38      0x170 build/main.o
 .text.Reset_Handler
                0x00000000080040a8       0x50 build/startup_stm32f030x6.o
                0x00000000080040a8                Reset_Handler
 .text.Default_Handler
                0x00000000080040f8        0x2 build/startup_stm32f030x6.o
                0x00000000080040f8                HardFault_Handler
                0x00000000080040f8                PendSV_Handler
                0x00000000080040f8                NMI_Handler
                0x00000000080040f8                I2C1_IRQHandler
                0x00000000080040f8                SPI1_IRQHandler
                0x00000000080040f8                ADC1_IRQHandler
                0x00000000080040f8                RTC_IRQHandler
                0x00000000080040f8                RCC_IRQHandler
                0x00000000080040f8                Default_Handler
                0x00000000080040f8                SVC_Handler
                0x00000000080040f8                WWDG_IRQHandler
                0x00000000080040f8                FLASH_IRQHandler
 .text.__aeabi_atexit
                0x00000000080040fa        0xe /home/users/aag/code/gcc-arm-none-eabi-7-2018-q2-update/bin/../lib/gcc/arm-none-eabi/7.3.1/../../../../arm-none-eabi/lib/thumb/v6-m/libstdc++_nano.a(atexit_arm.o)
                0x00000000080040fa                __aeabi_atexit
 .text._ZSt25__throw_bad_function_callv
                0x0000000008004108        0x6 /home/users/aag/code/gcc-arm-none-eabi-7-2018-q2-update/bin/../lib/gcc/arm-none-eabi/7.3.1/../../../../arm-none-eabi/lib/thumb/v6-m/libstdc++_nano.a(functional.o)
                0x0000000008004108                std::__throw_bad_function_call()
 .text.abort    0x000000000800410e        0xe /home/users/aag/code/gcc-arm-none-eabi-7-2018-q2-update/bin/../lib/gcc/arm-none-eabi/7.3.1/../../../../arm-none-eabi/lib/thumb/v6-m/libc_nano.a(lib_a-abort.o)
                0x000000000800410e                abort
 .text.__cxa_atexit
                0x000000000800411c       0x1c /home/users/aag/code/gcc-arm-none-eabi-7-2018-q2-update/bin/../lib/gcc/arm-none-eabi/7.3.1/../../../../arm-none-eabi/lib/thumb/v6-m/libc_nano.a(lib_a-cxa_atexit.o)
                0x000000000800411c                __cxa_atexit
 .text.__libc_init_array
                0x0000000008004138       0x48 /home/users/aag/code/gcc-arm-none-eabi-7-2018-q2-update/bin/../lib/gcc/arm-none-eabi/7.3.1/../../../../arm-none-eabi/lib/thumb/v6-m/libc_nano.a(lib_a-init.o)
                0x0000000008004138                __libc_init_array
 .text.memcpy   0x0000000008004180       0x12 /home/users/aag/code/gcc-arm-none-eabi-7-2018-q2-update/bin/../lib/gcc/arm-none-eabi/7.3.1/../../../../arm-none-eabi/lib/thumb/v6-m/libc_nano.a(lib_a-memcpy-stub.o)
                0x0000000008004180                memcpy
 .text.memset   0x0000000008004192       0x10 /home/users/aag/code/gcc-arm-none-eabi-7-2018-q2-update/bin/../lib/gcc/arm-none-eabi/7.3.1/../../../../arm-none-eabi/lib/thumb/v6-m/libc_nano.a(lib_a-memset.o)
                0x0000000008004192                memset
 .text._raise_r
                0x00000000080041a2       0x54 /home/users/aag/code/gcc-arm-none-eabi-7-2018-q2-update/bin/../lib/gcc/arm-none-eabi/7.3.1/../../../../arm-none-eabi/lib/thumb/v6-m/libc_nano.a(lib_a-signal.o)
                0x00000000080041a2                _raise_r
 *fill*         0x00000000080041f6        0x2 
 .text.raise    0x00000000080041f8       0x14 /home/users/aag/code/gcc-arm-none-eabi-7-2018-q2-update/bin/../lib/gcc/arm-none-eabi/7.3.1/../../../../arm-none-eabi/lib/thumb/v6-m/libc_nano.a(lib_a-signal.o)
                0x00000000080041f8                raise
 .text._kill_r  0x000000000800420c       0x24 /home/users/aag/code/gcc-arm-none-eabi-7-2018-q2-update/bin/../lib/gcc/arm-none-eabi/7.3.1/../../../../arm-none-eabi/lib/thumb/v6-m/libc_nano.a(lib_a-signalr.o)
                0x000000000800420c                _kill_r
 .text._getpid_r
                0x0000000008004230        0x8 /home/users/aag/code/gcc-arm-none-eabi-7-2018-q2-update/bin/../lib/gcc/arm-none-eabi/7.3.1/../../../../arm-none-eabi/lib/thumb/v6-m/libc_nano.a(lib_a-signalr.o)
                0x0000000008004230                _getpid_r
 .text._getpid  0x0000000008004238       0x10 /home/users/aag/code/gcc-arm-none-eabi-7-2018-q2-update/bin/../lib/gcc/arm-none-eabi/7.3.1/../../../../arm-none-eabi/lib/thumb/v6-m/libnosys.a(getpid.o)
                0x0000000008004238                _getpid
 .text._kill    0x0000000008004248       0x10 /home/users/aag/code/gcc-arm-none-eabi-7-2018-q2-update/bin/../lib/gcc/arm-none-eabi/7.3.1/../../../../arm-none-eabi/lib/thumb/v6-m/libnosys.a(kill.o)
                0x0000000008004248                _kill
 .text._exit    0x0000000008004258        0x4 /home/users/aag/code/gcc-arm-none-eabi-7-2018-q2-update/bin/../lib/gcc/arm-none-eabi/7.3.1/../../../../arm-none-eabi/lib/thumb/v6-m/libnosys.a(_exit.o)
                0x0000000008004258                _exit
 *(.glue_7)
 .glue_7        0x000000000800425c        0x0 linker stubs
 *(.glue_7t)
 .glue_7t       0x000000000800425c        0x0 linker stubs
 *(.eh_frame)
 .eh_frame      0x000000000800425c        0x0 /home/users/aag/code/gcc-arm-none-eabi-7-2018-q2-update/bin/../lib/gcc/arm-none-eabi/7.3.1/thumb/v6-m/crtbegin.o
 *(.init)
 .init          0x000000000800425c        0x4 /home/users/aag/code/gcc-arm-none-eabi-7-2018-q2-update/bin/../lib/gcc/arm-none-eabi/7.3.1/thumb/v6-m/crti.o
                0x000000000800425c                _init
 .init          0x0000000008004260        0x8 /home/users/aag/code/gcc-arm-none-eabi-7-2018-q2-update/bin/../lib/gcc/arm-none-eabi/7.3.1/thumb/v6-m/crtn.o
 *(.fini)
 .fini          0x0000000008004268        0x4 /home/users/aag/code/gcc-arm-none-eabi-7-2018-q2-update/bin/../lib/gcc/arm-none-eabi/7.3.1/thumb/v6-m/crti.o
                0x0000000008004268                _fini
 .fini          0x000000000800426c        0x8 /home/users/aag/code/gcc-arm-none-eabi-7-2018-q2-update/bin/../lib/gcc/arm-none-eabi/7.3.1/thumb/v6-m/crtn.o
                0x0000000008004274                . = ALIGN (0x4)
                0x0000000008004274                _etext = .

.vfp11_veneer   0x0000000008004274        0x0
 .vfp11_veneer  0x0000000008004274        0x0 linker stubs

.v4_bx          0x0000000008004274        0x0
 .v4_bx         0x0000000008004274        0x0 linker stubs

.iplt           0x0000000008004274        0x0
 .iplt          0x0000000008004274        0x0 /home/users/aag/code/gcc-arm-none-eabi-7-2018-q2-update/bin/../lib/gcc/arm-none-eabi/7.3.1/thumb/v6-m/crtbegin.o

.rodata         0x0000000008004274      0x368
                0x0000000008004274                . = ALIGN (0x4)
 *(.rodata)
 .rodata        0x0000000008004274        0xc build/main.o
 *(.rodata*)
 .rodata._ZTV5Timer
                0x0000000008004280        0xc build/main.o
                0x0000000008004280                vtable for Timer
 .rodata._ZTV6Buzzer
                0x000000000800428c        0xc build/main.o
                0x000000000800428c                vtable for Buzzer
 .rodata._ZTV6ButtonIN3mcu4Pin_ILNS0_6PeriphE4ELi5EEELb1EE
                0x0000000008004298       0x2c build/main.o
                0x0000000008004298                vtable for Button<mcu::Pin_<(mcu::Periph)4, 5>, true>
 .rodata._ZTV6ButtonIN3mcu4Pin_ILNS0_6PeriphE4ELi4EEELb1EE
                0x00000000080042c4       0x2c build/main.o
                0x00000000080042c4                vtable for Button<mcu::Pin_<(mcu::Periph)4, 4>, true>
 .rodata._ZTV6ButtonIN3mcu4Pin_ILNS0_6PeriphE3ELi11EEELb1EE
                0x00000000080042f0       0x2c build/main.o
                0x00000000080042f0                vtable for Button<mcu::Pin_<(mcu::Periph)3, 11>, true>
 .rodata._ZTV6ButtonIN3mcu4Pin_ILNS0_6PeriphE3ELi10EEELb1EE
                0x000000000800431c       0x2c build/main.o
                0x000000000800431c                vtable for Button<mcu::Pin_<(mcu::Periph)3, 10>, true>
 .rodata._ZTV6ButtonIN3mcu4Pin_ILNS0_6PeriphE7ELi7EEELb1EE
                0x0000000008004348       0x2c build/main.o
                0x0000000008004348                vtable for Button<mcu::Pin_<(mcu::Periph)7, 7>, true>
 .rodata._ZTV6ButtonIN3mcu4Pin_ILNS0_6PeriphE4ELi13EEELb1EE
                0x0000000008004374       0x2c build/main.o
                0x0000000008004374                vtable for Button<mcu::Pin_<(mcu::Periph)4, 13>, true>
 .rodata._ZTV6ButtonIN3mcu4Pin_ILNS0_6PeriphE3ELi12EEELb1EE
                0x00000000080043a0       0x2c build/main.o
                0x00000000080043a0                vtable for Button<mcu::Pin_<(mcu::Periph)3, 12>, true>
 .rodata._ZTV12Tied_buttonsIN3mcu4Pin_ILNS0_6PeriphE3ELi11EEELb1ENS1_ILS2_3ELi10EEELb1EE
                0x00000000080043cc       0x2c build/main.o
                0x00000000080043cc                vtable for Tied_buttons<mcu::Pin_<(mcu::Periph)3, 11>, true, mcu::Pin_<(mcu::Periph)3, 10>, true>
 .rodata._ZTV12Tied_buttonsIN3mcu4Pin_ILNS0_6PeriphE4ELi5EEELb1ENS1_ILS2_4ELi4EEELb1EE
                0x00000000080043f8       0x2c build/main.o
                0x00000000080043f8                vtable for Tied_buttons<mcu::Pin_<(mcu::Periph)4, 5>, true, mcu::Pin_<(mcu::Periph)4, 4>, true>
 .rodata._ZTV3SSIIN3mcu4Pin_ILNS0_6PeriphE4ELi10EEENS1_ILS2_4ELi2EEENS1_ILS2_4ELi0EEENS1_ILS2_3ELi7EEENS1_ILS2_3ELi6EEENS1_ILS2_4ELi12EEENS1_ILS2_4ELi11EEENS1_ILS2_4ELi1EEEJNS1_ILS2_4ELi3EEENS1_ILS2_3ELi15EEENS1_ILS2_4ELi9EEENS1_ILS2_4ELi8EEENS1_ILS2_4ELi7EEENS1_ILS2_4ELi6EEEEE
                0x0000000008004424        0xc build/main.o
                0x0000000008004424                vtable for SSI<mcu::Pin_<(mcu::Periph)4, 10>, mcu::Pin_<(mcu::Periph)4, 2>, mcu::Pin_<(mcu::Periph)4, 0>, mcu::Pin_<(mcu::Periph)3, 7>, mcu::Pin_<(mcu::Periph)3, 6>, mcu::Pin_<(mcu::Periph)4, 12>, mcu::Pin_<(mcu::Periph)4, 11>, mcu::Pin_<(mcu::Periph)4, 1>, mcu::Pin_<(mcu::Periph)4, 3>, mcu::Pin_<(mcu::Periph)3, 15>, mcu::Pin_<(mcu::Periph)4, 9>, mcu::Pin_<(mcu::Periph)4, 8>, mcu::Pin_<(mcu::Periph)4, 7>, mcu::Pin_<(mcu::Periph)4, 6> >
 .rodata._ZN18Flash_updater_implIZ4mainE10Flash_dataJLN3mcu5FLASH6SectorE26ELS3_25EEE7sectorsE
                0x0000000008004430        0x2 build/main.o
 *fill*         0x0000000008004432        0x2 
 .rodata._ZN3NTCL5u2904ILj33ELj5100EEE
                0x0000000008004434      0x190 build/main.o
 .rodata._ZTV11ADC_average
                0x00000000080045c4        0xc build/main.o
                0x00000000080045c4                vtable for ADC_average
 .rodata._ZTV18Flash_updater_implIZ4mainE10Flash_dataJLN3mcu5FLASH6SectorE26ELS3_25EEE
                0x00000000080045d0        0xc build/main.o
                0x00000000080045dc                . = ALIGN (0x4)

.rel.dyn        0x00000000080045dc        0x0
 .rel.iplt      0x00000000080045dc        0x0 /home/users/aag/code/gcc-arm-none-eabi-7-2018-q2-update/bin/../lib/gcc/arm-none-eabi/7.3.1/thumb/v6-m/crtbegin.o

.ARM.extab
 *(.ARM.extab* .gnu.linkonce.armextab.*)

.ARM            0x00000000080045dc        0x0
                0x00000000080045dc                __exidx_start = .
 *(.ARM.exidx*)
                0x00000000080045dc                __exidx_end = .

.preinit_array  0x00000000080045dc        0x0
                0x00000000080045dc                PROVIDE (__preinit_array_start = .)
 *(.preinit_array*)
                0x00000000080045dc                PROVIDE (__preinit_array_end = .)

.init_array     0x00000000080045dc        0x8
                0x00000000080045dc                PROVIDE (__init_array_start = .)
 *(SORT_BY_NAME(.init_array.*))
 *(.init_array*)
 .init_array    0x00000000080045dc        0x4 /home/users/aag/code/gcc-arm-none-eabi-7-2018-q2-update/bin/../lib/gcc/arm-none-eabi/7.3.1/thumb/v6-m/crtbegin.o
 .init_array    0x00000000080045e0        0x4 build/main.o
                0x00000000080045e4                PROVIDE (__init_array_end = .)

.fini_array     0x00000000080045e4        0x4
                [!provide]                        PROVIDE (__fini_array_start = .)
 *(SORT_BY_NAME(.fini_array.*))
 *(.fini_array*)
 .fini_array    0x00000000080045e4        0x4 /home/users/aag/code/gcc-arm-none-eabi-7-2018-q2-update/bin/../lib/gcc/arm-none-eabi/7.3.1/thumb/v6-m/crtbegin.o
                [!provide]                        PROVIDE (__fini_array_end = .)
                0x00000000080045e8                _sidata = LOADADDR (.data)

.data           0x0000000020000000      0x42c load address 0x00000000080045e8
                0x0000000020000000                . = ALIGN (0x4)
                0x0000000020000000                _sdata = .
 *(.data)
 .data          0x0000000020000000        0x4 /home/users/aag/code/gcc-arm-none-eabi-7-2018-q2-update/bin/../lib/gcc/arm-none-eabi/7.3.1/thumb/v6-m/crtbegin.o
                0x0000000020000000                __dso_handle
 *(.data*)
 .data._ZL3led  0x0000000020000004       0x24 build/main.o
 .data._ZL7symbols
                0x0000000020000028      0x310 build/main.o
 .data._ZL9indicator
                0x0000000020000338       0x90 build/main.o
 .data._impure_ptr
                0x00000000200003c8        0x4 /home/users/aag/code/gcc-arm-none-eabi-7-2018-q2-update/bin/../lib/gcc/arm-none-eabi/7.3.1/../../../../arm-none-eabi/lib/thumb/v6-m/libc_nano.a(lib_a-impure.o)
                0x00000000200003c8                _impure_ptr
 .data.impure_data
                0x00000000200003cc       0x60 /home/users/aag/code/gcc-arm-none-eabi-7-2018-q2-update/bin/../lib/gcc/arm-none-eabi/7.3.1/../../../../arm-none-eabi/lib/thumb/v6-m/libc_nano.a(lib_a-impure.o)
                0x000000002000042c                . = ALIGN (0x4)
                0x000000002000042c                _edata = .

.igot.plt       0x000000002000042c        0x0 load address 0x0000000008004a14
 .igot.plt      0x000000002000042c        0x0 /home/users/aag/code/gcc-arm-none-eabi-7-2018-q2-update/bin/../lib/gcc/arm-none-eabi/7.3.1/thumb/v6-m/crtbegin.o
                0x000000002000042c                . = ALIGN (0x4)

.bss            0x000000002000042c      0x43c load address 0x0000000008004a14
                0x000000002000042c                _sbss = .
                0x000000002000042c                __bss_start__ = _sbss
 *(.bss)
 .bss           0x000000002000042c       0x1c /home/users/aag/code/gcc-arm-none-eabi-7-2018-q2-update/bin/../lib/gcc/arm-none-eabi/7.3.1/thumb/v6-m/crtbegin.o
 *(.bss*)
 .bss._ZGVZN3Pin4makeIN3mcu4Pin_ILNS1_6PeriphE4ELi6EEELNS1_7PinModeE1EEERDavE3pin
                0x0000000020000448        0x4 build/main.o
                0x0000000020000448                guard variable for Pin::make<mcu::Pin_<(mcu::Periph)4, 6>, (mcu::PinMode)1>()::pin
 .bss._ZZN3Pin4makeIN3mcu4Pin_ILNS1_6PeriphE4ELi6EEELNS1_7PinModeE1EEERDavE3pin
                0x000000002000044c        0x8 build/main.o
                0x000000002000044c                Pin::make<mcu::Pin_<(mcu::Periph)4, 6>, (mcu::PinMode)1>()::pin
 .bss._ZGVZN3Pin4makeIN3mcu4Pin_ILNS1_6PeriphE4ELi7EEELNS1_7PinModeE1EEERDavE3pin
                0x0000000020000454        0x4 build/main.o
                0x0000000020000454                guard variable for Pin::make<mcu::Pin_<(mcu::Periph)4, 7>, (mcu::PinMode)1>()::pin
 .bss._ZZN3Pin4makeIN3mcu4Pin_ILNS1_6PeriphE4ELi7EEELNS1_7PinModeE1EEERDavE3pin
                0x0000000020000458        0x8 build/main.o
                0x0000000020000458                Pin::make<mcu::Pin_<(mcu::Periph)4, 7>, (mcu::PinMode)1>()::pin
 .bss._ZGVZN3Pin4makeIN3mcu4Pin_ILNS1_6PeriphE4ELi8EEELNS1_7PinModeE1EEERDavE3pin
                0x0000000020000460        0x4 build/main.o
                0x0000000020000460                guard variable for Pin::make<mcu::Pin_<(mcu::Periph)4, 8>, (mcu::PinMode)1>()::pin
 .bss._ZZN3Pin4makeIN3mcu4Pin_ILNS1_6PeriphE4ELi8EEELNS1_7PinModeE1EEERDavE3pin
                0x0000000020000464        0x8 build/main.o
                0x0000000020000464                Pin::make<mcu::Pin_<(mcu::Periph)4, 8>, (mcu::PinMode)1>()::pin
 .bss._ZGVZN3Pin4makeIN3mcu4Pin_ILNS1_6PeriphE4ELi9EEELNS1_7PinModeE1EEERDavE3pin
                0x000000002000046c        0x4 build/main.o
                0x000000002000046c                guard variable for Pin::make<mcu::Pin_<(mcu::Periph)4, 9>, (mcu::PinMode)1>()::pin
 .bss._ZZN3Pin4makeIN3mcu4Pin_ILNS1_6PeriphE4ELi9EEELNS1_7PinModeE1EEERDavE3pin
                0x0000000020000470        0x8 build/main.o
                0x0000000020000470                Pin::make<mcu::Pin_<(mcu::Periph)4, 9>, (mcu::PinMode)1>()::pin
 .bss._ZGVZN3Pin4makeIN3mcu4Pin_ILNS1_6PeriphE3ELi15EEELNS1_7PinModeE1EEERDavE3pin
                0x0000000020000478        0x4 build/main.o
                0x0000000020000478                guard variable for Pin::make<mcu::Pin_<(mcu::Periph)3, 15>, (mcu::PinMode)1>()::pin
 .bss._ZZN3Pin4makeIN3mcu4Pin_ILNS1_6PeriphE3ELi15EEELNS1_7PinModeE1EEERDavE3pin
                0x000000002000047c        0x8 build/main.o
                0x000000002000047c                Pin::make<mcu::Pin_<(mcu::Periph)3, 15>, (mcu::PinMode)1>()::pin
 .bss._ZGVZN3Pin4makeIN3mcu4Pin_ILNS1_6PeriphE4ELi3EEELNS1_7PinModeE1EEERDavE3pin
                0x0000000020000484        0x4 build/main.o
                0x0000000020000484                guard variable for Pin::make<mcu::Pin_<(mcu::Periph)4, 3>, (mcu::PinMode)1>()::pin
 .bss._ZZN3Pin4makeIN3mcu4Pin_ILNS1_6PeriphE4ELi3EEELNS1_7PinModeE1EEERDavE3pin
                0x0000000020000488        0x8 build/main.o
                0x0000000020000488                Pin::make<mcu::Pin_<(mcu::Periph)4, 3>, (mcu::PinMode)1>()::pin
 .bss._ZGVZN3Pin4makeIN3mcu4Pin_ILNS1_6PeriphE4ELi11EEELNS1_7PinModeE1EEERDavE3pin
                0x0000000020000490        0x4 build/main.o
                0x0000000020000490                guard variable for Pin::make<mcu::Pin_<(mcu::Periph)4, 11>, (mcu::PinMode)1>()::pin
 .bss._ZZN3Pin4makeIN3mcu4Pin_ILNS1_6PeriphE4ELi11EEELNS1_7PinModeE1EEERDavE3pin
                0x0000000020000494        0x8 build/main.o
                0x0000000020000494                Pin::make<mcu::Pin_<(mcu::Periph)4, 11>, (mcu::PinMode)1>()::pin
 .bss._ZGVZN3Pin4makeIN3mcu4Pin_ILNS1_6PeriphE4ELi12EEELNS1_7PinModeE1EEERDavE3pin
                0x000000002000049c        0x4 build/main.o
                0x000000002000049c                guard variable for Pin::make<mcu::Pin_<(mcu::Periph)4, 12>, (mcu::PinMode)1>()::pin
 .bss._ZZN3Pin4makeIN3mcu4Pin_ILNS1_6PeriphE4ELi12EEELNS1_7PinModeE1EEERDavE3pin
                0x00000000200004a0        0x8 build/main.o
                0x00000000200004a0                Pin::make<mcu::Pin_<(mcu::Periph)4, 12>, (mcu::PinMode)1>()::pin
 .bss._ZGVZN3Pin4makeIN3mcu4Pin_ILNS1_6PeriphE3ELi6EEELNS1_7PinModeE1EEERDavE3pin
                0x00000000200004a8        0x4 build/main.o
                0x00000000200004a8                guard variable for Pin::make<mcu::Pin_<(mcu::Periph)3, 6>, (mcu::PinMode)1>()::pin
 .bss._ZZN3Pin4makeIN3mcu4Pin_ILNS1_6PeriphE3ELi6EEELNS1_7PinModeE1EEERDavE3pin
                0x00000000200004ac        0x8 build/main.o
                0x00000000200004ac                Pin::make<mcu::Pin_<(mcu::Periph)3, 6>, (mcu::PinMode)1>()::pin
 .bss._ZGVZN3Pin4makeIN3mcu4Pin_ILNS1_6PeriphE3ELi7EEELNS1_7PinModeE1EEERDavE3pin
                0x00000000200004b4        0x4 build/main.o
                0x00000000200004b4                guard variable for Pin::make<mcu::Pin_<(mcu::Periph)3, 7>, (mcu::PinMode)1>()::pin
 .bss._ZZN3Pin4makeIN3mcu4Pin_ILNS1_6PeriphE3ELi7EEELNS1_7PinModeE1EEERDavE3pin
                0x00000000200004b8        0x8 build/main.o
                0x00000000200004b8                Pin::make<mcu::Pin_<(mcu::Periph)3, 7>, (mcu::PinMode)1>()::pin
 .bss._ZGVZN3Pin4makeIN3mcu4Pin_ILNS1_6PeriphE4ELi0EEELNS1_7PinModeE1EEERDavE3pin
                0x00000000200004c0        0x4 build/main.o
                0x00000000200004c0                guard variable for Pin::make<mcu::Pin_<(mcu::Periph)4, 0>, (mcu::PinMode)1>()::pin
 .bss._ZZN3Pin4makeIN3mcu4Pin_ILNS1_6PeriphE4ELi0EEELNS1_7PinModeE1EEERDavE3pin
                0x00000000200004c4        0x8 build/main.o
                0x00000000200004c4                Pin::make<mcu::Pin_<(mcu::Periph)4, 0>, (mcu::PinMode)1>()::pin
 .bss._ZGVZN3Pin4makeIN3mcu4Pin_ILNS1_6PeriphE4ELi2EEELNS1_7PinModeE1EEERDavE3pin
                0x00000000200004cc        0x4 build/main.o
                0x00000000200004cc                guard variable for Pin::make<mcu::Pin_<(mcu::Periph)4, 2>, (mcu::PinMode)1>()::pin
 .bss._ZZN3Pin4makeIN3mcu4Pin_ILNS1_6PeriphE4ELi2EEELNS1_7PinModeE1EEERDavE3pin
                0x00000000200004d0        0x8 build/main.o
                0x00000000200004d0                Pin::make<mcu::Pin_<(mcu::Periph)4, 2>, (mcu::PinMode)1>()::pin
 .bss._ZGVZN3Pin4makeIN3mcu4Pin_ILNS1_6PeriphE4ELi10EEELNS1_7PinModeE1EEERDavE3pin
                0x00000000200004d8        0x4 build/main.o
                0x00000000200004d8                guard variable for Pin::make<mcu::Pin_<(mcu::Periph)4, 10>, (mcu::PinMode)1>()::pin
 .bss._ZZN3Pin4makeIN3mcu4Pin_ILNS1_6PeriphE4ELi10EEELNS1_7PinModeE1EEERDavE3pin
                0x00000000200004dc        0x8 build/main.o
                0x00000000200004dc                Pin::make<mcu::Pin_<(mcu::Periph)4, 10>, (mcu::PinMode)1>()::pin
 .bss._ZGVZN3Pin4makeIN3mcu4Pin_ILNS1_6PeriphE4ELi1EEELNS1_7PinModeE1EEERDavE3pin
                0x00000000200004e4        0x4 build/main.o
                0x00000000200004e4                guard variable for Pin::make<mcu::Pin_<(mcu::Periph)4, 1>, (mcu::PinMode)1>()::pin
 .bss._ZZN3Pin4makeIN3mcu4Pin_ILNS1_6PeriphE4ELi1EEELNS1_7PinModeE1EEERDavE3pin
                0x00000000200004e8        0x8 build/main.o
                0x00000000200004e8                Pin::make<mcu::Pin_<(mcu::Periph)4, 1>, (mcu::PinMode)1>()::pin
 .bss._ZGVZN11ADC_channel4makeIN3mcu4Pin_ILNS1_6PeriphE3ELi0EEEEERS_vE3res
                0x00000000200004f0        0x4 build/main.o
                0x00000000200004f0                guard variable for ADC_channel::make<mcu::Pin_<(mcu::Periph)3, 0> >()::res
 .bss._ZZN11ADC_channel4makeIN3mcu4Pin_ILNS1_6PeriphE3ELi0EEEEERS_vE3res
                0x00000000200004f4       0x14 build/main.o
                0x00000000200004f4                ADC_channel::make<mcu::Pin_<(mcu::Periph)3, 0> >()::res
 .bss._ZGVZN3Pin4makeIN3mcu4Pin_ILNS1_6PeriphE3ELi0EEELNS1_7PinModeE2EEERDavE3pin
                0x0000000020000508        0x4 build/main.o
                0x0000000020000508                guard variable for Pin::make<mcu::Pin_<(mcu::Periph)3, 0>, (mcu::PinMode)2>()::pin
 .bss._ZZN3Pin4makeIN3mcu4Pin_ILNS1_6PeriphE3ELi0EEELNS1_7PinModeE2EEERDavE3pin
                0x000000002000050c        0x8 build/main.o
                0x000000002000050c                Pin::make<mcu::Pin_<(mcu::Periph)3, 0>, (mcu::PinMode)2>()::pin
 .bss._ZGVZN3Pin4makeIN3mcu4Pin_ILNS1_6PeriphE3ELi9EEELNS1_7PinModeE1EEERDavE3pin
                0x0000000020000514        0x4 build/main.o
                0x0000000020000514                guard variable for Pin::make<mcu::Pin_<(mcu::Periph)3, 9>, (mcu::PinMode)1>()::pin
 .bss._ZZN3Pin4makeIN3mcu4Pin_ILNS1_6PeriphE3ELi9EEELNS1_7PinModeE1EEERDavE3pin
                0x0000000020000518        0x8 build/main.o
                0x0000000020000518                Pin::make<mcu::Pin_<(mcu::Periph)3, 9>, (mcu::PinMode)1>()::pin
 .bss._ZGVZN3Pin4makeIN3mcu4Pin_ILNS1_6PeriphE4ELi15EEELNS1_7PinModeE1EEERDavE3pin
                0x0000000020000520        0x4 build/main.o
                0x0000000020000520                guard variable for Pin::make<mcu::Pin_<(mcu::Periph)4, 15>, (mcu::PinMode)1>()::pin
 .bss._ZZN3Pin4makeIN3mcu4Pin_ILNS1_6PeriphE4ELi15EEELNS1_7PinModeE1EEERDavE3pin
                0x0000000020000524        0x8 build/main.o
                0x0000000020000524                Pin::make<mcu::Pin_<(mcu::Periph)4, 15>, (mcu::PinMode)1>()::pin
 .bss._ZGVZN3Pin4makeIN3mcu4Pin_ILNS1_6PeriphE4ELi14EEELNS1_7PinModeE1EEERDavE3pin
                0x000000002000052c        0x4 build/main.o
                0x000000002000052c                guard variable for Pin::make<mcu::Pin_<(mcu::Periph)4, 14>, (mcu::PinMode)1>()::pin
 .bss._ZZN3Pin4makeIN3mcu4Pin_ILNS1_6PeriphE4ELi14EEELNS1_7PinModeE1EEERDavE3pin
                0x0000000020000530        0x8 build/main.o
                0x0000000020000530                Pin::make<mcu::Pin_<(mcu::Periph)4, 14>, (mcu::PinMode)1>()::pin
 .bss._ZGVZN3Pin4makeIN3mcu4Pin_ILNS1_6PeriphE3ELi12EEELNS1_7PinModeE0EEERDavE3pin
                0x0000000020000538        0x4 build/main.o
                0x0000000020000538                guard variable for Pin::make<mcu::Pin_<(mcu::Periph)3, 12>, (mcu::PinMode)0>()::pin
 .bss._ZZN3Pin4makeIN3mcu4Pin_ILNS1_6PeriphE3ELi12EEELNS1_7PinModeE0EEERDavE3pin
                0x000000002000053c        0x8 build/main.o
                0x000000002000053c                Pin::make<mcu::Pin_<(mcu::Periph)3, 12>, (mcu::PinMode)0>()::pin
 .bss._ZGVZN3Pin4makeIN3mcu4Pin_ILNS1_6PeriphE4ELi13EEELNS1_7PinModeE0EEERDavE3pin
                0x0000000020000544        0x4 build/main.o
                0x0000000020000544                guard variable for Pin::make<mcu::Pin_<(mcu::Periph)4, 13>, (mcu::PinMode)0>()::pin
 .bss._ZZN3Pin4makeIN3mcu4Pin_ILNS1_6PeriphE4ELi13EEELNS1_7PinModeE0EEERDavE3pin
                0x0000000020000548        0x8 build/main.o
                0x0000000020000548                Pin::make<mcu::Pin_<(mcu::Periph)4, 13>, (mcu::PinMode)0>()::pin
 .bss._ZGVZN3Pin4makeIN3mcu4Pin_ILNS1_6PeriphE7ELi7EEELNS1_7PinModeE0EEERDavE3pin
                0x0000000020000550        0x4 build/main.o
                0x0000000020000550                guard variable for Pin::make<mcu::Pin_<(mcu::Periph)7, 7>, (mcu::PinMode)0>()::pin
 .bss._ZZN3Pin4makeIN3mcu4Pin_ILNS1_6PeriphE7ELi7EEELNS1_7PinModeE0EEERDavE3pin
                0x0000000020000554        0x8 build/main.o
                0x0000000020000554                Pin::make<mcu::Pin_<(mcu::Periph)7, 7>, (mcu::PinMode)0>()::pin
 .bss._ZGVZN3Pin4makeIN3mcu4Pin_ILNS1_6PeriphE3ELi10EEELNS1_7PinModeE0EEERDavE3pin
                0x000000002000055c        0x4 build/main.o
                0x000000002000055c                guard variable for Pin::make<mcu::Pin_<(mcu::Periph)3, 10>, (mcu::PinMode)0>()::pin
 .bss._ZZN3Pin4makeIN3mcu4Pin_ILNS1_6PeriphE3ELi10EEELNS1_7PinModeE0EEERDavE3pin
                0x0000000020000560        0x8 build/main.o
                0x0000000020000560                Pin::make<mcu::Pin_<(mcu::Periph)3, 10>, (mcu::PinMode)0>()::pin
 .bss._ZGVZN3Pin4makeIN3mcu4Pin_ILNS1_6PeriphE3ELi11EEELNS1_7PinModeE0EEERDavE3pin
                0x0000000020000568        0x4 build/main.o
                0x0000000020000568                guard variable for Pin::make<mcu::Pin_<(mcu::Periph)3, 11>, (mcu::PinMode)0>()::pin
 .bss._ZZN3Pin4makeIN3mcu4Pin_ILNS1_6PeriphE3ELi11EEELNS1_7PinModeE0EEERDavE3pin
                0x000000002000056c        0x8 build/main.o
                0x000000002000056c                Pin::make<mcu::Pin_<(mcu::Periph)3, 11>, (mcu::PinMode)0>()::pin
 .bss._ZGVZN3Pin4makeIN3mcu4Pin_ILNS1_6PeriphE4ELi4EEELNS1_7PinModeE0EEERDavE3pin
                0x0000000020000574        0x4 build/main.o
                0x0000000020000574                guard variable for Pin::make<mcu::Pin_<(mcu::Periph)4, 4>, (mcu::PinMode)0>()::pin
 .bss._ZZN3Pin4makeIN3mcu4Pin_ILNS1_6PeriphE4ELi4EEELNS1_7PinModeE0EEERDavE3pin
                0x0000000020000578        0x8 build/main.o
                0x0000000020000578                Pin::make<mcu::Pin_<(mcu::Periph)4, 4>, (mcu::PinMode)0>()::pin
 .bss._ZGVZN3Pin4makeIN3mcu4Pin_ILNS1_6PeriphE4ELi5EEELNS1_7PinModeE0EEERDavE3pin
                0x0000000020000580        0x4 build/main.o
                0x0000000020000580                guard variable for Pin::make<mcu::Pin_<(mcu::Periph)4, 5>, (mcu::PinMode)0>()::pin
 .bss._ZZN3Pin4makeIN3mcu4Pin_ILNS1_6PeriphE4ELi5EEELNS1_7PinModeE0EEERDavE3pin
                0x0000000020000584        0x8 build/main.o
                0x0000000020000584                Pin::make<mcu::Pin_<(mcu::Periph)4, 5>, (mcu::PinMode)0>()::pin
 .bss._ZGVZN3Pin4makeIN3mcu4Pin_ILNS1_6PeriphE7ELi6EEELNS1_7PinModeE1EEERDavE3pin
                0x000000002000058c        0x4 build/main.o
                0x000000002000058c                guard variable for Pin::make<mcu::Pin_<(mcu::Periph)7, 6>, (mcu::PinMode)1>()::pin
 .bss._ZZN3Pin4makeIN3mcu4Pin_ILNS1_6PeriphE7ELi6EEELNS1_7PinModeE1EEERDavE3pin
                0x0000000020000590        0x8 build/main.o
                0x0000000020000590                Pin::make<mcu::Pin_<(mcu::Periph)7, 6>, (mcu::PinMode)1>()::pin
 .bss._ZGVZN3Pin4makeIN3mcu4Pin_ILNS1_6PeriphE3ELi5EEELNS1_7PinModeE1EEERDavE3pin
                0x0000000020000598        0x4 build/main.o
                0x0000000020000598                guard variable for Pin::make<mcu::Pin_<(mcu::Periph)3, 5>, (mcu::PinMode)1>()::pin
 .bss._ZZN3Pin4makeIN3mcu4Pin_ILNS1_6PeriphE3ELi5EEELNS1_7PinModeE1EEERDavE3pin
                0x000000002000059c        0x8 build/main.o
                0x000000002000059c                Pin::make<mcu::Pin_<(mcu::Periph)3, 5>, (mcu::PinMode)1>()::pin
 .bss._ZGVZN3Pin4makeIN3mcu4Pin_ILNS1_6PeriphE3ELi4EEELNS1_7PinModeE1EEERDavE3pin
                0x00000000200005a4        0x4 build/main.o
                0x00000000200005a4                guard variable for Pin::make<mcu::Pin_<(mcu::Periph)3, 4>, (mcu::PinMode)1>()::pin
 .bss._ZZN3Pin4makeIN3mcu4Pin_ILNS1_6PeriphE3ELi4EEELNS1_7PinModeE1EEERDavE3pin
                0x00000000200005a8        0x8 build/main.o
                0x00000000200005a8                Pin::make<mcu::Pin_<(mcu::Periph)3, 4>, (mcu::PinMode)1>()::pin
 .bss._ZGVZN3Pin4makeIN3mcu4Pin_ILNS1_6PeriphE3ELi3EEELNS1_7PinModeE1EEERDavE3pin
                0x00000000200005b0        0x4 build/main.o
                0x00000000200005b0                guard variable for Pin::make<mcu::Pin_<(mcu::Periph)3, 3>, (mcu::PinMode)1>()::pin
 .bss._ZZN3Pin4makeIN3mcu4Pin_ILNS1_6PeriphE3ELi3EEELNS1_7PinModeE1EEERDavE3pin
                0x00000000200005b4        0x8 build/main.o
                0x00000000200005b4                Pin::make<mcu::Pin_<(mcu::Periph)3, 3>, (mcu::PinMode)1>()::pin
 .bss._ZGVZN3Pin4makeIN3mcu4Pin_ILNS1_6PeriphE3ELi2EEELNS1_7PinModeE1EEERDavE3pin
                0x00000000200005bc        0x4 build/main.o
                0x00000000200005bc                guard variable for Pin::make<mcu::Pin_<(mcu::Periph)3, 2>, (mcu::PinMode)1>()::pin
 .bss._ZZN3Pin4makeIN3mcu4Pin_ILNS1_6PeriphE3ELi2EEELNS1_7PinModeE1EEERDavE3pin
                0x00000000200005c0        0x8 build/main.o
                0x00000000200005c0                Pin::make<mcu::Pin_<(mcu::Periph)3, 2>, (mcu::PinMode)1>()::pin
 .bss._ZGVZN3Pin4makeIN3mcu4Pin_ILNS1_6PeriphE5ELi13EEELNS1_7PinModeE0EEERDavE3pin
                0x00000000200005c8        0x4 build/main.o
                0x00000000200005c8                guard variable for Pin::make<mcu::Pin_<(mcu::Periph)5, 13>, (mcu::PinMode)0>()::pin
 .bss._ZZN3Pin4makeIN3mcu4Pin_ILNS1_6PeriphE5ELi13EEELNS1_7PinModeE0EEERDavE3pin
                0x00000000200005cc        0x8 build/main.o
                0x00000000200005cc                Pin::make<mcu::Pin_<(mcu::Periph)5, 13>, (mcu::PinMode)0>()::pin
 .bss._ZGVZN3Pin4makeIN3mcu4Pin_ILNS1_6PeriphE5ELi14EEELNS1_7PinModeE0EEERDavE3pin
                0x00000000200005d4        0x4 build/main.o
                0x00000000200005d4                guard variable for Pin::make<mcu::Pin_<(mcu::Periph)5, 14>, (mcu::PinMode)0>()::pin
 .bss._ZZN3Pin4makeIN3mcu4Pin_ILNS1_6PeriphE5ELi14EEELNS1_7PinModeE0EEERDavE3pin
                0x00000000200005d8        0x8 build/main.o
                0x00000000200005d8                Pin::make<mcu::Pin_<(mcu::Periph)5, 14>, (mcu::PinMode)0>()::pin
 .bss._ZGVZN11ADC_average4makeILN3mcu6PeriphE15ELS2_30EEERS_jE3res
                0x00000000200005e0        0x4 build/main.o
                0x00000000200005e0                guard variable for ADC_average::make<(mcu::Periph)15, (mcu::Periph)30>(unsigned int)::res
 .bss._ZZN11ADC_average4makeILN3mcu6PeriphE15ELS2_30EEERS_jE3res
                0x00000000200005e4       0x40 build/main.o
                0x00000000200005e4                ADC_average::make<(mcu::Periph)15, (mcu::Periph)30>(unsigned int)::res
 .bss._ZGVZN11Mode_switch4makeIN3mcu4Pin_ILNS1_6PeriphE4ELi14EEENS2_ILS3_4ELi15EEENS2_ILS3_3ELi9EEEEERDavE11mode_switch
                0x0000000020000624        0x4 build/main.o
                0x0000000020000624                guard variable for Mode_switch::make<mcu::Pin_<(mcu::Periph)4, 14>, mcu::Pin_<(mcu::Periph)4, 15>, mcu::Pin_<(mcu::Periph)3, 9> >()::mode_switch
 .bss._ZZN11Mode_switch4makeIN3mcu4Pin_ILNS1_6PeriphE4ELi14EEENS2_ILS3_4ELi15EEENS2_ILS3_3ELi9EEEEERDavE11mode_switch
                0x0000000020000628       0x1c build/main.o
                0x0000000020000628                Mode_switch::make<mcu::Pin_<(mcu::Periph)4, 14>, mcu::Pin_<(mcu::Periph)4, 15>, mcu::Pin_<(mcu::Periph)3, 9> >()::mode_switch
 .bss._ZGVZN3PWM4makeILN3mcu6PeriphE17ENS1_4Pin_ILS2_3ELi8EEEEERDatE3pwm
                0x0000000020000644        0x4 build/main.o
                0x0000000020000644                guard variable for PWM::make<(mcu::Periph)17, mcu::Pin_<(mcu::Periph)3, 8> >(unsigned short)::pwm
 .bss._ZZN3PWM4makeILN3mcu6PeriphE17ENS1_4Pin_ILS2_3ELi8EEEEERDatE3pwm
                0x0000000020000648       0x20 build/main.o
                0x0000000020000648                PWM::make<(mcu::Periph)17, mcu::Pin_<(mcu::Periph)3, 8> >(unsigned short)::pwm
 .bss._ZGVZN3Pin4makeIN3mcu4Pin_ILNS1_6PeriphE3ELi8EEELNS1_7PinModeE5EEERDavE3pin
                0x0000000020000668        0x4 build/main.o
                0x0000000020000668                guard variable for Pin::make<mcu::Pin_<(mcu::Periph)3, 8>, (mcu::PinMode)5>()::pin
 .bss._ZZN3Pin4makeIN3mcu4Pin_ILNS1_6PeriphE3ELi8EEELNS1_7PinModeE5EEERDavE3pin
                0x000000002000066c        0x8 build/main.o
                0x000000002000066c                Pin::make<mcu::Pin_<(mcu::Periph)3, 8>, (mcu::PinMode)5>()::pin
 .bss.heap      0x0000000020000674      0x108 build/main.o
                0x0000000020000674                heap
 .bss.interrupt_DMA1_channel1
                0x000000002000077c        0x8 build/main.o
                0x000000002000077c                interrupt_DMA1_channel1
 .bss.interrupt_DMA1_channel2
                0x0000000020000784        0x8 build/main.o
                0x0000000020000784                interrupt_DMA1_channel2
 .bss.interrupt_DMA1_channel3
                0x000000002000078c        0x8 build/main.o
                0x000000002000078c                interrupt_DMA1_channel3
 .bss.interrupt_DMA1_channel4
                0x0000000020000794        0x8 build/main.o
                0x0000000020000794                interrupt_DMA1_channel4
 .bss.interrupt_DMA1_channel5
                0x000000002000079c        0x8 build/main.o
                0x000000002000079c                interrupt_DMA1_channel5
 .bss.interrupt_EXTI0
                0x00000000200007a4        0x8 build/main.o
                0x00000000200007a4                interrupt_EXTI0
 .bss.interrupt_EXTI1
                0x00000000200007ac        0x8 build/main.o
                0x00000000200007ac                interrupt_EXTI1
 .bss.interrupt_EXTI10
                0x00000000200007b4        0x8 build/main.o
                0x00000000200007b4                interrupt_EXTI10
 .bss.interrupt_EXTI11
                0x00000000200007bc        0x8 build/main.o
                0x00000000200007bc                interrupt_EXTI11
 .bss.interrupt_EXTI12
                0x00000000200007c4        0x8 build/main.o
                0x00000000200007c4                interrupt_EXTI12
 .bss.interrupt_EXTI13
                0x00000000200007cc        0x8 build/main.o
                0x00000000200007cc                interrupt_EXTI13
 .bss.interrupt_EXTI14
                0x00000000200007d4        0x8 build/main.o