Archive member included to satisfy reference by file (symbol)

/usr/lib/gcc/arm-none-eabi/9.2.1/../../../arm-none-eabi/lib/thumb/v6-m/nofp/libstdc++_nano.a(atexit_arm.o)
                              build/main.o (__aeabi_atexit)
/usr/lib/gcc/arm-none-eabi/9.2.1/../../../arm-none-eabi/lib/thumb/v6-m/nofp/libstdc++_nano.a(functional.o)
                              build/main.o (std::__throw_bad_function_call())
/usr/lib/gcc/arm-none-eabi/9.2.1/../../../arm-none-eabi/lib/thumb/v6-m/nofp/libstdc++_nano.a(del_op.o)
                              /usr/lib/gcc/arm-none-eabi/9.2.1/../../../arm-none-eabi/lib/thumb/v6-m/nofp/libstdc++_nano.a(functional.o) (operator delete(void*))
/usr/lib/gcc/arm-none-eabi/9.2.1/../../../arm-none-eabi/lib/thumb/v6-m/nofp/libstdc++_nano.a(eh_exception.o)
                              /usr/lib/gcc/arm-none-eabi/9.2.1/../../../arm-none-eabi/lib/thumb/v6-m/nofp/libstdc++_nano.a(functional.o) (std::exception::~exception())
/usr/lib/gcc/arm-none-eabi/9.2.1/../../../arm-none-eabi/lib/thumb/v6-m/nofp/libstdc++_nano.a(pure.o)
                              /usr/lib/gcc/arm-none-eabi/9.2.1/../../../arm-none-eabi/lib/thumb/v6-m/nofp/libstdc++_nano.a(eh_exception.o) (__cxa_pure_virtual)
/usr/lib/gcc/arm-none-eabi/9.2.1/../../../arm-none-eabi/lib/thumb/v6-m/nofp/libstdc++_nano.a(si_class_type_info.o)
                              /usr/lib/gcc/arm-none-eabi/9.2.1/../../../arm-none-eabi/lib/thumb/v6-m/nofp/libstdc++_nano.a(functional.o) (vtable for __cxxabiv1::__si_class_type_info)
/usr/lib/gcc/arm-none-eabi/9.2.1/../../../arm-none-eabi/lib/thumb/v6-m/nofp/libstdc++_nano.a(tinfo.o)
                              /usr/lib/gcc/arm-none-eabi/9.2.1/../../../arm-none-eabi/lib/thumb/v6-m/nofp/libstdc++_nano.a(si_class_type_info.o) (std::type_info::__is_pointer_p() const)
/usr/lib/gcc/arm-none-eabi/9.2.1/../../../arm-none-eabi/lib/thumb/v6-m/nofp/libstdc++_nano.a(class_type_info.o)
                              /usr/lib/gcc/arm-none-eabi/9.2.1/../../../arm-none-eabi/lib/thumb/v6-m/nofp/libstdc++_nano.a(si_class_type_info.o) (__cxxabiv1::__class_type_info::__do_upcast(__cxxabiv1::__class_type_info const*, void**) const)
/usr/lib/gcc/arm-none-eabi/9.2.1/../../../arm-none-eabi/lib/thumb/v6-m/nofp/libstdc++_nano.a(del_ops.o)
                              /usr/lib/gcc/arm-none-eabi/9.2.1/../../../arm-none-eabi/lib/thumb/v6-m/nofp/libstdc++_nano.a(eh_exception.o) (operator delete(void*, unsigned int))
/usr/lib/gcc/arm-none-eabi/9.2.1/../../../arm-none-eabi/lib/thumb/v6-m/nofp/libstdc++_nano.a(eh_terminate.o)
                              /usr/lib/gcc/arm-none-eabi/9.2.1/../../../arm-none-eabi/lib/thumb/v6-m/nofp/libstdc++_nano.a(pure.o) (std::terminate())
/usr/lib/gcc/arm-none-eabi/9.2.1/../../../arm-none-eabi/lib/thumb/v6-m/nofp/libstdc++_nano.a(eh_unex_handler.o)
                              /usr/lib/gcc/arm-none-eabi/9.2.1/../../../arm-none-eabi/lib/thumb/v6-m/nofp/libstdc++_nano.a(eh_terminate.o) (__cxxabiv1::__unexpected_handler)
/usr/lib/gcc/arm-none-eabi/9.2.1/../../../arm-none-eabi/lib/thumb/v6-m/nofp/libstdc++_nano.a(eh_term_handler.o)
                              /usr/lib/gcc/arm-none-eabi/9.2.1/../../../arm-none-eabi/lib/thumb/v6-m/nofp/libstdc++_nano.a(eh_terminate.o) (__cxxabiv1::__terminate_handler)
/usr/lib/gcc/arm-none-eabi/9.2.1/../../../arm-none-eabi/lib/thumb/v6-m/nofp/libc_nano.a(lib_a-abort.o)
                              /usr/lib/gcc/arm-none-eabi/9.2.1/../../../arm-none-eabi/lib/thumb/v6-m/nofp/libstdc++_nano.a(functional.o) (abort)
/usr/lib/gcc/arm-none-eabi/9.2.1/../../../arm-none-eabi/lib/thumb/v6-m/nofp/libc_nano.a(lib_a-atexit.o)
                              /usr/lib/gcc/arm-none-eabi/9.2.1/../../../arm-none-eabi/lib/thumb/v6-m/nofp/crt0.o (atexit)
/usr/lib/gcc/arm-none-eabi/9.2.1/../../../arm-none-eabi/lib/thumb/v6-m/nofp/libc_nano.a(lib_a-cxa_atexit.o)
                              /usr/lib/gcc/arm-none-eabi/9.2.1/../../../arm-none-eabi/lib/thumb/v6-m/nofp/libstdc++_nano.a(atexit_arm.o) (__cxa_atexit)
/usr/lib/gcc/arm-none-eabi/9.2.1/../../../arm-none-eabi/lib/thumb/v6-m/nofp/libc_nano.a(lib_a-exit.o)
                              /usr/lib/gcc/arm-none-eabi/9.2.1/../../../arm-none-eabi/lib/thumb/v6-m/nofp/crt0.o (exit)
/usr/lib/gcc/arm-none-eabi/9.2.1/../../../arm-none-eabi/lib/thumb/v6-m/nofp/libc_nano.a(lib_a-fini.o)
                              /usr/lib/gcc/arm-none-eabi/9.2.1/../../../arm-none-eabi/lib/thumb/v6-m/nofp/crt0.o (__libc_fini_array)
/usr/lib/gcc/arm-none-eabi/9.2.1/../../../arm-none-eabi/lib/thumb/v6-m/nofp/libc_nano.a(lib_a-impure.o)
                              /usr/lib/gcc/arm-none-eabi/9.2.1/../../../arm-none-eabi/lib/thumb/v6-m/nofp/libc_nano.a(lib_a-exit.o) (_global_impure_ptr)
/usr/lib/gcc/arm-none-eabi/9.2.1/../../../arm-none-eabi/lib/thumb/v6-m/nofp/libc_nano.a(lib_a-init.o)
                              /usr/lib/gcc/arm-none-eabi/9.2.1/../../../arm-none-eabi/lib/thumb/v6-m/nofp/crt0.o (__libc_init_array)
[...]
Memory Configuration

Name             Origin             Length             Attributes
RAM              0x0000000020000000 0x0000000000001000 xrw
FLASH            0x0000000008000000 0x0000000000008000 xr
*default*        0x0000000000000000 0xffffffffffffffff

Linker script and memory map

LOAD /usr/lib/gcc/arm-none-eabi/9.2.1/thumb/v6-m/nofp/crti.o
LOAD /usr/lib/gcc/arm-none-eabi/9.2.1/thumb/v6-m/nofp/crtbegin.o
LOAD /usr/lib/gcc/arm-none-eabi/9.2.1/../../../arm-none-eabi/lib/thumb/v6-m/nofp/crt0.o
LOAD build/main.o
LOAD build/startup_stm32f030x6.o
LOAD /usr/lib/gcc/arm-none-eabi/9.2.1/../../../arm-none-eabi/lib/thumb/v6-m/nofp/libnosys.a
LOAD /usr/lib/gcc/arm-none-eabi/9.2.1/../../../arm-none-eabi/lib/thumb/v6-m/nofp/libstdc++_nano.a
LOAD /usr/lib/gcc/arm-none-eabi/9.2.1/../../../arm-none-eabi/lib/thumb/v6-m/nofp/libm.a
LOAD /usr/lib/gcc/arm-none-eabi/9.2.1/../../../arm-none-eabi/lib/thumb/v6-m/nofp/libc_nano.a
START GROUP
LOAD /usr/lib/gcc/arm-none-eabi/9.2.1/thumb/v6-m/nofp/libgcc.a
LOAD /usr/lib/gcc/arm-none-eabi/9.2.1/../../../arm-none-eabi/lib/thumb/v6-m/nofp/libc_nano.a
END GROUP
START GROUP
LOAD /usr/lib/gcc/arm-none-eabi/9.2.1/thumb/v6-m/nofp/libgcc.a
LOAD /usr/lib/gcc/arm-none-eabi/9.2.1/../../../arm-none-eabi/lib/thumb/v6-m/nofp/libc_nano.a
LOAD /usr/lib/gcc/arm-none-eabi/9.2.1/../../../arm-none-eabi/lib/thumb/v6-m/nofp/libnosys.a
END GROUP
START GROUP
LOAD /usr/lib/gcc/arm-none-eabi/9.2.1/thumb/v6-m/nofp/libgcc.a
LOAD /usr/lib/gcc/arm-none-eabi/9.2.1/../../../arm-none-eabi/lib/thumb/v6-m/nofp/libc_nano.a
LOAD /usr/lib/gcc/arm-none-eabi/9.2.1/../../../arm-none-eabi/lib/thumb/v6-m/nofp/libnosys.a
END GROUP
LOAD /usr/lib/gcc/arm-none-eabi/9.2.1/thumb/v6-m/nofp/crtend.o
LOAD /usr/lib/gcc/arm-none-eabi/9.2.1/thumb/v6-m/nofp/crtn.o
                0x0000000020001000                _estack = 0x20001000
                0x0000000000000200                _Min_Heap_Size = 0x200
                0x0000000000000400                _Min_Stack_Size = 0x400

.isr_vector     0x0000000008000000       0xc0
                0x0000000008000000                . = ALIGN (0x4)
 *(.isr_vector)
 .isr_vector    0x0000000008000000       0xc0 build/startup_stm32f030x6.o
                0x0000000008000000                g_pfnVectors
                0x00000000080000c0                . = ALIGN (0x4)

.text           0x00000000080000c0     0x46f8
                0x00000000080000c0                . = ALIGN (0x4)
 *(.text)
 .text          0x00000000080000c0       0x98 /usr/lib/gcc/arm-none-eabi/9.2.1/thumb/v6-m/nofp/crtbegin.o
 .text          0x0000000008000158       0x10 /usr/lib/gcc/arm-none-eabi/9.2.1/../../../arm-none-eabi/lib/thumb/v6-m/nofp/libc_nano.a(lib_a-abort.o)
                0x0000000008000158                abort
 .text          0x0000000008000168       0x20 /usr/lib/gcc/arm-none-eabi/9.2.1/../../../arm-none-eabi/lib/thumb/v6-m/nofp/libc_nano.a(lib_a-cxa_atexit.o)
                0x0000000008000168                __cxa_atexit
 .text          0x0000000008000188       0x44 /usr/lib/gcc/arm-none-eabi/9.2.1/../../../arm-none-eabi/lib/thumb/v6-m/nofp/libc_nano.a(lib_a-init.o)
                0x0000000008000188                __libc_init_array
 .text          0x00000000080001cc       0x28 /usr/lib/gcc/arm-none-eabi/9.2.1/../../../arm-none-eabi/lib/thumb/v6-m/nofp/libc_nano.a(lib_a-malloc.o)
                0x00000000080001cc                malloc
                0x00000000080001e0                free
 .text          0x00000000080001f4       0xa8 /usr/lib/gcc/arm-none-eabi/9.2.1/../../../arm-none-eabi/lib/thumb/v6-m/nofp/libc_nano.a(lib_a-memcpy-stub.o)
                0x00000000080001f4                memcpy
 .text          0x000000000800029c       0xa8 /usr/lib/gcc/arm-none-eabi/9.2.1/../../../arm-none-eabi/lib/thumb/v6-m/nofp/libc_nano.a(lib_a-memset.o)
                0x000000000800029c                memset
 .text          0x0000000008000344       0xac /usr/lib/gcc/arm-none-eabi/9.2.1/../../../arm-none-eabi/lib/thumb/v6-m/nofp/libc_nano.a(lib_a-nano-freer.o)
                0x0000000008000344                _free_r
 .text          0x00000000080003f0       0xcc /usr/lib/gcc/arm-none-eabi/9.2.1/../../../arm-none-eabi/lib/thumb/v6-m/nofp/libc_nano.a(lib_a-nano-mallocr.o)
                0x00000000080003f0                _malloc_r
 .text          0x00000000080004bc       0x24 /usr/lib/gcc/arm-none-eabi/9.2.1/../../../arm-none-eabi/lib/thumb/v6-m/nofp/libc_nano.a(lib_a-sbrkr.o)
                0x00000000080004bc                _sbrk_r
 .text          0x00000000080004e0      0x178 /usr/lib/gcc/arm-none-eabi/9.2.1/../../../arm-none-eabi/lib/thumb/v6-m/nofp/libc_nano.a(lib_a-signal.o)
                0x0000000008000508                _init_signal_r
                0x0000000008000520                _signal_r
                0x0000000008000558                _raise_r
                0x00000000080005b0                __sigtramp_r
                0x00000000080005fc                raise
                0x0000000008000610                signal
                0x0000000008000628                _init_signal
                0x0000000008000644                __sigtramp
 .text          0x0000000008000658       0x30 /usr/lib/gcc/arm-none-eabi/9.2.1/../../../arm-none-eabi/lib/thumb/v6-m/nofp/libc_nano.a(lib_a-signalr.o)
                0x0000000008000658                _kill_r
                0x0000000008000680                _getpid_r
 .text          0x0000000008000688       0xdc /usr/lib/gcc/arm-none-eabi/9.2.1/../../../arm-none-eabi/lib/thumb/v6-m/nofp/libc_nano.a(lib_a-__atexit.o)
                0x0000000008000688                __register_exitproc
 .text          0x0000000008000764        0x8 /usr/lib/gcc/arm-none-eabi/9.2.1/../../../arm-none-eabi/lib/thumb/v6-m/nofp/libc_nano.a(lib_a-mlock.o)
                0x0000000008000764                __malloc_lock
                0x0000000008000768                __malloc_unlock
 .text          0x000000000800076c       0x14 /usr/lib/gcc/arm-none-eabi/9.2.1/thumb/v6-m/nofp/libgcc.a(_thumb1_case_uqi.o)
                0x000000000800076c                __gnu_thumb1_case_uqi
 .text          0x0000000008000780       0x14 /usr/lib/gcc/arm-none-eabi/9.2.1/thumb/v6-m/nofp/libgcc.a(_thumb1_case_uhi.o)
                0x0000000008000780                __gnu_thumb1_case_uhi
 .text          0x0000000008000794      0x114 /usr/lib/gcc/arm-none-eabi/9.2.1/thumb/v6-m/nofp/libgcc.a(_udivsi3.o)
                0x0000000008000794                __udivsi3
                0x0000000008000794                __aeabi_uidiv
                0x00000000080008a0                __aeabi_uidivmod
 .text          0x00000000080008a8      0x1d4 /usr/lib/gcc/arm-none-eabi/9.2.1/thumb/v6-m/nofp/libgcc.a(_divsi3.o)
                0x00000000080008a8                __aeabi_idiv
                0x00000000080008a8                __divsi3
                0x0000000008000a74                __aeabi_idivmod
 .text          0x0000000008000a7c        0x4 /usr/lib/gcc/arm-none-eabi/9.2.1/thumb/v6-m/nofp/libgcc.a(_dvmd_tls.o)
                0x0000000008000a7c                __aeabi_ldiv0
                0x0000000008000a7c                __aeabi_idiv0
 .text          0x0000000008000a80       0x10 /usr/lib/gcc/arm-none-eabi/9.2.1/../../../arm-none-eabi/lib/thumb/v6-m/nofp/libnosys.a(getpid.o)
                0x0000000008000a80                _getpid
 .text          0x0000000008000a90       0x10 /usr/lib/gcc/arm-none-eabi/9.2.1/../../../arm-none-eabi/lib/thumb/v6-m/nofp/libnosys.a(kill.o)
                0x0000000008000a90                _kill
 .text          0x0000000008000aa0       0x1c /usr/lib/gcc/arm-none-eabi/9.2.1/../../../arm-none-eabi/lib/thumb/v6-m/nofp/libnosys.a(sbrk.o)
                0x0000000008000aa0                _sbrk
 .text          0x0000000008000abc        0x4 /usr/lib/gcc/arm-none-eabi/9.2.1/../../../arm-none-eabi/lib/thumb/v6-m/nofp/libnosys.a(_exit.o)
                0x0000000008000abc                _exit
 *(.text*)
 .text.NVIC_EnableIRQ
                0x0000000008000ac0       0x14 build/main.o
 .text._ZN5Timer6notifyEv
                0x0000000008000ad4        0x8 build/main.o
                0x0000000008000ad4                Timer::notify()
 .text._ZNSt14_Function_base13_Base_managerIZZN3UZVIZ4mainE10Flash_data3SSIIN3mcu4Pin_ILNS4_6PeriphE4ELi10EEENS5_ILS6_4ELi2EEENS5_ILS6_4ELi0EEENS5_ILS6_3ELi7EEENS5_ILS6_3ELi6EEENS5_ILS6_4ELi12EEENS5_ILS6_4ELi11EEENS5_ILS6_4ELi1EEENS5_ILS6_4ELi3EEENS5_ILS6_3ELi15EEENS5_ILS6_4ELi9EEENS5_ILS6_4ELi8EEENS5_ILS6_4ELi7EEENS5_ILS6_4ELi6EEEEE17init_set_max_tempEvENKUlvE_clEvEUlvE_E10_M_managerERSt9_Any_dataRKSQ_St18_Manager_operation
                0x0000000008000adc       0x18 build/main.o
 .text._ZNSt14_Function_base13_Base_managerIZZN3UZVIZ4mainE10Flash_data3SSIIN3mcu4Pin_ILNS4_6PeriphE4ELi10EEENS5_ILS6_4ELi2EEENS5_ILS6_4ELi0EEENS5_ILS6_3ELi7EEENS5_ILS6_3ELi6EEENS5_ILS6_4ELi12EEENS5_ILS6_4ELi11EEENS5_ILS6_4ELi1EEENS5_ILS6_4ELi3EEENS5_ILS6_3ELi15EEENS5_ILS6_4ELi9EEENS5_ILS6_4ELi8EEENS5_ILS6_4ELi7EEENS5_ILS6_4ELi6EEEEE17init_set_max_tempEvENKUlvE_clEvEUlvE0_E10_M_managerERSt9_Any_dataRKSQ_St18_Manager_operation
                0x0000000008000af4       0x18 build/main.o
 .text._ZNSt14_Function_base13_Base_managerIZN3UZVIZ4mainE10Flash_data3SSIIN3mcu4Pin_ILNS4_6PeriphE4ELi10EEENS5_ILS6_4ELi2EEENS5_ILS6_4ELi0EEENS5_ILS6_3ELi7EEENS5_ILS6_3ELi6EEENS5_ILS6_4ELi12EEENS5_ILS6_4ELi11EEENS5_ILS6_4ELi1EEENS5_ILS6_4ELi3EEENS5_ILS6_3ELi15EEENS5_ILS6_4ELi9EEENS5_ILS6_4ELi8EEENS5_ILS6_4ELi7EEENS5_ILS6_4ELi6EEEEE17init_set_max_tempEvEUlvE_E10_M_managerERSt9_Any_dataRKSP_St18_Manager_operation
                0x0000000008000b0c       0x18 build/main.o
 .text._ZNSt14_Function_base13_Base_managerIZZN3UZVIZ4mainE10Flash_data3SSIIN3mcu4Pin_ILNS4_6PeriphE4ELi10EEENS5_ILS6_4ELi2EEENS5_ILS6_4ELi0EEENS5_ILS6_3ELi7EEENS5_ILS6_3ELi6EEENS5_ILS6_4ELi12EEENS5_ILS6_4ELi11EEENS5_ILS6_4ELi1EEENS5_ILS6_4ELi3EEENS5_ILS6_3ELi15EEENS5_ILS6_4ELi9EEENS5_ILS6_4ELi8EEENS5_ILS6_4ELi7EEENS5_ILS6_4ELi6EEEEE17init_set_max_timeEvENKUlvE_clEvEUlvE_E10_M_managerERSt9_Any_dataRKSQ_St18_Manager_operation
                0x0000000008000b24       0x18 build/main.o
 .text._ZNSt14_Function_base13_Base_managerIZZN3UZVIZ4mainE10Flash_data3SSIIN3mcu4Pin_ILNS4_6PeriphE4ELi10EEENS5_ILS6_4ELi2EEENS5_ILS6_4ELi0EEENS5_ILS6_3ELi7EEENS5_ILS6_3ELi6EEENS5_ILS6_4ELi12EEENS5_ILS6_4ELi11EEENS5_ILS6_4ELi1EEENS5_ILS6_4ELi3EEENS5_ILS6_3ELi15EEENS5_ILS6_4ELi9EEENS5_ILS6_4ELi8EEENS5_ILS6_4ELi7EEENS5_ILS6_4ELi6EEEEE17init_set_max_timeEvENKUlvE_clEvEUlvE0_E10_M_managerERSt9_Any_dataRKSQ_St18_Manager_operation
                0x0000000008000b3c       0x18 build/main.o
 .text._ZNSt14_Function_base13_Base_managerIZN3UZVIZ4mainE10Flash_data3SSIIN3mcu4Pin_ILNS4_6PeriphE4ELi10EEENS5_ILS6_4ELi2EEENS5_ILS6_4ELi0EEENS5_ILS6_3ELi7EEENS5_ILS6_3ELi6EEENS5_ILS6_4ELi12EEENS5_ILS6_4ELi11EEENS5_ILS6_4ELi1EEENS5_ILS6_4ELi3EEENS5_ILS6_3ELi15EEENS5_ILS6_4ELi9EEENS5_ILS6_4ELi8EEENS5_ILS6_4ELi7EEENS5_ILS6_4ELi6EEEEE17init_set_max_timeEvEUlvE_E10_M_managerERSt9_Any_dataRKSP_St18_Manager_operation
                0x0000000008000b54       0x18 build/main.o
 .text._ZNSt14_Function_base13_Base_managerIZN3UZVIZ4mainE10Flash_data3SSIIN3mcu4Pin_ILNS4_6PeriphE4ELi10EEENS5_ILS6_4ELi2EEENS5_ILS6_4ELi0EEENS5_ILS6_3ELi7EEENS5_ILS6_3ELi6EEENS5_ILS6_4ELi12EEENS5_ILS6_4ELi11EEENS5_ILS6_4ELi1EEENS5_ILS6_4ELi3EEENS5_ILS6_3ELi15EEENS5_ILS6_4ELi9EEENS5_ILS6_4ELi8EEENS5_ILS6_4ELi7EEENS5_ILS6_4ELi6EEEEE9init_modeEvEUlvE_E10_M_managerERSt9_Any_dataRKSP_St18_Manager_operation
                0x0000000008000b6c       0x18 build/main.o
 .text._ZNSt14_Function_base13_Base_managerIZN3UZVIZ4mainE10Flash_data3SSIIN3mcu4Pin_ILNS4_6PeriphE4ELi10EEENS5_ILS6_4ELi2EEENS5_ILS6_4ELi0EEENS5_ILS6_3ELi7EEENS5_ILS6_3ELi6EEENS5_ILS6_4ELi12EEENS5_ILS6_4ELi11EEENS5_ILS6_4ELi1EEENS5_ILS6_4ELi3EEENS5_ILS6_3ELi15EEENS5_ILS6_4ELi9EEENS5_ILS6_4ELi8EEENS5_ILS6_4ELi7EEENS5_ILS6_4ELi6EEEEE9init_timeEvEUlvE_E10_M_managerERSt9_Any_dataRKSP_St18_Manager_operation
                0x0000000008000b84       0x18 build/main.o
 .text._ZNSt14_Function_base13_Base_managerIZN3UZVIZ4mainE10Flash_data3SSIIN3mcu4Pin_ILNS4_6PeriphE4ELi10EEENS5_ILS6_4ELi2EEENS5_ILS6_4ELi0EEENS5_ILS6_3ELi7EEENS5_ILS6_3ELi6EEENS5_ILS6_4ELi12EEENS5_ILS6_4ELi11EEENS5_ILS6_4ELi1EEENS5_ILS6_4ELi3EEENS5_ILS6_3ELi15EEENS5_ILS6_4ELi9EEENS5_ILS6_4ELi8EEENS5_ILS6_4ELi7EEENS5_ILS6_4ELi6EEEEE9init_timeEvEUlvE0_E10_M_managerERSt9_Any_dataRKSP_St18_Manager_operation
                0x0000000008000b9c       0x18 build/main.o
 .text._ZNSt14_Function_base13_Base_managerIZN3UZVIZ4mainE10Flash_data3SSIIN3mcu4Pin_ILNS4_6PeriphE4ELi10EEENS5_ILS6_4ELi2EEENS5_ILS6_4ELi0EEENS5_ILS6_3ELi7EEENS5_ILS6_3ELi6EEENS5_ILS6_4ELi12EEENS5_ILS6_4ELi11EEENS5_ILS6_4ELi1EEENS5_ILS6_4ELi3EEENS5_ILS6_3ELi15EEENS5_ILS6_4ELi9EEENS5_ILS6_4ELi8EEENS5_ILS6_4ELi7EEENS5_ILS6_4ELi6EEEEE9init_timeEvEUlT_E1_E10_M_managerERSt9_Any_dataRKSQ_St18_Manager_operation
                0x0000000008000bb4       0x18 build/main.o
 .text._ZNSt14_Function_base13_Base_managerIZN3UZVIZ4mainE10Flash_data3SSIIN3mcu4Pin_ILNS4_6PeriphE4ELi10EEENS5_ILS6_4ELi2EEENS5_ILS6_4ELi0EEENS5_ILS6_3ELi7EEENS5_ILS6_3ELi6EEENS5_ILS6_4ELi12EEENS5_ILS6_4ELi11EEENS5_ILS6_4ELi1EEENS5_ILS6_4ELi3EEENS5_ILS6_3ELi15EEENS5_ILS6_4ELi9EEENS5_ILS6_4ELi8EEENS5_ILS6_4ELi7EEENS5_ILS6_4ELi6EEEEE9init_timeEvEUlT_E2_E10_M_managerERSt9_Any_dataRKSQ_St18_Manager_operation
                0x0000000008000bcc       0x18 build/main.o
 .text._ZNSt14_Function_base13_Base_managerIZN3UZVIZ4mainE10Flash_data3SSIIN3mcu4Pin_ILNS4_6PeriphE4ELi10EEENS5_ILS6_4ELi2EEENS5_ILS6_4ELi0EEENS5_ILS6_3ELi7EEENS5_ILS6_3ELi6EEENS5_ILS6_4ELi12EEENS5_ILS6_4ELi11EEENS5_ILS6_4ELi1EEENS5_ILS6_4ELi3EEENS5_ILS6_3ELi15EEENS5_ILS6_4ELi9EEENS5_ILS6_4ELi8EEENS5_ILS6_4ELi7EEENS5_ILS6_4ELi6EEEEE10init_startEvEUlvE_E10_M_managerERSt9_Any_dataRKSP_St18_Manager_operation
                0x0000000008000be4       0x18 build/main.o
 .text._ZNSt14_Function_base13_Base_managerIZN3UZVIZ4mainE10Flash_data3SSIIN3mcu4Pin_ILNS4_6PeriphE4ELi10EEENS5_ILS6_4ELi2EEENS5_ILS6_4ELi0EEENS5_ILS6_3ELi7EEENS5_ILS6_3ELi6EEENS5_ILS6_4ELi12EEENS5_ILS6_4ELi11EEENS5_ILS6_4ELi1EEENS5_ILS6_4ELi3EEENS5_ILS6_3ELi15EEENS5_ILS6_4ELi9EEENS5_ILS6_4ELi8EEENS5_ILS6_4ELi7EEENS5_ILS6_4ELi6EEEEE10init_startEvEUlvE0_E10_M_managerERSt9_Any_dataRKSP_St18_Manager_operation
                0x0000000008000bfc       0x18 build/main.o
 .text._ZNSt14_Function_base13_Base_managerIZN3UZVIZ4mainE10Flash_data3SSIIN3mcu4Pin_ILNS4_6PeriphE4ELi10EEENS5_ILS6_4ELi2EEENS5_ILS6_4ELi0EEENS5_ILS6_3ELi7EEENS5_ILS6_3ELi6EEENS5_ILS6_4ELi12EEENS5_ILS6_4ELi11EEENS5_ILS6_4ELi1EEENS5_ILS6_4ELi3EEENS5_ILS6_3ELi15EEENS5_ILS6_4ELi9EEENS5_ILS6_4ELi8EEENS5_ILS6_4ELi7EEENS5_ILS6_4ELi6EEEEE9init_tempEvEUlvE_E10_M_managerERSt9_Any_dataRKSP_St18_Manager_operation
                0x0000000008000c14       0x18 build/main.o
 .text._ZNSt14_Function_base13_Base_managerIZN3UZVIZ4mainE10Flash_data3SSIIN3mcu4Pin_ILNS4_6PeriphE4ELi10EEENS5_ILS6_4ELi2EEENS5_ILS6_4ELi0EEENS5_ILS6_3ELi7EEENS5_ILS6_3ELi6EEENS5_ILS6_4ELi12EEENS5_ILS6_4ELi11EEENS5_ILS6_4ELi1EEENS5_ILS6_4ELi3EEENS5_ILS6_3ELi15EEENS5_ILS6_4ELi9EEENS5_ILS6_4ELi8EEENS5_ILS6_4ELi7EEENS5_ILS6_4ELi6EEEEE9init_tempEvEUlvE0_E10_M_managerERSt9_Any_dataRKSP_St18_Manager_operation
                0x0000000008000c2c       0x18 build/main.o
 .text._ZNSt14_Function_base13_Base_managerIZN3UZVIZ4mainE10Flash_data3SSIIN3mcu4Pin_ILNS4_6PeriphE4ELi10EEENS5_ILS6_4ELi2EEENS5_ILS6_4ELi0EEENS5_ILS6_3ELi7EEENS5_ILS6_3ELi6EEENS5_ILS6_4ELi12EEENS5_ILS6_4ELi11EEENS5_ILS6_4ELi1EEENS5_ILS6_4ELi3EEENS5_ILS6_3ELi15EEENS5_ILS6_4ELi9EEENS5_ILS6_4ELi8EEENS5_ILS6_4ELi7EEENS5_ILS6_4ELi6EEEEE9init_tempEvEUlT_E1_E10_M_managerERSt9_Any_dataRKSQ_St18_Manager_operation
                0x0000000008000c44       0x18 build/main.o
 .text._ZNSt14_Function_base13_Base_managerIZN3UZVIZ4mainE10Flash_data3SSIIN3mcu4Pin_ILNS4_6PeriphE4ELi10EEENS5_ILS6_4ELi2EEENS5_ILS6_4ELi0EEENS5_ILS6_3ELi7EEENS5_ILS6_3ELi6EEENS5_ILS6_4ELi12EEENS5_ILS6_4ELi11EEENS5_ILS6_4ELi1EEENS5_ILS6_4ELi3EEENS5_ILS6_3ELi15EEENS5_ILS6_4ELi9EEENS5_ILS6_4ELi8EEENS5_ILS6_4ELi7EEENS5_ILS6_4ELi6EEEEE9init_tempEvEUlT_E2_E10_M_managerERSt9_Any_dataRKSQ_St18_Manager_operation
                0x0000000008000c5c       0x18 build/main.o
 .text._ZSt9__find_ifIPbN9__gnu_cxx5__ops12_Iter_negateIZZN18Flash_updater_implIZ4mainE10Flash_dataJLN3mcu5FLASH6SectorE26ELS8_25EEE7is_readEvENKUlvE_clEvEUlRT_E_EEESB_SB_SB_T0_St26random_access_iterator_tag.isra.0
                0x0000000008000c74       0x5c build/main.o
 .text._ZSt9__find_ifIPbN9__gnu_cxx5__ops10_Iter_predIZN18Flash_updater_implIZ4mainE10Flash_dataJLN3mcu5FLASH6SectorE26ELS8_25EEE7is_readEvEUlRT_E2_EEESA_SA_SA_T0_St26random_access_iterator_tag.isra.0
                0x0000000008000cd0       0x5c build/main.o
 .text._ZN9Interrupt9interruptEv.isra.0
                0x0000000008000d2c       0x16 build/main.o
 *fill*         0x0000000008000d42        0x2 
 .text._ZN3mcu5FLASH6unlockEv
                0x0000000008000d44       0x18 build/main.o
                0x0000000008000d44                mcu::FLASH::unlock()
 .text._ZN3mcu5FLASH11start_eraseENS0_6SectorE
                0x0000000008000d5c       0x24 build/main.o
                0x0000000008000d5c                mcu::FLASH::start_erase(mcu::FLASH::Sector)
 .text._ZNSt14_Function_baseD2Ev
                0x0000000008000d80       0x14 build/main.o
                0x0000000008000d80                std::_Function_base::~_Function_base()
                0x0000000008000d80                std::_Function_base::~_Function_base()
 .text._ZN11ADC_averageD2Ev
                0x0000000008000d94       0x18 build/main.o
                0x0000000008000d94                ADC_average::~ADC_average()
                0x0000000008000d94                ADC_average::~ADC_average()
 .text._ZN3UZVIZ4mainE10Flash_data3SSIIN3mcu4Pin_ILNS2_6PeriphE4ELi10EEENS3_ILS4_4ELi2EEENS3_ILS4_4ELi0EEENS3_ILS4_3ELi7EEENS3_ILS4_3ELi6EEENS3_ILS4_4ELi12EEENS3_ILS4_4ELi11EEENS3_ILS4_4ELi1EEENS3_ILS4_4ELi3EEENS3_ILS4_3ELi15EEENS3_ILS4_4ELi9EEENS3_ILS4_4ELi8EEENS3_ILS4_4ELi7EEENS3_ILS4_4ELi6EEEEE10init_startEv
                0x0000000008000dac       0x54 build/main.o
 .text._ZN3UZVIZ4mainE10Flash_data3SSIIN3mcu4Pin_ILNS2_6PeriphE4ELi10EEENS3_ILS4_4ELi2EEENS3_ILS4_4ELi0EEENS3_ILS4_3ELi7EEENS3_ILS4_3ELi6EEENS3_ILS4_4ELi12EEENS3_ILS4_4ELi11EEENS3_ILS4_4ELi1EEENS3_ILS4_4ELi3EEENS3_ILS4_3ELi15EEENS3_ILS4_4ELi9EEENS3_ILS4_4ELi8EEENS3_ILS4_4ELi7EEENS3_ILS4_4ELi6EEEEE9init_tempEv
                0x0000000008000e00       0x98 build/main.o
 .text._ZN3UZVIZ4mainE10Flash_data3SSIIN3mcu4Pin_ILNS2_6PeriphE4ELi10EEENS3_ILS4_4ELi2EEENS3_ILS4_4ELi0EEENS3_ILS4_3ELi7EEENS3_ILS4_3ELi6EEENS3_ILS4_4ELi12EEENS3_ILS4_4ELi11EEENS3_ILS4_4ELi1EEENS3_ILS4_4ELi3EEENS3_ILS4_3ELi15EEENS3_ILS4_4ELi9EEENS3_ILS4_4ELi8EEENS3_ILS4_4ELi7EEENS3_ILS4_4ELi6EEEEE12deinit_startEv
                0x0000000008000e98       0x32 build/main.o
 .text._ZN3UZVIZ4mainE10Flash_data3SSIIN3mcu4Pin_ILNS2_6PeriphE4ELi10EEENS3_ILS4_4ELi2EEENS3_ILS4_4ELi0EEENS3_ILS4_3ELi7EEENS3_ILS4_3ELi6EEENS3_ILS4_4ELi12EEENS3_ILS4_4ELi11EEENS3_ILS4_4ELi1EEENS3_ILS4_4ELi3EEENS3_ILS4_3ELi15EEENS3_ILS4_4ELi9EEENS3_ILS4_4ELi8EEENS3_ILS4_4ELi7EEENS3_ILS4_4ELi6EEEEE11deinit_tempEv
                0x0000000008000eca       0x56 build/main.o
 .text._ZN3UZVIZ4mainE10Flash_data3SSIIN3mcu4Pin_ILNS2_6PeriphE4ELi10EEENS3_ILS4_4ELi2EEENS3_ILS4_4ELi0EEENS3_ILS4_3ELi7EEENS3_ILS4_3ELi6EEENS3_ILS4_4ELi12EEENS3_ILS4_4ELi11EEENS3_ILS4_4ELi1EEENS3_ILS4_4ELi3EEENS3_ILS4_3ELi15EEENS3_ILS4_4ELi9EEENS3_ILS4_4ELi8EEENS3_ILS4_4ELi7EEENS3_ILS4_4ELi6EEEEE6deinitEv
                0x0000000008000f20       0x78 build/main.o
 .text._ZN9Publisher6notifyEv
                0x0000000008000f98       0x16 build/main.o
                0x0000000008000f98                Publisher::notify()
 .text._ZN11TickUpdater9interruptEv
                0x0000000008000fae       0x22 build/main.o
                0x0000000008000fae                TickUpdater::interrupt()
 .text.SysTick_Handler
                0x0000000008000fd0       0x10 build/main.o
                0x0000000008000fd0                SysTick_Handler
 .text._ZN5Timer5eventEv
                0x0000000008000fe0       0x12 build/main.o
                0x0000000008000fe0                Timer::event()
 *fill*         0x0000000008000ff2        0x2 
 .text._ZN14TickSubscriber16tick_unsubscribeEv
                0x0000000008000ff4       0x40 build/main.o
                0x0000000008000ff4                TickSubscriber::tick_unsubscribe()
 .text._ZN6Buzzer6notifyEv
                0x0000000008001034       0x3e build/main.o
                0x0000000008001034                Buzzer::notify()
 .text._ZN5Timer4stopEv
                0x0000000008001072        0xc build/main.o
                0x0000000008001072                Timer::stop()
 *fill*         0x000000000800107e        0x2 
 .text._ZN14TickSubscriber14tick_subscribeEv
                0x0000000008001080       0x28 build/main.o
                0x0000000008001080                TickSubscriber::tick_subscribe()
 .text._ZN3Pin3setEv
                0x00000000080010a8        0xc build/main.o
                0x00000000080010a8                Pin::set()
 .text._ZN3Pin5clearEv
                0x00000000080010b4        0xc build/main.o
                0x00000000080010b4                Pin::clear()
 .text._ZN3Pin6is_setEv
                0x00000000080010c0       0x16 build/main.o
                0x00000000080010c0                Pin::is_set()
 .text._ZN6ButtonIN3mcu4Pin_ILNS0_6PeriphE4ELi5EEELb1EE7is_pushEv.isra.0
                0x00000000080010d6        0xe build/main.o
 .text._ZN3PinaSEb
                0x00000000080010e4       0x14 build/main.o
                0x00000000080010e4                Pin::operator=(bool)
 .text._ZN3UZVIZ4mainE10Flash_data3SSIIN3mcu4Pin_ILNS2_6PeriphE4ELi10EEENS3_ILS4_4ELi2EEENS3_ILS4_4ELi0EEENS3_ILS4_3ELi7EEENS3_ILS4_3ELi6EEENS3_ILS4_4ELi12EEENS3_ILS4_4ELi11EEENS3_ILS4_4ELi1EEENS3_ILS4_4ELi3EEENS3_ILS4_3ELi15EEENS3_ILS4_4ELi9EEENS3_ILS4_4ELi8EEENS3_ILS4_4ELi7EEENS3_ILS4_4ELi6EEEEE7heatingEv
                0x00000000080010f8       0x78 build/main.o
 .text._ZN3SSIIN3mcu4Pin_ILNS0_6PeriphE4ELi10EEENS1_ILS2_4ELi2EEENS1_ILS2_4ELi0EEENS1_ILS2_3ELi7EEENS1_ILS2_3ELi6EEENS1_ILS2_4ELi12EEENS1_ILS2_4ELi11EEENS1_ILS2_4ELi1EEENS1_ILS2_4ELi3EEENS1_ILS2_3ELi15EEENS1_ILS2_4ELi9EEENS1_ILS2_4ELi8EEENS1_ILS2_4ELi7EEENS1_ILS2_4ELi6EEEE6notifyEv
                0x0000000008001170       0x84 build/main.o
                0x0000000008001170                SSI<mcu::Pin_<(mcu::Periph)4, 10>, mcu::Pin_<(mcu::Periph)4, 2>, mcu::Pin_<(mcu::Periph)4, 0>, mcu::Pin_<(mcu::Periph)3, 7>, mcu::Pin_<(mcu::Periph)3, 6>, mcu::Pin_<(mcu::Periph)4, 12>, mcu::Pin_<(mcu::Periph)4, 11>, mcu::Pin_<(mcu::Periph)4, 1>, mcu::Pin_<(mcu::Periph)4, 3>, mcu::Pin_<(mcu::Periph)3, 15>, mcu::Pin_<(mcu::Periph)4, 9>, mcu::Pin_<(mcu::Periph)4, 8>, mcu::Pin_<(mcu::Periph)4, 7>, mcu::Pin_<(mcu::Periph)4, 6> >::notify()
 .text._ZN3mcu3TIM11set_compareENS0_7ChannelEm
                0x00000000080011f4       0x20 build/main.o
                0x00000000080011f4                mcu::TIM::set_compare(mcu::TIM::Channel, unsigned long)
 .text.DMA1_Channel1_IRQHandler
                0x0000000008001214       0x1c build/main.o
                0x0000000008001214                DMA1_Channel1_IRQHandler
 .text.DMA1_Channel2_3_IRQHandler
                0x0000000008001230       0x2c build/main.o
                0x0000000008001230                DMA1_Channel2_3_IRQHandler
 .text.DMA1_Channel4_5_IRQHandler
                0x000000000800125c        0x2 build/main.o
                0x000000000800125c                DMA1_Channel4_5_IRQHandler
 *fill*         0x000000000800125e        0x2 
 .text.TIM1_BRK_UP_TRG_COM_IRQHandler
                0x0000000008001260       0x20 build/main.o
                0x0000000008001260                TIM1_BRK_UP_TRG_COM_IRQHandler
 .text.TIM1_CC_IRQHandler
                0x0000000008001280        0x8 build/main.o
                0x0000000008001280                TIM1_CC_IRQHandler
 .text.TIM3_IRQHandler
                0x0000000008001288       0x20 build/main.o
                0x0000000008001288                TIM3_IRQHandler
 .text.TIM14_IRQHandler
                0x00000000080012a8        0x2 build/main.o
                0x00000000080012a8                TIM14_IRQHandler
 .text.TIM16_IRQHandler
                0x00000000080012aa        0x2 build/main.o
                0x00000000080012aa                TIM16_IRQHandler
 .text.TIM17_IRQHandler
                0x00000000080012ac        0x2 build/main.o
                0x00000000080012ac                TIM17_IRQHandler
 *fill*         0x00000000080012ae        0x2 
 .text.USART1_IRQHandler
                0x00000000080012b0       0x1c build/main.o
                0x00000000080012b0                USART1_IRQHandler
 .text.EXTI0_1_IRQHandler
                0x00000000080012cc       0x34 build/main.o
                0x00000000080012cc                EXTI0_1_IRQHandler
 .text.EXTI2_3_IRQHandler
                0x0000000008001300       0x34 build/main.o
                0x0000000008001300                EXTI2_3_IRQHandler
 .text.EXTI4_15_IRQHandler
                0x0000000008001334       0xf8 build/main.o
                0x0000000008001334                EXTI4_15_IRQHandler
 .text._ZN11ADC_average5startEv
                0x000000000800142c       0x38 build/main.o
                0x000000000800142c                ADC_average::start()
 .text._ZN3PWM10Duty_cycle6updateEv
                0x0000000008001464       0x1e build/main.o
                0x0000000008001464                PWM::Duty_cycle::update()
 .text._ZN6Buzzer5briefEv
                0x0000000008001482        0xc build/main.o
                0x0000000008001482                Buzzer::brief()
 .text._ZNSt17_Function_handlerIFvvEZN3UZVIZ4mainE10Flash_data3SSIIN3mcu4Pin_ILNS4_6PeriphE4ELi10EEENS5_ILS6_4ELi2EEENS5_ILS6_4ELi0EEENS5_ILS6_3ELi7EEENS5_ILS6_3ELi6EEENS5_ILS6_4ELi12EEENS5_ILS6_4ELi11EEENS5_ILS6_4ELi1EEENS5_ILS6_4ELi3EEENS5_ILS6_3ELi15EEENS5_ILS6_4ELi9EEENS5_ILS6_4ELi8EEENS5_ILS6_4ELi7EEENS5_ILS6_4ELi6EEEEE9init_tempEvEUlvE_E9_M_invokeERKSt9_Any_data
                0x000000000800148e       0x24 build/main.o
 .text._ZNSt17_Function_handlerIFvvEZN3UZVIZ4mainE10Flash_data3SSIIN3mcu4Pin_ILNS4_6PeriphE4ELi10EEENS5_ILS6_4ELi2EEENS5_ILS6_4ELi0EEENS5_ILS6_3ELi7EEENS5_ILS6_3ELi6EEENS5_ILS6_4ELi12EEENS5_ILS6_4ELi11EEENS5_ILS6_4ELi1EEENS5_ILS6_4ELi3EEENS5_ILS6_3ELi15EEENS5_ILS6_4ELi9EEENS5_ILS6_4ELi8EEENS5_ILS6_4ELi7EEENS5_ILS6_4ELi6EEEEE9init_tempEvEUlvE0_E9_M_invokeERKSt9_Any_data
                0x00000000080014b2       0x24 build/main.o
 .text._ZNSt17_Function_handlerIFviEZN3UZVIZ4mainE10Flash_data3SSIIN3mcu4Pin_ILNS4_6PeriphE4ELi10EEENS5_ILS6_4ELi2EEENS5_ILS6_4ELi0EEENS5_ILS6_3ELi7EEENS5_ILS6_3ELi6EEENS5_ILS6_4ELi12EEENS5_ILS6_4ELi11EEENS5_ILS6_4ELi1EEENS5_ILS6_4ELi3EEENS5_ILS6_3ELi15EEENS5_ILS6_4ELi9EEENS5_ILS6_4ELi8EEENS5_ILS6_4ELi7EEENS5_ILS6_4ELi6EEEEE9init_tempEvEUlT_E1_E9_M_invokeERKSt9_Any_dataOi
                0x00000000080014d6       0x24 build/main.o
 .text._ZNSt17_Function_handlerIFviEZN3UZVIZ4mainE10Flash_data3SSIIN3mcu4Pin_ILNS4_6PeriphE4ELi10EEENS5_ILS6_4ELi2EEENS5_ILS6_4ELi0EEENS5_ILS6_3ELi7EEENS5_ILS6_3ELi6EEENS5_ILS6_4ELi12EEENS5_ILS6_4ELi11EEENS5_ILS6_4ELi1EEENS5_ILS6_4ELi3EEENS5_ILS6_3ELi15EEENS5_ILS6_4ELi9EEENS5_ILS6_4ELi8EEENS5_ILS6_4ELi7EEENS5_ILS6_4ELi6EEEEE9init_tempEvEUlT_E2_E9_M_invokeERKSt9_Any_dataOi
                0x00000000080014fa       0x24 build/main.o
 .text._ZNSt17_Function_handlerIFvvEZN3UZVIZ4mainE10Flash_data3SSIIN3mcu4Pin_ILNS4_6PeriphE4ELi10EEENS5_ILS6_4ELi2EEENS5_ILS6_4ELi0EEENS5_ILS6_3ELi7EEENS5_ILS6_3ELi6EEENS5_ILS6_4ELi12EEENS5_ILS6_4ELi11EEENS5_ILS6_4ELi1EEENS5_ILS6_4ELi3EEENS5_ILS6_3ELi15EEENS5_ILS6_4ELi9EEENS5_ILS6_4ELi8EEENS5_ILS6_4ELi7EEENS5_ILS6_4ELi6EEEEE9init_timeEvEUlvE_E9_M_invokeERKSt9_Any_data
                0x000000000800151e       0x22 build/main.o
 .text._ZNSt17_Function_handlerIFvvEZN3UZVIZ4mainE10Flash_data3SSIIN3mcu4Pin_ILNS4_6PeriphE4ELi10EEENS5_ILS6_4ELi2EEENS5_ILS6_4ELi0EEENS5_ILS6_3ELi7EEENS5_ILS6_3ELi6EEENS5_ILS6_4ELi12EEENS5_ILS6_4ELi11EEENS5_ILS6_4ELi1EEENS5_ILS6_4ELi3EEENS5_ILS6_3ELi15EEENS5_ILS6_4ELi9EEENS5_ILS6_4ELi8EEENS5_ILS6_4ELi7EEENS5_ILS6_4ELi6EEEEE9init_timeEvEUlvE0_E9_M_invokeERKSt9_Any_data
                0x0000000008001540       0x22 build/main.o
 .text._ZNSt17_Function_handlerIFviEZN3UZVIZ4mainE10Flash_data3SSIIN3mcu4Pin_ILNS4_6PeriphE4ELi10EEENS5_ILS6_4ELi2EEENS5_ILS6_4ELi0EEENS5_ILS6_3ELi7EEENS5_ILS6_3ELi6EEENS5_ILS6_4ELi12EEENS5_ILS6_4ELi11EEENS5_ILS6_4ELi1EEENS5_ILS6_4ELi3EEENS5_ILS6_3ELi15EEENS5_ILS6_4ELi9EEENS5_ILS6_4ELi8EEENS5_ILS6_4ELi7EEENS5_ILS6_4ELi6EEEEE9init_timeEvEUlT_E1_E9_M_invokeERKSt9_Any_dataOi
                0x0000000008001562       0x24 build/main.o
 .text._ZNSt17_Function_handlerIFviEZN3UZVIZ4mainE10Flash_data3SSIIN3mcu4Pin_ILNS4_6PeriphE4ELi10EEENS5_ILS6_4ELi2EEENS5_ILS6_4ELi0EEENS5_ILS6_3ELi7EEENS5_ILS6_3ELi6EEENS5_ILS6_4ELi12EEENS5_ILS6_4ELi11EEENS5_ILS6_4ELi1EEENS5_ILS6_4ELi3EEENS5_ILS6_3ELi15EEENS5_ILS6_4ELi9EEENS5_ILS6_4ELi8EEENS5_ILS6_4ELi7EEENS5_ILS6_4ELi6EEEEE9init_timeEvEUlT_E2_E9_M_invokeERKSt9_Any_dataOi
                0x0000000008001586       0x22 build/main.o
 .text._ZNSt17_Function_handlerIFvvEZN3UZVIZ4mainE10Flash_data3SSIIN3mcu4Pin_ILNS4_6PeriphE4ELi10EEENS5_ILS6_4ELi2EEENS5_ILS6_4ELi0EEENS5_ILS6_3ELi7EEENS5_ILS6_3ELi6EEENS5_ILS6_4ELi12EEENS5_ILS6_4ELi11EEENS5_ILS6_4ELi1EEENS5_ILS6_4ELi3EEENS5_ILS6_3ELi15EEENS5_ILS6_4ELi9EEENS5_ILS6_4ELi8EEENS5_ILS6_4ELi7EEENS5_ILS6_4ELi6EEEEE10init_startEvEUlvE_E9_M_invokeERKSt9_Any_data
                0x00000000080015a8       0x20 build/main.o
 .text._ZNSt17_Function_handlerIFvvEZN3UZVIZ4mainE10Flash_data3SSIIN3mcu4Pin_ILNS4_6PeriphE4ELi10EEENS5_ILS6_4ELi2EEENS5_ILS6_4ELi0EEENS5_ILS6_3ELi7EEENS5_ILS6_3ELi6EEENS5_ILS6_4ELi12EEENS5_ILS6_4ELi11EEENS5_ILS6_4ELi1EEENS5_ILS6_4ELi3EEENS5_ILS6_3ELi15EEENS5_ILS6_4ELi9EEENS5_ILS6_4ELi8EEENS5_ILS6_4ELi7EEENS5_ILS6_4ELi6EEEEE9init_modeEvEUlvE_E9_M_invokeERKSt9_Any_data
                0x00000000080015c8       0x80 build/main.o
 .text._ZN6Buzzer6longerEv
                0x0000000008001648        0xe build/main.o
                0x0000000008001648                Buzzer::longer()
 .text._ZNSt17_Function_handlerIFvvEZZN3UZVIZ4mainE10Flash_data3SSIIN3mcu4Pin_ILNS4_6PeriphE4ELi10EEENS5_ILS6_4ELi2EEENS5_ILS6_4ELi0EEENS5_ILS6_3ELi7EEENS5_ILS6_3ELi6EEENS5_ILS6_4ELi12EEENS5_ILS6_4ELi11EEENS5_ILS6_4ELi1EEENS5_ILS6_4ELi3EEENS5_ILS6_3ELi15EEENS5_ILS6_4ELi9EEENS5_ILS6_4ELi8EEENS5_ILS6_4ELi7EEENS5_ILS6_4ELi6EEEEE17init_set_max_tempEvENKUlvE_clEvEUlvE_E9_M_invokeERKSt9_Any_data
                0x0000000008001656       0x20 build/main.o
 .text._ZNSt17_Function_handlerIFvvEZZN3UZVIZ4mainE10Flash_data3SSIIN3mcu4Pin_ILNS4_6PeriphE4ELi10EEENS5_ILS6_4ELi2EEENS5_ILS6_4ELi0EEENS5_ILS6_3ELi7EEENS5_ILS6_3ELi6EEENS5_ILS6_4ELi12EEENS5_ILS6_4ELi11EEENS5_ILS6_4ELi1EEENS5_ILS6_4ELi3EEENS5_ILS6_3ELi15EEENS5_ILS6_4ELi9EEENS5_ILS6_4ELi8EEENS5_ILS6_4ELi7EEENS5_ILS6_4ELi6EEEEE17init_set_max_tempEvENKUlvE_clEvEUlvE0_E9_M_invokeERKSt9_Any_data
                0x0000000008001676       0x20 build/main.o
 .text._ZNSt17_Function_handlerIFvvEZZN3UZVIZ4mainE10Flash_data3SSIIN3mcu4Pin_ILNS4_6PeriphE4ELi10EEENS5_ILS6_4ELi2EEENS5_ILS6_4ELi0EEENS5_ILS6_3ELi7EEENS5_ILS6_3ELi6EEENS5_ILS6_4ELi12EEENS5_ILS6_4ELi11EEENS5_ILS6_4ELi1EEENS5_ILS6_4ELi3EEENS5_ILS6_3ELi15EEENS5_ILS6_4ELi9EEENS5_ILS6_4ELi8EEENS5_ILS6_4ELi7EEENS5_ILS6_4ELi6EEEEE17init_set_max_timeEvENKUlvE_clEvEUlvE_E9_M_invokeERKSt9_Any_data
                0x0000000008001696       0x20 build/main.o
 .text._ZNSt17_Function_handlerIFvvEZZN3UZVIZ4mainE10Flash_data3SSIIN3mcu4Pin_ILNS4_6PeriphE4ELi10EEENS5_ILS6_4ELi2EEENS5_ILS6_4ELi0EEENS5_ILS6_3ELi7EEENS5_ILS6_3ELi6EEENS5_ILS6_4ELi12EEENS5_ILS6_4ELi11EEENS5_ILS6_4ELi1EEENS5_ILS6_4ELi3EEENS5_ILS6_3ELi15EEENS5_ILS6_4ELi9EEENS5_ILS6_4ELi8EEENS5_ILS6_4ELi7EEENS5_ILS6_4ELi6EEEEE17init_set_max_timeEvENKUlvE_clEvEUlvE0_E9_M_invokeERKSt9_Any_data
                0x00000000080016b6       0x16 build/main.o
 .text._ZNSt17_Function_handlerIFvvEZN3UZVIZ4mainE10Flash_data3SSIIN3mcu4Pin_ILNS4_6PeriphE4ELi10EEENS5_ILS6_4ELi2EEENS5_ILS6_4ELi0EEENS5_ILS6_3ELi7EEENS5_ILS6_3ELi6EEENS5_ILS6_4ELi12EEENS5_ILS6_4ELi11EEENS5_ILS6_4ELi1EEENS5_ILS6_4ELi3EEENS5_ILS6_3ELi15EEENS5_ILS6_4ELi9EEENS5_ILS6_4ELi8EEENS5_ILS6_4ELi7EEENS5_ILS6_4ELi6EEEEE10init_startEvEUlvE0_E9_M_invokeERKSt9_Any_data
                0x00000000080016cc       0x2a build/main.o
 *fill*         0x00000000080016f6        0x2 
 .text._ZNSt17_Function_handlerIFvvEZN3UZVIZ4mainE10Flash_data3SSIIN3mcu4Pin_ILNS4_6PeriphE4ELi10EEENS5_ILS6_4ELi2EEENS5_ILS6_4ELi0EEENS5_ILS6_3ELi7EEENS5_ILS6_3ELi6EEENS5_ILS6_4ELi12EEENS5_ILS6_4ELi11EEENS5_ILS6_4ELi1EEENS5_ILS6_4ELi3EEENS5_ILS6_3ELi15EEENS5_ILS6_4ELi9EEENS5_ILS6_4ELi8EEENS5_ILS6_4ELi7EEENS5_ILS6_4ELi6EEEEE17init_set_max_tempEvEUlvE_E9_M_invokeERKSt9_Any_data
                0x00000000080016f8       0xb0 build/main.o
 .text._ZNSt17_Function_handlerIFvvEZN3UZVIZ4mainE10Flash_data3SSIIN3mcu4Pin_ILNS4_6PeriphE4ELi10EEENS5_ILS6_4ELi2EEENS5_ILS6_4ELi0EEENS5_ILS6_3ELi7EEENS5_ILS6_3ELi6EEENS5_ILS6_4ELi12EEENS5_ILS6_4ELi11EEENS5_ILS6_4ELi1EEENS5_ILS6_4ELi3EEENS5_ILS6_3ELi15EEENS5_ILS6_4ELi9EEENS5_ILS6_4ELi8EEENS5_ILS6_4ELi7EEENS5_ILS6_4ELi6EEEEE17init_set_max_timeEvEUlvE_E9_M_invokeERKSt9_Any_data
                0x00000000080017a8       0xb0 build/main.o
 .text.init_clock
                0x0000000008001858       0x58 build/main.o
                0x0000000008001858                init_clock
 .text._ZN3PWM4makeILN3mcu6PeriphE17ENS1_4Pin_ILS2_3ELi8EEEEERDat
                0x00000000080018b0       0xf8 build/main.o
                0x00000000080018b0                auto& PWM::make<(mcu::Periph)17, mcu::Pin_<(mcu::Periph)3, 8> >(unsigned short)
 .text._ZNKSt8functionIFvvEEclEv
                0x00000000080019a8       0x12 build/main.o
                0x00000000080019a8                std::function<void ()>::operator()() const
 .text._ZN11ADC_average9interruptEv
                0x00000000080019ba       0x42 build/main.o
                0x00000000080019ba                ADC_average::interrupt()
 .text._ZN11ADC_average4makeILN3mcu6PeriphE15ELS2_30EEERS_j
                0x00000000080019fc      0x120 build/main.o
                0x00000000080019fc                ADC_average& ADC_average::make<(mcu::Periph)15, (mcu::Periph)30>(unsigned int)
 .text._ZN11ADC_average11add_channelIN3mcu4Pin_ILNS1_6PeriphE3ELi0EEEEER11ADC_channelv
                0x0000000008001b1c      0x14c build/main.o
                0x0000000008001b1c                ADC_channel& ADC_average::add_channel<mcu::Pin_<(mcu::Periph)3, 0> >()
 .text._Z9make_pinsILN3mcu7PinModeE1EJNS0_4Pin_ILNS0_6PeriphE3ELi2EEENS2_ILS3_3ELi3EEENS2_ILS3_3ELi4EEENS2_ILS3_3ELi5EEENS2_ILS3_7ELi6EEEEEN4meta19tuple_generate_implIR3PinSt16integer_sequenceIjJXspcl14__integer_packsZT0_EEEEE4typeEv
                0x0000000008001c68      0x16c build/main.o
                0x0000000008001c68                meta::tuple_generate_impl<Pin&, std::integer_sequence<unsigned int, __integer_pack(5), __integer_pack(5), __integer_pack(5), __integer_pack(5), __integer_pack(5)> >::type make_pins<(mcu::PinMode)1, mcu::Pin_<(mcu::Periph)3, 2>, mcu::Pin_<(mcu::Periph)3, 3>, mcu::Pin_<(mcu::Periph)3, 4>, mcu::Pin_<(mcu::Periph)3, 5>, mcu::Pin_<(mcu::Periph)7, 6> >()
 .text._ZN3SSIIN3mcu4Pin_ILNS0_6PeriphE4ELi10EEENS1_ILS2_4ELi2EEENS1_ILS2_4ELi0EEENS1_ILS2_3ELi7EEENS1_ILS2_3ELi6EEENS1_ILS2_4ELi12EEENS1_ILS2_4ELi11EEENS1_ILS2_4ELi1EEENS1_ILS2_4ELi3EEENS1_ILS2_3ELi15EEENS1_ILS2_4ELi9EEENS1_ILS2_4ELi8EEENS1_ILS2_4ELi7EEENS1_ILS2_4ELi6EEEE12dinamic_testEv
                0x0000000008001dd4       0x4e build/main.o
                0x0000000008001dd4                SSI<mcu::Pin_<(mcu::Periph)4, 10>, mcu::Pin_<(mcu::Periph)4, 2>, mcu::Pin_<(mcu::Periph)4, 0>, mcu::Pin_<(mcu::Periph)3, 7>, mcu::Pin_<(mcu::Periph)3, 6>, mcu::Pin_<(mcu::Periph)4, 12>, mcu::Pin_<(mcu::Periph)4, 11>, mcu::Pin_<(mcu::Periph)4, 1>, mcu::Pin_<(mcu::Periph)4, 3>, mcu::Pin_<(mcu::Periph)3, 15>, mcu::Pin_<(mcu::Periph)4, 9>, mcu::Pin_<(mcu::Periph)4, 8>, mcu::Pin_<(mcu::Periph)4, 7>, mcu::Pin_<(mcu::Periph)4, 6> >::dinamic_test()
 *fill*         0x0000000008001e22        0x2 
 .text._ZN3SSIIN3mcu4Pin_ILNS0_6PeriphE4ELi10EEENS1_ILS2_4ELi2EEENS1_ILS2_4ELi0EEENS1_ILS2_3ELi7EEENS1_ILS2_3ELi6EEENS1_ILS2_4ELi12EEENS1_ILS2_4ELi11EEENS1_ILS2_4ELi1EEENS1_ILS2_4ELi3EEENS1_ILS2_3ELi15EEENS1_ILS2_4ELi9EEENS1_ILS2_4ELi8EEENS1_ILS2_4ELi7EEENS1_ILS2_4ELi6EEEEC2Eh
                0x0000000008001e24      0x454 build/main.o
                0x0000000008001e24                SSI<mcu::Pin_<(mcu::Periph)4, 10>, mcu::Pin_<(mcu::Periph)4, 2>, mcu::Pin_<(mcu::Periph)4, 0>, mcu::Pin_<(mcu::Periph)3, 7>, mcu::Pin_<(mcu::Periph)3, 6>, mcu::Pin_<(mcu::Periph)4, 12>, mcu::Pin_<(mcu::Periph)4, 11>, mcu::Pin_<(mcu::Periph)4, 1>, mcu::Pin_<(mcu::Periph)4, 3>, mcu::Pin_<(mcu::Periph)3, 15>, mcu::Pin_<(mcu::Periph)4, 9>, mcu::Pin_<(mcu::Periph)4, 8>, mcu::Pin_<(mcu::Periph)4, 7>, mcu::Pin_<(mcu::Periph)4, 6> >::SSI(unsigned char)
                0x0000000008001e24                SSI<mcu::Pin_<(mcu::Periph)4, 10>, mcu::Pin_<(mcu::Periph)4, 2>, mcu::Pin_<(mcu::Periph)4, 0>, mcu::Pin_<(mcu::Periph)3, 7>, mcu::Pin_<(mcu::Periph)3, 6>, mcu::Pin_<(mcu::Periph)4, 12>, mcu::Pin_<(mcu::Periph)4, 11>, mcu::Pin_<(mcu::Periph)4, 1>, mcu::Pin_<(mcu::Periph)4, 3>, mcu::Pin_<(mcu::Periph)3, 15>, mcu::Pin_<(mcu::Periph)4, 9>, mcu::Pin_<(mcu::Periph)4, 8>, mcu::Pin_<(mcu::Periph)4, 7>, mcu::Pin_<(mcu::Periph)4, 6> >::SSI(unsigned char)
 .text.startup.main
                0x0000000008002278     0x10ec build/main.o
                0x0000000008002278                main
 .text._ZNSt8functionIFvvEEC2ERKS1_
                0x0000000008003364       0x20 build/main.o
                0x0000000008003364                std::function<void ()>::function(std::function<void ()> const&)
                0x0000000008003364                std::function<void ()>::function(std::function<void ()> const&)
 .text._Z7executeISt8functionIFvvEEJEEvT_DpT0_
                0x0000000008003384        0xe build/main.o
                0x0000000008003384                void execute<std::function<void ()>>(std::function<void ()>)
 .text._Z10execute_ifISt8functionIFvvEEJEEvbT_DpT0_
                0x0000000008003392       0x1c build/main.o
                0x0000000008003392                void execute_if<std::function<void ()>>(bool, std::function<void ()>)
 *fill*         0x00000000080033ae        0x2 
 .text._ZN12Tied_buttonsIN3mcu4Pin_ILNS0_6PeriphE4ELi5EEELb1ENS1_ILS2_4ELi4EEELb1EE6notifyEv
                0x00000000080033b0      0x10c build/main.o
                0x00000000080033b0                Tied_buttons<mcu::Pin_<(mcu::Periph)4, 5>, true, mcu::Pin_<(mcu::Periph)4, 4>, true>::notify()
                0x00000000080034ac                non-virtual thunk to Tied_buttons<mcu::Pin_<(mcu::Periph)4, 5>, true, mcu::Pin_<(mcu::Periph)4, 4>, true>::notify()
 .text._ZN12Tied_buttonsIN3mcu4Pin_ILNS0_6PeriphE3ELi11EEELb1ENS1_ILS2_3ELi10EEELb1EE6notifyEv
                0x00000000080034bc      0x10c build/main.o
                0x00000000080034bc                Tied_buttons<mcu::Pin_<(mcu::Periph)3, 11>, true, mcu::Pin_<(mcu::Periph)3, 10>, true>::notify()
                0x00000000080035b8                non-virtual thunk to Tied_buttons<mcu::Pin_<(mcu::Periph)3, 11>, true, mcu::Pin_<(mcu::Periph)3, 10>, true>::notify()
 .text._ZNKSt8functionIFviEEclEi
                0x00000000080035c8       0x16 build/main.o
                0x00000000080035c8                std::function<void (int)>::operator()(int) const
 *fill*         0x00000000080035de        0x2 
 .text._ZN6ButtonIN3mcu4Pin_ILNS0_6PeriphE3ELi12EEELb1EE6notifyEv
                0x00000000080035e0      0x19c build/main.o
                0x00000000080035e0                Button<mcu::Pin_<(mcu::Periph)3, 12>, true>::notify()
                0x000000000800376c                non-virtual thunk to Button<mcu::Pin_<(mcu::Periph)3, 12>, true>::notify()
 .text._ZN6ButtonIN3mcu4Pin_ILNS0_6PeriphE3ELi10EEELb1EE6notifyEv
                0x000000000800377c      0x19c build/main.o
                0x000000000800377c                Button<mcu::Pin_<(mcu::Periph)3, 10>, true>::notify()
                0x0000000008003908                non-virtual thunk to Button<mcu::Pin_<(mcu::Periph)3, 10>, true>::notify()
 .text._ZN6ButtonIN3mcu4Pin_ILNS0_6PeriphE3ELi11EEELb1EE6notifyEv
                0x0000000008003918      0x19c build/main.o
                0x0000000008003918                Button<mcu::Pin_<(mcu::Periph)3, 11>, true>::notify()
                0x0000000008003aa4                non-virtual thunk to Button<mcu::Pin_<(mcu::Periph)3, 11>, true>::notify()
 .text._ZN6ButtonIN3mcu4Pin_ILNS0_6PeriphE4ELi4EEELb1EE6notifyEv
                0x0000000008003ab4      0x19c build/main.o
                0x0000000008003ab4                Button<mcu::Pin_<(mcu::Periph)4, 4>, true>::notify()
                0x0000000008003c40                non-virtual thunk to Button<mcu::Pin_<(mcu::Periph)4, 4>, true>::notify()
 .text._ZN6ButtonIN3mcu4Pin_ILNS0_6PeriphE4ELi5EEELb1EE6notifyEv
                0x0000000008003c50      0x19c build/main.o
                0x0000000008003c50                Button<mcu::Pin_<(mcu::Periph)4, 5>, true>::notify()
                0x0000000008003ddc                non-virtual thunk to Button<mcu::Pin_<(mcu::Periph)4, 5>, true>::notify()
 .text._ZN6ButtonIN3mcu4Pin_ILNS0_6PeriphE4ELi13EEELb1EE6notifyEv
                0x0000000008003dec      0x19c build/main.o
                0x0000000008003dec                Button<mcu::Pin_<(mcu::Periph)4, 13>, true>::notify()
                0x0000000008003f78                non-virtual thunk to Button<mcu::Pin_<(mcu::Periph)4, 13>, true>::notify()
 .text._ZN6ButtonIN3mcu4Pin_ILNS0_6PeriphE7ELi7EEELb1EE6notifyEv
                0x0000000008003f88      0x19c build/main.o
                0x0000000008003f88                Button<mcu::Pin_<(mcu::Periph)7, 7>, true>::notify()
                0x0000000008004114                non-virtual thunk to Button<mcu::Pin_<(mcu::Periph)7, 7>, true>::notify()
 .text._ZSt4findIPbbET_S1_S1_RKT0_
                0x0000000008004124       0x66 build/main.o
                0x0000000008004124                bool* std::find<bool*, bool>(bool*, bool*, bool const&)
 *fill*         0x000000000800418a        0x2 
 .text._ZN18Flash_updater_implIZ4mainE10Flash_dataJLN3mcu5FLASH6SectorE26ELS3_25EEE6notifyEv
                0x000000000800418c      0x1e8 build/main.o
 .text._ZSt4swapISt9_Any_dataENSt9enable_ifIXsrSt6__and_IJSt6__not_ISt15__is_tuple_likeIT_EESt21is_move_constructibleIS5_ESt18is_move_assignableIS5_EEE5valueEvE4typeERS5_SF_
                0x0000000008004374       0x18 build/main.o
                0x0000000008004374                std::enable_if<std::__and_<std::__not_<std::__is_tuple_like<std::_Any_data> >, std::is_move_constructible<std::_Any_data>, std::is_move_assignable<std::_Any_data> >::value, void>::type std::swap<std::_Any_data>(std::_Any_data&, std::_Any_data&)
 .text._ZNSt8functionIFvvEEaSERKS1_
                0x000000000800438c       0x2e build/main.o
                0x000000000800438c                std::function<void ()>::operator=(std::function<void ()> const&)
 .text._ZN6ButtonIN3mcu4Pin_ILNS0_6PeriphE4ELi5EEELb1EE22set_long_push_callbackESt8functionIFvvEE
                0x00000000080043ba        0xa build/main.o
                0x00000000080043ba                Button<mcu::Pin_<(mcu::Periph)4, 5>, true>::set_long_push_callback(std::function<void ()>)
 .text._ZN6ButtonIN3mcu4Pin_ILNS0_6PeriphE4ELi5EEELb1EE18set_click_callbackESt8functionIFvvEE
                0x00000000080043c4        0xa build/main.o
                0x00000000080043c4                Button<mcu::Pin_<(mcu::Periph)4, 5>, true>::set_click_callback(std::function<void ()>)
 .text._ZN6ButtonIN3mcu4Pin_ILNS0_6PeriphE4ELi5EEELb1EE15set_up_callbackESt8functionIFvvEE
                0x00000000080043ce        0xa build/main.o
                0x00000000080043ce                Button<mcu::Pin_<(mcu::Periph)4, 5>, true>::set_up_callback(std::function<void ()>)
 .text._ZN6ButtonIN3mcu4Pin_ILNS0_6PeriphE4ELi5EEELb1EE17set_down_callbackESt8functionIFvvEE
                0x00000000080043d8        0xa build/main.o
                0x00000000080043d8                Button<mcu::Pin_<(mcu::Periph)4, 5>, true>::set_down_callback(std::function<void ()>)
 .text._ZN6ButtonIN3mcu4Pin_ILNS0_6PeriphE4ELi4EEELb1EE22set_long_push_callbackESt8functionIFvvEE
                0x00000000080043e2        0xa build/main.o
                0x00000000080043e2                Button<mcu::Pin_<(mcu::Periph)4, 4>, true>::set_long_push_callback(std::function<void ()>)
 .text._ZN6ButtonIN3mcu4Pin_ILNS0_6PeriphE4ELi4EEELb1EE18set_click_callbackESt8functionIFvvEE
                0x00000000080043ec        0xa build/main.o
                0x00000000080043ec                Button<mcu::Pin_<(mcu::Periph)4, 4>, true>::set_click_callback(std::function<void ()>)
 .text._ZN6ButtonIN3mcu4Pin_ILNS0_6PeriphE4ELi4EEELb1EE15set_up_callbackESt8functionIFvvEE
                0x00000000080043f6        0xa build/main.o
                0x00000000080043f6                Button<mcu::Pin_<(mcu::Periph)4, 4>, true>::set_up_callback(std::function<void ()>)
 .text._ZN6ButtonIN3mcu4Pin_ILNS0_6PeriphE4ELi4EEELb1EE17set_down_callbackESt8functionIFvvEE
                0x0000000008004400        0xa build/main.o
                0x0000000008004400                Button<mcu::Pin_<(mcu::Periph)4, 4>, true>::set_down_callback(std::function<void ()>)
 .text._ZN6ButtonIN3mcu4Pin_ILNS0_6PeriphE3ELi11EEELb1EE22set_long_push_callbackESt8functionIFvvEE
                0x000000000800440a        0xa build/main.o
                0x000000000800440a                Button<mcu::Pin_<(mcu::Periph)3, 11>, true>::set_long_push_callback(std::function<void ()>)
 .text._ZN6ButtonIN3mcu4Pin_ILNS0_6PeriphE3ELi11EEELb1EE18set_click_callbackESt8functionIFvvEE
                0x0000000008004414        0xa build/main.o
                0x0000000008004414                Button<mcu::Pin_<(mcu::Periph)3, 11>, true>::set_click_callback(std::function<void ()>)
 .text._ZN6ButtonIN3mcu4Pin_ILNS0_6PeriphE3ELi11EEELb1EE15set_up_callbackESt8functionIFvvEE
                0x000000000800441e        0xa build/main.o
                0x000000000800441e                Button<mcu::Pin_<(mcu::Periph)3, 11>, true>::set_up_callback(std::function<void ()>)
 .text._ZN6ButtonIN3mcu4Pin_ILNS0_6PeriphE3ELi11EEELb1EE17set_down_callbackESt8functionIFvvEE
                0x0000000008004428        0xa build/main.o
                0x0000000008004428                Button<mcu::Pin_<(mcu::Periph)3, 11>, true>::set_down_callback(std::function<void ()>)
 .text._ZN6ButtonIN3mcu4Pin_ILNS0_6PeriphE3ELi10EEELb1EE22set_long_push_callbackESt8functionIFvvEE
                0x0000000008004432        0xa build/main.o
                0x0000000008004432                Button<mcu::Pin_<(mcu::Periph)3, 10>, true>::set_long_push_callback(std::function<void ()>)
 .text._ZN6ButtonIN3mcu4Pin_ILNS0_6PeriphE3ELi10EEELb1EE18set_click_callbackESt8functionIFvvEE
                0x000000000800443c        0xa build/main.o
                0x000000000800443c                Button<mcu::Pin_<(mcu::Periph)3, 10>, true>::set_click_callback(std::function<void ()>)
 .text._ZN6ButtonIN3mcu4Pin_ILNS0_6PeriphE3ELi10EEELb1EE15set_up_callbackESt8functionIFvvEE
                0x0000000008004446        0xa build/main.o
                0x0000000008004446                Button<mcu::Pin_<(mcu::Periph)3, 10>, true>::set_up_callback(std::function<void ()>)
 .text._ZN6ButtonIN3mcu4Pin_ILNS0_6PeriphE3ELi10EEELb1EE17set_down_callbackESt8functionIFvvEE
                0x0000000008004450        0xa build/main.o
                0x0000000008004450                Button<mcu::Pin_<(mcu::Periph)3, 10>, true>::set_down_callback(std::function<void ()>)
 .text._ZN6ButtonIN3mcu4Pin_ILNS0_6PeriphE7ELi7EEELb1EE22set_long_push_callbackESt8functionIFvvEE
                0x000000000800445a        0xa build/main.o
                0x000000000800445a                Button<mcu::Pin_<(mcu::Periph)7, 7>, true>::set_long_push_callback(std::function<void ()>)
 .text._ZN6ButtonIN3mcu4Pin_ILNS0_6PeriphE7ELi7EEELb1EE18set_click_callbackESt8functionIFvvEE
                0x0000000008004464        0xa build/main.o
                0x0000000008004464                Button<mcu::Pin_<(mcu::Periph)7, 7>, true>::set_click_callback(std::function<void ()>)
 .text._ZN6ButtonIN3mcu4Pin_ILNS0_6PeriphE7ELi7EEELb1EE15set_up_callbackESt8functionIFvvEE
                0x000000000800446e        0xa build/main.o
                0x000000000800446e                Button<mcu::Pin_<(mcu::Periph)7, 7>, true>::set_up_callback(std::function<void ()>)
 .text._ZN6ButtonIN3mcu4Pin_ILNS0_6PeriphE7ELi7EEELb1EE17set_down_callbackESt8functionIFvvEE
                0x0000000008004478        0xa build/main.o
                0x0000000008004478                Button<mcu::Pin_<(mcu::Periph)7, 7>, true>::set_down_callback(std::function<void ()>)
 .text._ZN6ButtonIN3mcu4Pin_ILNS0_6PeriphE4ELi13EEELb1EE22set_long_push_callbackESt8functionIFvvEE
                0x0000000008004482        0xa build/main.o
                0x0000000008004482                Button<mcu::Pin_<(mcu::Periph)4, 13>, true>::set_long_push_callback(std::function<void ()>)
 .text._ZN6ButtonIN3mcu4Pin_ILNS0_6PeriphE4ELi13EEELb1EE18set_click_callbackESt8functionIFvvEE
                0x000000000800448c        0xa build/main.o
                0x000000000800448c                Button<mcu::Pin_<(mcu::Periph)4, 13>, true>::set_click_callback(std::function<void ()>)
 .text._ZN6ButtonIN3mcu4Pin_ILNS0_6PeriphE4ELi13EEELb1EE15set_up_callbackESt8functionIFvvEE
                0x0000000008004496        0xa build/main.o
                0x0000000008004496                Button<mcu::Pin_<(mcu::Periph)4, 13>, true>::set_up_callback(std::function<void ()>)
 .text._ZN6ButtonIN3mcu4Pin_ILNS0_6PeriphE4ELi13EEELb1EE17set_down_callbackESt8functionIFvvEE
                0x00000000080044a0        0xa build/main.o
                0x00000000080044a0                Button<mcu::Pin_<(mcu::Periph)4, 13>, true>::set_down_callback(std::function<void ()>)
 .text._ZN6ButtonIN3mcu4Pin_ILNS0_6PeriphE3ELi12EEELb1EE22set_long_push_callbackESt8functionIFvvEE
                0x00000000080044aa        0xa build/main.o
                0x00000000080044aa                Button<mcu::Pin_<(mcu::Periph)3, 12>, true>::set_long_push_callback(std::function<void ()>)
 .text._ZN6ButtonIN3mcu4Pin_ILNS0_6PeriphE3ELi12EEELb1EE18set_click_callbackESt8functionIFvvEE
                0x00000000080044b4        0xa build/main.o
                0x00000000080044b4                Button<mcu::Pin_<(mcu::Periph)3, 12>, true>::set_click_callback(std::function<void ()>)
 .text._ZN6ButtonIN3mcu4Pin_ILNS0_6PeriphE3ELi12EEELb1EE15set_up_callbackESt8functionIFvvEE
                0x00000000080044be        0xa build/main.o
                0x00000000080044be                Button<mcu::Pin_<(mcu::Periph)3, 12>, true>::set_up_callback(std::function<void ()>)
 .text._ZN6ButtonIN3mcu4Pin_ILNS0_6PeriphE3ELi12EEELb1EE17set_down_callbackESt8functionIFvvEE
                0x00000000080044c8        0xa build/main.o
                0x00000000080044c8                Button<mcu::Pin_<(mcu::Periph)3, 12>, true>::set_down_callback(std::function<void ()>)
 .text._ZN12Tied_buttonsIN3mcu4Pin_ILNS0_6PeriphE3ELi11EEELb1ENS1_ILS2_3ELi10EEELb1EE22set_long_push_callbackESt8functionIFvvEE
                0x00000000080044d2        0xa build/main.o
                0x00000000080044d2                Tied_buttons<mcu::Pin_<(mcu::Periph)3, 11>, true, mcu::Pin_<(mcu::Periph)3, 10>, true>::set_long_push_callback(std::function<void ()>)
 .text._ZN12Tied_buttonsIN3mcu4Pin_ILNS0_6PeriphE3ELi11EEELb1ENS1_ILS2_3ELi10EEELb1EE18set_click_callbackESt8functionIFvvEE
                0x00000000080044dc        0xa build/main.o
                0x00000000080044dc                Tied_buttons<mcu::Pin_<(mcu::Periph)3, 11>, true, mcu::Pin_<(mcu::Periph)3, 10>, true>::set_click_callback(std::function<void ()>)
 .text._ZN12Tied_buttonsIN3mcu4Pin_ILNS0_6PeriphE3ELi11EEELb1ENS1_ILS2_3ELi10EEELb1EE15set_up_callbackESt8functionIFvvEE
                0x00000000080044e6        0xa build/main.o
                0x00000000080044e6                Tied_buttons<mcu::Pin_<(mcu::Periph)3, 11>, true, mcu::Pin_<(mcu::Periph)3, 10>, true>::set_up_callback(std::function<void ()>)
 .text._ZN12Tied_buttonsIN3mcu4Pin_ILNS0_6PeriphE3ELi11EEELb1ENS1_ILS2_3ELi10EEELb1EE17set_down_callbackESt8functionIFvvEE
                0x00000000080044f0        0xa build/main.o
                0x00000000080044f0                Tied_buttons<mcu::Pin_<(mcu::Periph)3, 11>, true, mcu::Pin_<(mcu::Periph)3, 10>, true>::set_down_callback(std::function<void ()>)
 .text._ZN12Tied_buttonsIN3mcu4Pin_ILNS0_6PeriphE4ELi5EEELb1ENS1_ILS2_4ELi4EEELb1EE22set_long_push_callbackESt8functionIFvvEE
                0x00000000080044fa        0xa build/main.o
                0x00000000080044fa                Tied_buttons<mcu::Pin_<(mcu::Periph)4, 5>, true, mcu::Pin_<(mcu::Periph)4, 4>, true>::set_long_push_callback(std::function<void ()>)
 .text._ZN12Tied_buttonsIN3mcu4Pin_ILNS0_6PeriphE4ELi5EEELb1ENS1_ILS2_4ELi4EEELb1EE18set_click_callbackESt8functionIFvvEE
                0x0000000008004504        0xa build/main.o
                0x0000000008004504                Tied_buttons<mcu::Pin_<(mcu::Periph)4, 5>, true, mcu::Pin_<(mcu::Periph)4, 4>, true>::set_click_callback(std::function<void ()>)
 .text._ZN12Tied_buttonsIN3mcu4Pin_ILNS0_6PeriphE4ELi5EEELb1ENS1_ILS2_4ELi4EEELb1EE15set_up_callbackESt8functionIFvvEE
                0x000000000800450e        0xa build/main.o
                0x000000000800450e                Tied_buttons<mcu::Pin_<(mcu::Periph)4, 5>, true, mcu::Pin_<(mcu::Periph)4, 4>, true>::set_up_callback(std::function<void ()>)
 .text._ZN12Tied_buttonsIN3mcu4Pin_ILNS0_6PeriphE4ELi5EEELb1ENS1_ILS2_4ELi4EEELb1EE17set_down_callbackESt8functionIFvvEE
                0x0000000008004518        0xa build/main.o
                0x0000000008004518                Tied_buttons<mcu::Pin_<(mcu::Periph)4, 5>, true, mcu::Pin_<(mcu::Periph)4, 4>, true>::set_down_callback(std::function<void ()>)
 .text._ZNSt8functionIFviEEaSERKS1_
                0x0000000008004522       0x46 build/main.o
                0x0000000008004522                std::function<void (int)>::operator=(std::function<void (int)> const&)
 .text._ZN6ButtonIN3mcu4Pin_ILNS0_6PeriphE4ELi5EEELb1EE22set_increment_callbackESt8functionIFviEE
                0x0000000008004568        0xa build/main.o
                0x0000000008004568                Button<mcu::Pin_<(mcu::Periph)4, 5>, true>::set_increment_callback(std::function<void (int)>)
 .text._ZN6ButtonIN3mcu4Pin_ILNS0_6PeriphE4ELi4EEELb1EE22set_increment_callbackESt8functionIFviEE
                0x0000000008004572        0xa build/main.o
                0x0000000008004572                Button<mcu::Pin_<(mcu::Periph)4, 4>, true>::set_increment_callback(std::function<void (int)>)
 .text._ZN6ButtonIN3mcu4Pin_ILNS0_6PeriphE3ELi11EEELb1EE22set_increment_callbackESt8functionIFviEE
                0x000000000800457c        0xa build/main.o
                0x000000000800457c                Button<mcu::Pin_<(mcu::Periph)3, 11>, true>::set_increment_callback(std::function<void (int)>)
 .text._ZN6ButtonIN3mcu4Pin_ILNS0_6PeriphE3ELi10EEELb1EE22set_increment_callbackESt8functionIFviEE
                0x0000000008004586        0xa build/main.o
                0x0000000008004586                Button<mcu::Pin_<(mcu::Periph)3, 10>, true>::set_increment_callback(std::function<void (int)>)
 .text._ZN6ButtonIN3mcu4Pin_ILNS0_6PeriphE7ELi7EEELb1EE22set_increment_callbackESt8functionIFviEE
                0x0000000008004590        0xa build/main.o
                0x0000000008004590                Button<mcu::Pin_<(mcu::Periph)7, 7>, true>::set_increment_callback(std::function<void (int)>)
 .text._ZN6ButtonIN3mcu4Pin_ILNS0_6PeriphE4ELi13EEELb1EE22set_increment_callbackESt8functionIFviEE
                0x000000000800459a        0xa build/main.o
                0x000000000800459a                Button<mcu::Pin_<(mcu::Periph)4, 13>, true>::set_increment_callback(std::function<void (int)>)
 .text._ZN6ButtonIN3mcu4Pin_ILNS0_6PeriphE3ELi12EEELb1EE22set_increment_callbackESt8functionIFviEE
                0x00000000080045a4        0xa build/main.o
                0x00000000080045a4                Button<mcu::Pin_<(mcu::Periph)3, 12>, true>::set_increment_callback(std::function<void (int)>)
 .text._ZN12Tied_buttonsIN3mcu4Pin_ILNS0_6PeriphE3ELi11EEELb1ENS1_ILS2_3ELi10EEELb1EE22set_increment_callbackESt8functionIFviEE
                0x00000000080045ae        0xa build/main.o
                0x00000000080045ae                Tied_buttons<mcu::Pin_<(mcu::Periph)3, 11>, true, mcu::Pin_<(mcu::Periph)3, 10>, true>::set_increment_callback(std::function<void (int)>)
 .text._ZN12Tied_buttonsIN3mcu4Pin_ILNS0_6PeriphE4ELi5EEELb1ENS1_ILS2_4ELi4EEELb1EE22set_increment_callbackESt8functionIFviEE
                0x00000000080045b8        0xa build/main.o
                0x00000000080045b8                Tied_buttons<mcu::Pin_<(mcu::Periph)4, 5>, true, mcu::Pin_<(mcu::Periph)4, 4>, true>::set_increment_callback(std::function<void (int)>)
 *fill*         0x00000000080045c2        0x2 
 .text.startup._GLOBAL__sub_I__ZN3mcu5FLASH6unlockEv
                0x00000000080045c4      0x174 build/main.o
 .text.Reset_Handler
                0x0000000008004738       0x50 build/startup_stm32f030x6.o
                0x0000000008004738                Reset_Handler
 .text.Default_Handler
                0x0000000008004788        0x2 build/startup_stm32f030x6.o
                0x0000000008004788                HardFault_Handler
                0x0000000008004788                PendSV_Handler
                0x0000000008004788                NMI_Handler
                0x0000000008004788                I2C1_IRQHandler
                0x0000000008004788                SPI1_IRQHandler
                0x0000000008004788                ADC1_IRQHandler
                0x0000000008004788                RTC_IRQHandler
                0x0000000008004788                RCC_IRQHandler
                0x0000000008004788                Default_Handler
                0x0000000008004788                SVC_Handler
                0x0000000008004788                WWDG_IRQHandler
                0x0000000008004788                FLASH_IRQHandler
 .text.__aeabi_atexit
                0x000000000800478a        0xe /usr/lib/gcc/arm-none-eabi/9.2.1/../../../arm-none-eabi/lib/thumb/v6-m/nofp/libstdc++_nano.a(atexit_arm.o)
                0x000000000800478a                __aeabi_atexit
 .text.unlikely._ZSt25__throw_bad_function_callv
                0x0000000008004798        0x6 /usr/lib/gcc/arm-none-eabi/9.2.1/../../../arm-none-eabi/lib/thumb/v6-m/nofp/libstdc++_nano.a(functional.o)
                0x0000000008004798                std::__throw_bad_function_call()
 *(.glue_7)
 .glue_7        0x000000000800479e        0x0 linker stubs
 *(.glue_7t)
 .glue_7t       0x000000000800479e        0x0 linker stubs
 *(.eh_frame)
 *fill*         0x000000000800479e        0x2 
 .eh_frame      0x00000000080047a0        0x0 /usr/lib/gcc/arm-none-eabi/9.2.1/thumb/v6-m/nofp/crtbegin.o
 *(.init)
 .init          0x00000000080047a0        0x4 /usr/lib/gcc/arm-none-eabi/9.2.1/thumb/v6-m/nofp/crti.o
                0x00000000080047a0                _init
 .init          0x00000000080047a4        0x8 /usr/lib/gcc/arm-none-eabi/9.2.1/thumb/v6-m/nofp/crtn.o
 *(.fini)
 .fini          0x00000000080047ac        0x4 /usr/lib/gcc/arm-none-eabi/9.2.1/thumb/v6-m/nofp/crti.o
                0x00000000080047ac                _fini
 .fini          0x00000000080047b0        0x8 /usr/lib/gcc/arm-none-eabi/9.2.1/thumb/v6-m/nofp/crtn.o
                0x00000000080047b8                . = ALIGN (0x4)
                0x00000000080047b8                _etext = .

.vfp11_veneer   0x00000000080047b8        0x0
 .vfp11_veneer  0x00000000080047b8        0x0 linker stubs

.v4_bx          0x00000000080047b8        0x0
 .v4_bx         0x00000000080047b8        0x0 linker stubs

.iplt           0x00000000080047b8        0x0
 .iplt          0x00000000080047b8        0x0 /usr/lib/gcc/arm-none-eabi/9.2.1/thumb/v6-m/nofp/crtbegin.o

.rodata         0x00000000080047b8      0x36c
                0x00000000080047b8                . = ALIGN (0x4)
 *(.rodata)
 .rodata        0x00000000080047b8        0xc build/main.o
 .rodata        0x00000000080047c4        0x4 /usr/lib/gcc/arm-none-eabi/9.2.1/../../../arm-none-eabi/lib/thumb/v6-m/nofp/libc_nano.a(lib_a-on_exit_args.o)
                0x00000000080047c4                __on_exit_args
 *(.rodata*)
 .rodata._ZTV5Timer
                0x00000000080047c8        0xc build/main.o
                0x00000000080047c8                vtable for Timer
 .rodata._ZTV6Buzzer
                0x00000000080047d4        0xc build/main.o
                0x00000000080047d4                vtable for Buzzer
 .rodata._ZTV6ButtonIN3mcu4Pin_ILNS0_6PeriphE4ELi5EEELb1EE
                0x00000000080047e0       0x2c build/main.o
                0x00000000080047e0                vtable for Button<mcu::Pin_<(mcu::Periph)4, 5>, true>
 .rodata._ZTV6ButtonIN3mcu4Pin_ILNS0_6PeriphE4ELi4EEELb1EE
                0x000000000800480c       0x2c build/main.o
                0x000000000800480c                vtable for Button<mcu::Pin_<(mcu::Periph)4, 4>, true>
 .rodata._ZTV6ButtonIN3mcu4Pin_ILNS0_6PeriphE3ELi11EEELb1EE
                0x0000000008004838       0x2c build/main.o
                0x0000000008004838                vtable for Button<mcu::Pin_<(mcu::Periph)3, 11>, true>
 .rodata._ZTV6ButtonIN3mcu4Pin_ILNS0_6PeriphE3ELi10EEELb1EE
                0x0000000008004864       0x2c build/main.o
                0x0000000008004864                vtable for Button<mcu::Pin_<(mcu::Periph)3, 10>, true>
 .rodata._ZTV6ButtonIN3mcu4Pin_ILNS0_6PeriphE7ELi7EEELb1EE
                0x0000000008004890       0x2c build/main.o
                0x0000000008004890                vtable for Button<mcu::Pin_<(mcu::Periph)7, 7>, true>
 .rodata._ZTV6ButtonIN3mcu4Pin_ILNS0_6PeriphE4ELi13EEELb1EE
                0x00000000080048bc       0x2c build/main.o
                0x00000000080048bc                vtable for Button<mcu::Pin_<(mcu::Periph)4, 13>, true>
 .rodata._ZTV6ButtonIN3mcu4Pin_ILNS0_6PeriphE3ELi12EEELb1EE
                0x00000000080048e8       0x2c build/main.o
                0x00000000080048e8                vtable for Button<mcu::Pin_<(mcu::Periph)3, 12>, true>
 .rodata._ZTV12Tied_buttonsIN3mcu4Pin_ILNS0_6PeriphE3ELi11EEELb1ENS1_ILS2_3ELi10EEELb1EE
                0x0000000008004914       0x2c build/main.o
                0x0000000008004914                vtable for Tied_buttons<mcu::Pin_<(mcu::Periph)3, 11>, true, mcu::Pin_<(mcu::Periph)3, 10>, true>
 .rodata._ZTV12Tied_buttonsIN3mcu4Pin_ILNS0_6PeriphE4ELi5EEELb1ENS1_ILS2_4ELi4EEELb1EE
                0x0000000008004940       0x2c build/main.o
                0x0000000008004940                vtable for Tied_buttons<mcu::Pin_<(mcu::Periph)4, 5>, true, mcu::Pin_<(mcu::Periph)4, 4>, true>
 .rodata._ZTV3SSIIN3mcu4Pin_ILNS0_6PeriphE4ELi10EEENS1_ILS2_4ELi2EEENS1_ILS2_4ELi0EEENS1_ILS2_3ELi7EEENS1_ILS2_3ELi6EEENS1_ILS2_4ELi12EEENS1_ILS2_4ELi11EEENS1_ILS2_4ELi1EEENS1_ILS2_4ELi3EEENS1_ILS2_3ELi15EEENS1_ILS2_4ELi9EEENS1_ILS2_4ELi8EEENS1_ILS2_4ELi7EEENS1_ILS2_4ELi6EEEE
                0x000000000800496c        0xc build/main.o
                0x000000000800496c                vtable for SSI<mcu::Pin_<(mcu::Periph)4, 10>, mcu::Pin_<(mcu::Periph)4, 2>, mcu::Pin_<(mcu::Periph)4, 0>, mcu::Pin_<(mcu::Periph)3, 7>, mcu::Pin_<(mcu::Periph)3, 6>, mcu::Pin_<(mcu::Periph)4, 12>, mcu::Pin_<(mcu::Periph)4, 11>, mcu::Pin_<(mcu::Periph)4, 1>, mcu::Pin_<(mcu::Periph)4, 3>, mcu::Pin_<(mcu::Periph)3, 15>, mcu::Pin_<(mcu::Periph)4, 9>, mcu::Pin_<(mcu::Periph)4, 8>, mcu::Pin_<(mcu::Periph)4, 7>, mcu::Pin_<(mcu::Periph)4, 6> >
 .rodata._ZN18Flash_updater_implIZ4mainE10Flash_dataJLN3mcu5FLASH6SectorE26ELS3_25EEE7sectorsE
                0x0000000008004978        0x2 build/main.o
 *fill*         0x000000000800497a        0x2 
 .rodata._ZN3NTCL5u2904ILj33ELj5100EEE
                0x000000000800497c      0x190 build/main.o
 .rodata._ZTV11ADC_average
                0x0000000008004b0c        0xc build/main.o
                0x0000000008004b0c                vtable for ADC_average
 .rodata._ZTV18Flash_updater_implIZ4mainE10Flash_dataJLN3mcu5FLASH6SectorE26ELS3_25EEE
                0x0000000008004b18        0xc build/main.o
                0x0000000008004b24                . = ALIGN (0x4)

.rel.dyn        0x0000000008004b24        0x0
 .rel.iplt      0x0000000008004b24        0x0 /usr/lib/gcc/arm-none-eabi/9.2.1/thumb/v6-m/nofp/crtbegin.o

.ARM.extab
 *(.ARM.extab* .gnu.linkonce.armextab.*)

.ARM            0x0000000008004b24        0x0
                0x0000000008004b24                __exidx_start = .
 *(.ARM.exidx*)
                0x0000000008004b24                __exidx_end = .

.preinit_array  0x0000000008004b24        0x0
                0x0000000008004b24                PROVIDE (__preinit_array_start = .)
 *(.preinit_array*)
                0x0000000008004b24                PROVIDE (__preinit_array_end = .)

.init_array     0x0000000008004b24        0x8
                0x0000000008004b24                PROVIDE (__init_array_start = .)
 *(SORT_BY_NAME(.init_array.*))
 *(.init_array*)
 .init_array    0x0000000008004b24        0x4 /usr/lib/gcc/arm-none-eabi/9.2.1/thumb/v6-m/nofp/crtbegin.o
 .init_array    0x0000000008004b28        0x4 build/main.o
                0x0000000008004b2c                PROVIDE (__init_array_end = .)

.fini_array     0x0000000008004b2c        0x4
                0x0000000008004b2c                PROVIDE (__fini_array_start = .)
 *(SORT_BY_NAME(.fini_array.*))
 *(.fini_array*)
 .fini_array    0x0000000008004b2c        0x4 /usr/lib/gcc/arm-none-eabi/9.2.1/thumb/v6-m/nofp/crtbegin.o
                0x0000000008004b30                PROVIDE (__fini_array_end = .)
                0x0000000008004b30                _sidata = LOADADDR (.data)

.data           0x0000000020000000      0x150 load address 0x0000000008004b30
                0x0000000020000000                . = ALIGN (0x4)
                0x0000000020000000                _sdata = .
 *(.data)
 .data          0x0000000020000000        0x4 /usr/lib/gcc/arm-none-eabi/9.2.1/thumb/v6-m/nofp/crtbegin.o
                0x0000000020000000                __dso_handle
 .data          0x0000000020000004       0x64 /usr/lib/gcc/arm-none-eabi/9.2.1/../../../arm-none-eabi/lib/thumb/v6-m/nofp/libc_nano.a(lib_a-impure.o)
                0x0000000020000004                _impure_ptr
 *(.data*)
 .data.indicator
                0x0000000020000068       0x24 build/main.o
                0x0000000020000068                indicator
 .data.symbols  0x000000002000008c       0xc4 build/main.o
                0x000000002000008c                symbols
                0x0000000020000150                . = ALIGN (0x4)
                0x0000000020000150                _edata = .

.tm_clone_table
                0x0000000020000150        0x0 load address 0x0000000008004c80
 .tm_clone_table
                0x0000000020000150        0x0 /usr/lib/gcc/arm-none-eabi/9.2.1/thumb/v6-m/nofp/crtbegin.o
 .tm_clone_table
                0x0000000020000150        0x0 /usr/lib/gcc/arm-none-eabi/9.2.1/thumb/v6-m/nofp/crtend.o

.igot.plt       0x0000000020000150        0x0 load address 0x0000000008004c80
 .igot.plt      0x0000000020000150        0x0 /usr/lib/gcc/arm-none-eabi/9.2.1/thumb/v6-m/nofp/crtbegin.o
                0x0000000020000150                . = ALIGN (0x4)

.bss            0x0000000020000150      0x5d4 load address 0x0000000008004c80
                0x0000000020000150                _sbss = .
                0x0000000020000150                __bss_start__ = _sbss
 *(.bss)
 .bss           0x0000000020000150       0x1c /usr/lib/gcc/arm-none-eabi/9.2.1/thumb/v6-m/nofp/crtbegin.o
 .bss           0x000000002000016c        0x8 /usr/lib/gcc/arm-none-eabi/9.2.1/../../../arm-none-eabi/lib/thumb/v6-m/nofp/libc_nano.a(lib_a-nano-mallocr.o)
                0x000000002000016c                __malloc_free_list
                0x0000000020000170                __malloc_sbrk_start
 .bss           0x0000000020000174      0x108 /usr/lib/gcc/arm-none-eabi/9.2.1/../../../arm-none-eabi/lib/thumb/v6-m/nofp/libc_nano.a(lib_a-on_exit_args.o)
 .bss           0x000000002000027c       0x8c /usr/lib/gcc/arm-none-eabi/9.2.1/../../../arm-none-eabi/lib/thumb/v6-m/nofp/libc_nano.a(lib_a-__atexit.o)
 .bss           0x0000000020000308        0x4 /usr/lib/gcc/arm-none-eabi/9.2.1/../../../arm-none-eabi/lib/thumb/v6-m/nofp/libc_nano.a(lib_a-__call_atexit.o)
                0x0000000020000308                _global_atexit
 .bss           0x000000002000030c        0x4 /usr/lib/gcc/arm-none-eabi/9.2.1/../../../arm-none-eabi/lib/thumb/v6-m/nofp/libnosys.a(sbrk.o)
 *(.bss*)
 .bss._ZGVZN3Pin4makeIN3mcu4Pin_ILNS1_6PeriphE4ELi6EEELNS1_7PinModeE1EEERDavE3pin
                0x0000000020000310        0x4 build/main.o
                0x0000000020000310                guard variable for Pin::make<mcu::Pin_<(mcu::Periph)4, 6>, (mcu::PinMode)1>()::pin
 .bss._ZZN3Pin4makeIN3mcu4Pin_ILNS1_6PeriphE4ELi6EEELNS1_7PinModeE1EEERDavE3pin
                0x0000000020000314        0x8 build/main.o
                0x0000000020000314                Pin::make<mcu::Pin_<(mcu::Periph)4, 6>, (mcu::PinMode)1>()::pin
 .bss._ZGVZN3Pin4makeIN3mcu4Pin_ILNS1_6PeriphE4ELi7EEELNS1_7PinModeE1EEERDavE3pin
                0x000000002000031c        0x4 build/main.o
                0x000000002000031c                guard variable for Pin::make<mcu::Pin_<(mcu::Periph)4, 7>, (mcu::PinMode)1>()::pin
 .bss._ZZN3Pin4makeIN3mcu4Pin_ILNS1_6PeriphE4ELi7EEELNS1_7PinModeE1EEERDavE3pin
                0x0000000020000320        0x8 build/main.o
                0x0000000020000320                Pin::make<mcu::Pin_<(mcu::Periph)4, 7>, (mcu::PinMode)1>()::pin
 .bss._ZGVZN3Pin4makeIN3mcu4Pin_ILNS1_6PeriphE4ELi8EEELNS1_7PinModeE1EEERDavE3pin
                0x0000000020000328        0x4 build/main.o
                0x0000000020000328                guard variable for Pin::make<mcu::Pin_<(mcu::Periph)4, 8>, (mcu::PinMode)1>()::pin
 .bss._ZZN3Pin4makeIN3mcu4Pin_ILNS1_6PeriphE4ELi8EEELNS1_7PinModeE1EEERDavE3pin
                0x000000002000032c        0x8 build/main.o
                0x000000002000032c                Pin::make<mcu::Pin_<(mcu::Periph)4, 8>, (mcu::PinMode)1>()::pin
 .bss._ZGVZN3Pin4makeIN3mcu4Pin_ILNS1_6PeriphE4ELi9EEELNS1_7PinModeE1EEERDavE3pin
                0x0000000020000334        0x4 build/main.o
                0x0000000020000334                guard variable for Pin::make<mcu::Pin_<(mcu::Periph)4, 9>, (mcu::PinMode)1>()::pin
 .bss._ZZN3Pin4makeIN3mcu4Pin_ILNS1_6PeriphE4ELi9EEELNS1_7PinModeE1EEERDavE3pin
                0x0000000020000338        0x8 build/main.o
                0x0000000020000338                Pin::make<mcu::Pin_<(mcu::Periph)4, 9>, (mcu::PinMode)1>()::pin
 .bss._ZGVZN3Pin4makeIN3mcu4Pin_ILNS1_6PeriphE3ELi15EEELNS1_7PinModeE1EEERDavE3pin
                0x0000000020000340        0x4 build/main.o
                0x0000000020000340                guard variable for Pin::make<mcu::Pin_<(mcu::Periph)3, 15>, (mcu::PinMode)1>()::pin
 .bss._ZZN3Pin4makeIN3mcu4Pin_ILNS1_6PeriphE3ELi15EEELNS1_7PinModeE1EEERDavE3pin
                0x0000000020000344        0x8 build/main.o
                0x0000000020000344                Pin::make<mcu::Pin_<(mcu::Periph)3, 15>, (mcu::PinMode)1>()::pin
 .bss._ZGVZN3Pin4makeIN3mcu4Pin_ILNS1_6PeriphE4ELi3EEELNS1_7PinModeE1EEERDavE3pin
                0x000000002000034c        0x4 build/main.o
                0x000000002000034c                guard variable for Pin::make<mcu::Pin_<(mcu::Periph)4, 3>, (mcu::PinMode)1>()::pin
 .bss._ZZN3Pin4makeIN3mcu4Pin_ILNS1_6PeriphE4ELi3EEELNS1_7PinModeE1EEERDavE3pin
                0x0000000020000350        0x8 build/main.o
                0x0000000020000350                Pin::make<mcu::Pin_<(mcu::Periph)4, 3>, (mcu::PinMode)1>()::pin
 .bss._ZGVZN3Pin4makeIN3mcu4Pin_ILNS1_6PeriphE4ELi1EEELNS1_7PinModeE1EEERDavE3pin
                0x0000000020000358        0x4 build/main.o
                0x0000000020000358                guard variable for Pin::make<mcu::Pin_<(mcu::Periph)4, 1>, (mcu::PinMode)1>()::pin
 .bss._ZZN3Pin4makeIN3mcu4Pin_ILNS1_6PeriphE4ELi1EEELNS1_7PinModeE1EEERDavE3pin
                0x000000002000035c        0x8 build/main.o
                0x000000002000035c                Pin::make<mcu::Pin_<(mcu::Periph)4, 1>, (mcu::PinMode)1>()::pin
 .bss._ZGVZN3Pin4makeIN3mcu4Pin_ILNS1_6PeriphE4ELi11EEELNS1_7PinModeE1EEERDavE3pin
                0x0000000020000364        0x4 build/main.o
                0x0000000020000364                guard variable for Pin::make<mcu::Pin_<(mcu::Periph)4, 11>, (mcu::PinMode)1>()::pin
 .bss._ZZN3Pin4makeIN3mcu4Pin_ILNS1_6PeriphE4ELi11EEELNS1_7PinModeE1EEERDavE3pin
                0x0000000020000368        0x8 build/main.o
                0x0000000020000368                Pin::make<mcu::Pin_<(mcu::Periph)4, 11>, (mcu::PinMode)1>()::pin
 .bss._ZGVZN3Pin4makeIN3mcu4Pin_ILNS1_6PeriphE4ELi12EEELNS1_7PinModeE1EEERDavE3pin
                0x0000000020000370        0x4 build/main.o
                0x0000000020000370                guard variable for Pin::make<mcu::Pin_<(mcu::Periph)4, 12>, (mcu::PinMode)1>()::pin
 .bss._ZZN3Pin4makeIN3mcu4Pin_ILNS1_6PeriphE4ELi12EEELNS1_7PinModeE1EEERDavE3pin
                0x0000000020000374        0x8 build/main.o
                0x0000000020000374                Pin::make<mcu::Pin_<(mcu::Periph)4, 12>, (mcu::PinMode)1>()::pin
 .bss._ZGVZN3Pin4makeIN3mcu4Pin_ILNS1_6PeriphE3ELi6EEELNS1_7PinModeE1EEERDavE3pin
                0x000000002000037c        0x4 build/main.o
                0x000000002000037c                guard variable for Pin::make<mcu::Pin_<(mcu::Periph)3, 6>, (mcu::PinMode)1>()::pin
 .bss._ZZN3Pin4makeIN3mcu4Pin_ILNS1_6PeriphE3ELi6EEELNS1_7PinModeE1EEERDavE3pin
                0x0000000020000380        0x8 build/main.o
                0x0000000020000380                Pin::make<mcu::Pin_<(mcu::Periph)3, 6>, (mcu::PinMode)1>()::pin
 .bss._ZGVZN3Pin4makeIN3mcu4Pin_ILNS1_6PeriphE3ELi7EEELNS1_7PinModeE1EEERDavE3pin
                0x0000000020000388        0x4 build/main.o
                0x0000000020000388                guard variable for Pin::make<mcu::Pin_<(mcu::Periph)3, 7>, (mcu::PinMode)1>()::pin
 .bss._ZZN3Pin4makeIN3mcu4Pin_ILNS1_6PeriphE3ELi7EEELNS1_7PinModeE1EEERDavE3pin
                0x000000002000038c        0x8 build/main.o
                0x000000002000038c                Pin::make<mcu::Pin_<(mcu::Periph)3, 7>, (mcu::PinMode)1>()::pin
 .bss._ZGVZN3Pin4makeIN3mcu4Pin_ILNS1_6PeriphE4ELi0EEELNS1_7PinModeE1EEERDavE3pin
                0x0000000020000394        0x4 build/main.o
                0x0000000020000394                guard variable for Pin::make<mcu::Pin_<(mcu::Periph)4, 0>, (mcu::PinMode)1>()::pin
 .bss._ZZN3Pin4makeIN3mcu4Pin_ILNS1_6PeriphE4ELi0EEELNS1_7PinModeE1EEERDavE3pin
                0x0000000020000398        0x8 build/main.o
                0x0000000020000398                Pin::make<mcu::Pin_<(mcu::Periph)4, 0>, (mcu::PinMode)1>()::pin
 .bss._ZGVZN3Pin4makeIN3mcu4Pin_ILNS1_6PeriphE4ELi2EEELNS1_7PinModeE1EEERDavE3pin
                0x00000000200003a0        0x4 build/main.o
                0x00000000200003a0                guard variable for Pin::make<mcu::Pin_<(mcu::Periph)4, 2>, (mcu::PinMode)1>()::pin
 .bss._ZZN3Pin4makeIN3mcu4Pin_ILNS1_6PeriphE4ELi2EEELNS1_7PinModeE1EEERDavE3pin
                0x00000000200003a4        0x8 build/main.o
                0x00000000200003a4                Pin::make<mcu::Pin_<(mcu::Periph)4, 2>, (mcu::PinMode)1>()::pin
 .bss._ZGVZN3Pin4makeIN3mcu4Pin_ILNS1_6PeriphE4ELi10EEELNS1_7PinModeE1EEERDavE3pin
                0x00000000200003ac        0x4 build/main.o
                0x00000000200003ac                guard variable for Pin::make<mcu::Pin_<(mcu::Periph)4, 10>, (mcu::PinMode)1>()::pin
 .bss._ZZN3Pin4makeIN3mcu4Pin_ILNS1_6PeriphE4ELi10EEELNS1_7PinModeE1EEERDavE3pin
                0x00000000200003b0        0x8 build/main.o
                0x00000000200003b0                Pin::make<mcu::Pin_<(mcu::Periph)4, 10>, (mcu::PinMode)1>()::pin
 .bss._ZGVZN11ADC_channel4makeIN3mcu4Pin_ILNS1_6PeriphE3ELi0EEEEERS_vE3res
                0x00000000200003b8        0x4 build/main.o
                0x00000000200003b8                guard variable for ADC_channel::make<mcu::Pin_<(mcu::Periph)3, 0> >()::res
 .bss._ZZN11ADC_channel4makeIN3mcu4Pin_ILNS1_6PeriphE3ELi0EEEEERS_vE3res
                0x00000000200003bc       0x14 build/main.o
                0x00000000200003bc                ADC_channel::make<mcu::Pin_<(mcu::Periph)3, 0> >()::res
 .bss._ZGVZN3Pin4makeIN3mcu4Pin_ILNS1_6PeriphE3ELi0EEELNS1_7PinModeE2EEERDavE3pin
                0x00000000200003d0        0x4 build/main.o
                0x00000000200003d0                guard variable for Pin::make<mcu::Pin_<(mcu::Periph)3, 0>, (mcu::PinMode)2>()::pin
 .bss._ZZN3Pin4makeIN3mcu4Pin_ILNS1_6PeriphE3ELi0EEELNS1_7PinModeE2EEERDavE3pin
                0x00000000200003d4        0x8 build/main.o
                0x00000000200003d4                Pin::make<mcu::Pin_<(mcu::Periph)3, 0>, (mcu::PinMode)2>()::pin
 .bss._ZGVZN3Pin4makeIN3mcu4Pin_ILNS1_6PeriphE3ELi12EEELNS1_7PinModeE0EEERDavE3pin
                0x00000000200003dc        0x4 build/main.o
                0x00000000200003dc                guard variable for Pin::make<mcu::Pin_<(mcu::Periph)3, 12>, (mcu::PinMode)0>()::pin
 .bss._ZZN3Pin4makeIN3mcu4Pin_ILNS1_6PeriphE3ELi12EEELNS1_7PinModeE0EEERDavE3pin
                0x00000000200003e0        0x8 build/main.o
                0x00000000200003e0                Pin::make<mcu::Pin_<(mcu::Periph)3, 12>, (mcu::PinMode)0>()::pin
 .bss._ZGVZN3Pin4makeIN3mcu4Pin_ILNS1_6PeriphE4ELi13EEELNS1_7PinModeE0EEERDavE3pin
                0x00000000200003e8        0x4 build/main.o
                0x00000000200003e8                guard variable for Pin::make<mcu::Pin_<(mcu::Periph)4, 13>, (mcu::PinMode)0>()::pin
 .bss._ZZN3Pin4makeIN3mcu4Pin_ILNS1_6PeriphE4ELi13EEELNS1_7PinModeE0EEERDavE3pin
                0x00000000200003ec        0x8 build/main.o
                0x00000000200003ec                Pin::make<mcu::Pin_<(mcu::Periph)4, 13>, (mcu::PinMode)0>()::pin
 .bss._ZGVZN3Pin4makeIN3mcu4Pin_ILNS1_6PeriphE7ELi7EEELNS1_7PinModeE0EEERDavE3pin
                0x00000000200003f4        0x4 build/main.o
                0x00000000200003f4                guard variable for Pin::make<mcu::Pin_<(mcu::Periph)7, 7>, (mcu::PinMode)0>()::pin
 .bss._ZZN3Pin4makeIN3mcu4Pin_ILNS1_6PeriphE7ELi7EEELNS1_7PinModeE0EEERDavE3pin
                0x00000000200003f8        0x8 build/main.o
                0x00000000200003f8                Pin::make<mcu::Pin_<(mcu::Periph)7, 7>, (mcu::PinMode)0>()::pin
 .bss._ZGVZN3Pin4makeIN3mcu4Pin_ILNS1_6PeriphE3ELi10EEELNS1_7PinModeE0EEERDavE3pin
                0x0000000020000400        0x4 build/main.o
                0x0000000020000400                guard variable for Pin::make<mcu::Pin_<(mcu::Periph)3, 10>, (mcu::PinMode)0>()::pin
 .bss._ZZN3Pin4makeIN3mcu4Pin_ILNS1_6PeriphE3ELi10EEELNS1_7PinModeE0EEERDavE3pin
                0x0000000020000404        0x8 build/main.o
                0x0000000020000404                Pin::make<mcu::Pin_<(mcu::Periph)3, 10>, (mcu::PinMode)0>()::pin
 .bss._ZGVZN3Pin4makeIN3mcu4Pin_ILNS1_6PeriphE3ELi11EEELNS1_7PinModeE0EEERDavE3pin
                0x000000002000040c        0x4 build/main.o
                0x000000002000040c                guard variable for Pin::make<mcu::Pin_<(mcu::Periph)3, 11>, (mcu::PinMode)0>()::pin
 .bss._ZZN3Pin4makeIN3mcu4Pin_ILNS1_6PeriphE3ELi11EEELNS1_7PinModeE0EEERDavE3pin
                0x0000000020000410        0x8 build/main.o
                0x0000000020000410                Pin::make<mcu::Pin_<(mcu::Periph)3, 11>, (mcu::PinMode)0>()::pin
 .bss._ZGVZN3Pin4makeIN3mcu4Pin_ILNS1_6PeriphE4ELi4EEELNS1_7PinModeE0EEERDavE3pin
                0x0000000020000418        0x4 build/main.o
                0x0000000020000418                guard variable for Pin::make<mcu::Pin_<(mcu::Periph)4, 4>, (mcu::PinMode)0>()::pin
 .bss._ZZN3Pin4makeIN3mcu4Pin_ILNS1_6PeriphE4ELi4EEELNS1_7PinModeE0EEERDavE3pin
                0x000000002000041c        0x8 build/main.o
                0x000000002000041c                Pin::make<mcu::Pin_<(mcu::Periph)4, 4>, (mcu::PinMode)0>()::pin
 .bss._ZGVZN3Pin4makeIN3mcu4Pin_ILNS1_6PeriphE4ELi5EEELNS1_7PinModeE0EEERDavE3pin
                0x0000000020000424        0x4 build/main.o
                0x0000000020000424                guard variable for Pin::make<mcu::Pin_<(mcu::Periph)4, 5>, (mcu::PinMode)0>()::pin
 .bss._ZZN3Pin4makeIN3mcu4Pin_ILNS1_6PeriphE4ELi5EEELNS1_7PinModeE0EEERDavE3pin
                0x0000000020000428        0x8 build/main.o
                0x0000000020000428                Pin::make<mcu::Pin_<(mcu::Periph)4, 5>, (mcu::PinMode)0>()::pin
 .bss._ZGVZN3Pin4makeIN3mcu4Pin_ILNS1_6PeriphE7ELi6EEELNS1_7PinModeE1EEERDavE3pin
                0x0000000020000430        0x4 build/main.o
                0x0000000020000430                guard variable for Pin::make<mcu::Pin_<(mcu::Periph)7, 6>, (mcu::PinMode)1>()::pin
 .bss._ZZN3Pin4makeIN3mcu4Pin_ILNS1_6PeriphE7ELi6EEELNS1_7PinModeE1EEERDavE3pin
                0x0000000020000434        0x8 build/main.o
                0x0000000020000434                Pin::make<mcu::Pin_<(mcu::Periph)7, 6>, (mcu::PinMode)1>()::pin
 .bss._ZGVZN3Pin4makeIN3mcu4Pin_ILNS1_6PeriphE3ELi5EEELNS1_7PinModeE1EEERDavE3pin
                0x000000002000043c        0x4 build/main.o
                0x000000002000043c                guard variable for Pin::make<mcu::Pin_<(mcu::Periph)3, 5>, (mcu::PinMode)1>()::pin
 .bss._ZZN3Pin4makeIN3mcu4Pin_ILNS1_6PeriphE3ELi5EEELNS1_7PinModeE1EEERDavE3pin
                0x0000000020000440        0x8 build/main.o
                0x0000000020000440                Pin::make<mcu::Pin_<(mcu::Periph)3, 5>, (mcu::PinMode)1>()::pin
 .bss._ZGVZN3Pin4makeIN3mcu4Pin_ILNS1_6PeriphE3ELi4EEELNS1_7PinModeE1EEERDavE3pin
                0x0000000020000448        0x4 build/main.o
                0x0000000020000448                guard variable for Pin::make<mcu::Pin_<(mcu::Periph)3, 4>, (mcu::PinMode)1>()::pin
 .bss._ZZN3Pin4makeIN3mcu4Pin_ILNS1_6PeriphE3ELi4EEELNS1_7PinModeE1EEERDavE3pin
                0x000000002000044c        0x8 build/main.o
                0x000000002000044c                Pin::make<mcu::Pin_<(mcu::Periph)3, 4>, (mcu::PinMode)1>()::pin
 .bss._ZGVZN3Pin4makeIN3mcu4Pin_ILNS1_6PeriphE3ELi3EEELNS1_7PinModeE1EEERDavE3pin
                0x0000000020000454        0x4 build/main.o
                0x0000000020000454                guard variable for Pin::make<mcu::Pin_<(mcu::Periph)3, 3>, (mcu::PinMode)1>()::pin
 .bss._ZZN3Pin4makeIN3mcu4Pin_ILNS1_6PeriphE3ELi3EEELNS1_7PinModeE1EEERDavE3pin
                0x0000000020000458        0x8 build/main.o
                0x0000000020000458                Pin::make<mcu::Pin_<(mcu::Periph)3, 3>, (mcu::PinMode)1>()::pin
 .bss._ZGVZN3Pin4makeIN3mcu4Pin_ILNS1_6PeriphE3ELi2EEELNS1_7PinModeE1EEERDavE3pin
                0x0000000020000460        0x4 build/main.o
                0x0000000020000460                guard variable for Pin::make<mcu::Pin_<(mcu::Periph)3, 2>, (mcu::PinMode)1>()::pin
 .bss._ZZN3Pin4makeIN3mcu4Pin_ILNS1_6PeriphE3ELi2EEELNS1_7PinModeE1EEERDavE3pin
                0x0000000020000464        0x8 build/main.o
                0x0000000020000464                Pin::make<mcu::Pin_<(mcu::Periph)3, 2>, (mcu::PinMode)1>()::pin
 .bss._ZGVZN3Pin4makeIN3mcu4Pin_ILNS1_6PeriphE5ELi13EEELNS1_7PinModeE0EEERDavE3pin
                0x000000002000046c        0x4 build/main.o
                0x000000002000046c                guard variable for Pin::make<mcu::Pin_<(mcu::Periph)5, 13>, (mcu::PinMode)0>()::pin
 .bss._ZZN3Pin4makeIN3mcu4Pin_ILNS1_6PeriphE5ELi13EEELNS1_7PinModeE0EEERDavE3pin
                0x0000000020000470        0x8 build/main.o
                0x0000000020000470                Pin::make<mcu::Pin_<(mcu::Periph)5, 13>, (mcu::PinMode)0>()::pin
 .bss._ZGVZN3Pin4makeIN3mcu4Pin_ILNS1_6PeriphE5ELi14EEELNS1_7PinModeE0EEERDavE3pin
                0x0000000020000478        0x4 build/main.o
                0x0000000020000478                guard variable for Pin::make<mcu::Pin_<(mcu::Periph)5, 14>, (mcu::PinMode)0>()::pin
 .bss._ZZN3Pin4makeIN3mcu4Pin_ILNS1_6PeriphE5ELi14EEELNS1_7PinModeE0EEERDavE3pin
                0x000000002000047c        0x8 build/main.o
                0x000000002000047c                Pin::make<mcu::Pin_<(mcu::Periph)5, 14>, (mcu::PinMode)0>()::pin
 .bss._ZGVZN11ADC_average4makeILN3mcu6PeriphE15ELS2_30EEERS_jE3res
                0x0000000020000484        0x4 build/main.o
                0x0000000020000484                guard variable for ADC_average::make<(mcu::Periph)15, (mcu::Periph)30>(unsigned int)::res
 .bss._ZZN11ADC_average4makeILN3mcu6PeriphE15ELS2_30EEERS_jE3res
                0x0000000020000488       0x40 build/main.o
                0x0000000020000488                ADC_average::make<(mcu::Periph)15, (mcu::Periph)30>(unsigned int)::res
 .bss._ZGVZN11Mode_switch4makeIN3mcu4Pin_ILNS1_6PeriphE4ELi14EEENS2_ILS3_4ELi15EEENS2_ILS3_3ELi9EEEEERDavE11mode_switch
                0x00000000200004c8        0x4 build/main.o
                0x00000000200004c8                guard variable for Mode_switch::make<mcu::Pin_<(mcu::Periph)4, 14>, mcu::Pin_<(mcu::Periph)4, 15>, mcu::Pin_<(mcu::Periph)3, 9> >()::mode_switch
 .bss._ZZN11Mode_switch4makeIN3mcu4Pin_ILNS1_6PeriphE4ELi14EEENS2_ILS3_4ELi15EEENS2_ILS3_3ELi9EEEEERDavE11mode_switch
                0x00000000200004cc       0x10 build/main.o
                0x00000000200004cc                Mode_switch::make<mcu::Pin_<(mcu::Periph)4, 14>, mcu::Pin_<(mcu::Periph)4, 15>, mcu::Pin_<(mcu::Periph)3, 9> >()::mode_switch
 .bss._ZGVZN3Pin4makeIN3mcu4Pin_ILNS1_6PeriphE3ELi9EEELNS1_7PinModeE1EEERDavE3pin
                0x00000000200004dc        0x4 build/main.o
                0x00000000200004dc                guard variable for Pin::make<mcu::Pin_<(mcu::Periph)3, 9>, (mcu::PinMode)1>()::pin
 .bss._ZZN3Pin4makeIN3mcu4Pin_ILNS1_6PeriphE3ELi9EEELNS1_7PinModeE1EEERDavE3pin
                0x00000000200004e0        0x8 build/main.o
                0x00000000200004e0                Pin::make<mcu::Pin_<(mcu::Periph)3, 9>, (mcu::PinMode)1>()::pin
 .bss._ZGVZN3Pin4makeIN3mcu4Pin_ILNS1_6PeriphE4ELi15EEELNS1_7PinModeE1EEERDavE3pin
                0x00000000200004e8        0x4 build/main.o
                0x00000000200004e8                guard variable for Pin::make<mcu::Pin_<(mcu::Periph)4, 15>, (mcu::PinMode)1>()::pin
 .bss._ZZN3Pin4makeIN3mcu4Pin_ILNS1_6PeriphE4ELi15EEELNS1_7PinModeE1EEERDavE3pin
                0x00000000200004ec        0x8 build/main.o
                0x00000000200004ec                Pin::make<mcu::Pin_<(mcu::Periph)4, 15>, (mcu::PinMode)1>()::pin
 .bss._ZGVZN3Pin4makeIN3mcu4Pin_ILNS1_6PeriphE4ELi14EEELNS1_7PinModeE1EEERDavE3pin
                0x00000000200004f4        0x4 build/main.o
                0x00000000200004f4                guard variable for Pin::make<mcu::Pin_<(mcu::Periph)4, 14>, (mcu::PinMode)1>()::pin
 .bss._ZZN3Pin4makeIN3mcu4Pin_ILNS1_6PeriphE4ELi14EEELNS1_7PinModeE1EEERDavE3pin
                0x00000000200004f8        0x8 build/main.o
                0x00000000200004f8                Pin::make<mcu::Pin_<(mcu::Periph)4, 14>, (mcu::PinMode)1>()::pin
 .bss._ZGVZN3PWM4makeILN3mcu6PeriphE17ENS1_4Pin_ILS2_3ELi8EEEEERDatE3pwm
                0x0000000020000500        0x4 build/main.o
                0x0000000020000500                guard variable for PWM::make<(mcu::Periph)17, mcu::Pin_<(mcu::Periph)3, 8> >(unsigned short)::pwm
 .bss._ZZN3PWM4makeILN3mcu6PeriphE17ENS1_4Pin_ILS2_3ELi8EEEEERDatE3pwm
                0x0000000020000504       0x20 build/main.o
                0x0000000020000504                PWM::make<(mcu::Periph)17, mcu::Pin_<(mcu::Periph)3, 8> >(unsigned short)::pwm
 .bss._ZGVZN3Pin4makeIN3mcu4Pin_ILNS1_6PeriphE3ELi8EEELNS1_7PinModeE5EEERDavE3pin
                0x0000000020000524        0x4 build/main.o
                0x0000000020000524                guard variable for Pin::make<mcu::Pin_<(mcu::Periph)3, 8>, (mcu::PinMode)5>()::pin
 .bss._ZZN3Pin4makeIN3mcu4Pin_ILNS1_6PeriphE3ELi8EEELNS1_7PinModeE5EEERDavE3pin
                0x0000000020000528        0x8 build/main.o
                0x0000000020000528                Pin::make<mcu::Pin_<(mcu::Periph)3, 8>, (mcu::PinMode)5>()::pin
 .bss.heap      0x0000000020000530      0x108 build/main.o
                0x0000000020000530                heap
 .bss.interrupt_DMA1_channel1
                0x0000000020000638        0x8 build/main.o
                0x0000000020000638                interrupt_DMA1_channel1
 .bss.interrupt_DMA1_channel2
                0x0000000020000640        0x8 build/main.o
                0x0000000020000640                interrupt_DMA1_channel2
 .bss.interrupt_DMA1_channel3
                0x0000000020000648        0x8 build/main.o
                0x0000000020000648                interrupt_DMA1_channel3
 .bss.interrupt_DMA1_channel4
                0x0000000020000650        0x8 build/main.o
                0x0000000020000650                interrupt_DMA1_channel4
 .bss.interrupt_DMA1_channel5
                0x0000000020000658        0x8 build/main.o
                0x0000000020000658                interrupt_DMA1_channel5
 .bss.interrupt_EXTI0
                0x0000000020000660        0x8 build/main.o
                0x0000000020000660                interrupt_EXTI0
 .bss.interrupt_EXTI1
                0x0000000020000668        0x8 build/main.o
                0x0000000020000668                interrupt_EXTI1
 .bss.interrupt_EXTI10
                0x0000000020000670        0x8 build/main.o
                0x0000000020000670                interrupt_EXTI10
 .bss.interrupt_EXTI11
                0x0000000020000678        0x8 build/main.o
                0x0000000020000678                interrupt_EXTI11
 .bss.interrupt_EXTI12
                0x0000000020000680        0x8 build/main.o
                0x0000000020000680                interrupt_EXTI12
 .bss.interrupt_EXTI13
                0x0000000020000688        0x8 build/main.o
                0x0000000020000688                interrupt_EXTI13
 .bss.interrupt_EXTI14
                0x0000000020000690        0x8 build/main.o
                0x0000000020000690                interrupt_EXTI14
 .bss.interrupt_EXTI15
                0x0000000020000698        0x8 build/main.o
                0x0000000020000698                interrupt_EXTI15
 .bss.interrupt_EXTI2
                0x00000000200006a0        0x8 build/main.o
                0x00000000200006a0                interrupt_EXTI2
 .bss.interrupt_EXTI3
                0x00000000200006a8        0x8 build/main.o
                0x00000000200006a8                interrupt_EXTI3
 .bss.interrupt_EXTI4
                0x00000000200006b0        0x8 build/main.o
                0x00000000200006b0                interrupt_EXTI4
 .bss.interrupt_EXTI5
                0x00000000200006b8        0x8 build/main.o
                0x00000000200006b8                interrupt_EXTI5
 .bss.interrupt_EXTI6
                0x00000000200006c0        0x8 build/main.o
                0x00000000200006c0                interrupt_EXTI6
 .bss.interrupt_EXTI7
                0x00000000200006c8        0x8 build/main.o
                0x00000000200006c8                interrupt_EXTI7
 .bss.interrupt_EXTI8
                0x00000000200006d0        0x8 build/main.o
                0x00000000200006d0                interrupt_EXTI8
 .bss.interrupt_EXTI9
                0x00000000200006d8        0x8 build/main.o
                0x00000000200006d8                interrupt_EXTI9
 .bss.interrupt_rtc
                0x00000000200006e0        0x8 build/main.o
                0x00000000200006e0                interrupt_rtc
 .bss.interrupt_spi1
                0x00000000200006e8        0x8 build/main.o
                0x00000000200006e8                interrupt_spi1
 .bss.interrupt_tim1
                0x00000000200006f0        0x8 build/main.o
                0x00000000200006f0                interrupt_tim1
 .bss.interrupt_tim3
                0x00000000200006f8        0x8 build/main.o
                0x00000000200006f8                interrupt_tim3
 .bss.interrupt_usart1
                0x0000000020000700        0x8 build/main.o
                0x0000000020000700                interrupt_usart1
 .bss.tickUpdater
                0x0000000020000708       0x18 build/main.o
                0x0000000020000708                tickUpdater
 *(COMMON)
 COMMON         0x0000000020000720        0x4 /usr/lib/gcc/arm-none-eabi/9.2.1/../../../arm-none-eabi/lib/thumb/v6-m/nofp/libc_nano.a(lib_a-reent.o)
                0x0000000020000720                errno
                0x0000000020000724                . = ALIGN (0x4)
                0x0000000020000724                _ebss = .
                0x0000000020000724                __bss_end__ = _ebss

._user_heap_stack
                0x0000000020000724      0x604 load address 0x0000000008004c80
                0x0000000020000728                . = ALIGN (0x8)
 *fill*         0x0000000020000724        0x4 
                0x0000000020000728                PROVIDE (end = .)
                [!provide]                        PROVIDE (_end = .)
                0x0000000020000928                . = (. + _Min_Heap_Size)
 *fill*         0x0000000020000728      0x200 
                0x0000000020000d28                . = (. + _Min_Stack_Size)
 *fill*         0x0000000020000928      0x400 
                0x0000000020000d28                . = ALIGN (0x8)

/DISCARD/
 libc.a(*)
 libm.a(*)
 libgcc.a(*)

.ARM.attributes
                0x0000000000000000       0x28
 *(.ARM.attributes)
 .ARM.attributes
                0x0000000000000000       0x1e /usr/lib/gcc/arm-none-eabi/9.2.1/thumb/v6-m/nofp/crti.o
 .ARM.attributes
                0x000000000000001e       0x2c /usr/lib/gcc/arm-none-eabi/9.2.1/thumb/v6-m/nofp/crtbegin.o
 .ARM.attributes
                0x000000000000004a       0x2c build/main.o
 .ARM.attributes
                0x0000000000000076       0x21 build/startup_stm32f030x6.o
 .ARM.attributes
                0x0000000000000097       0x2c /usr/lib/gcc/arm-none-eabi/9.2.1/../../../arm-none-eabi/lib/thumb/v6-m/nofp/libstdc++_nano.a(atexit_arm.o)
 .ARM.attributes